I/LocationManagerService(  303): request passive (pid 3854) 0 0
W/ThrottleService(  303): unable to find stats for iface rmnet0
I/SystemUpdateService(  525): download in progress: [id: 8 compl: true succ: true bytes: 77928398 reason: 0 fn: /cache/e587de13bf8a.signed-takju-JOP40C-from-JZO54K.e587de13.zip]
I/SystemUpdateService(  525): file has been verified
I/SystemUpdateService(  525): OTA package size = 77928398
I/ActivityManager(  303): START {flg=0x10040000 cmp=com.google.android.gsf/.update.SystemUpdateInstallDialog u=0} from pid 525
V/SystemUpdateService(  525): retry (wakeup: true) in 1799999 ms
I/SystemUpdateService(  525): download in progress: [id: 8 compl: true succ: true bytes: 77928398 reason: 0 fn: /cache/e587de13bf8a.signed-takju-JOP40C-from-JZO54K.e587de13.zip]
I/SystemUpdateService(  525): file has been verified
I/SystemUpdateService(  525): OTA package size = 77928398
I/ActivityManager(  303): START {flg=0x10040000 cmp=com.google.android.gsf/.update.SystemUpdateInstallDialog u=0} from pid 525
V/SystemUpdateService(  525): retry (wakeup: true) in 1799999 ms
I/ActivityManager(  303): Start proc com.google.android.calendar for broadcast com.google.android.calendar/com.android.calendar.widget.CalendarAppWidgetService$CalendarFactory: pid=5220 uid=10007 gids={3003, 1028}
I/ActivityThread( 5220): Pub com.google.android.calendar.CalendarRecentSuggestionsProvider: com.android.calendar.CalendarRecentSuggestionsProvider
I/ActivityManager(  303): No longer want com.google.android.apps.maps:GoogleLocationService (pid 3854): hidden #16
I/LocationManagerService(  303): remove passive (pid 303), next minTime = 0
I/ActivityManager(  303): Start proc com.android.providers.calendar for content provider com.android.providers.calendar/.CalendarProvider2: pid=5236 uid=10008 gids={3003, 1015, 1028}
W/ActivityManager(  303): Scheduling restart of crashed service com.google.android.apps.maps/com.google.android.location.internal.server.GoogleLocationService in 5000ms
I/ActivityManager(  303): No longer want com.android.musicfx (pid 3795): hidden #16
I/ActivityThread( 5236): Pub com.android.calendar: com.android.providers.calendar.CalendarProvider2
I/CalendarProvider2( 5236): Sending notification intent: Intent { act=android.intent.action.PROVIDER_CHANGED dat=content://com.android.calendar }
W/ContentResolver( 5236): Failed to get type for: content://com.android.calendar (Unknown URL content://com.android.calendar)
D/AlertReceiver( 5220): onReceive: a=android.intent.action.PROVIDER_CHANGED Intent { act=android.intent.action.PROVIDER_CHANGED dat=content://com.android.calendar flg=0x10 cmp=com.google.android.calendar/com.android.calendar.alerts.AlertReceiver }
W/ThrottleService(  303): unable to find stats for iface rmnet0
D/AlertService( 5220): 0 Action = android.intent.action.PROVIDER_CHANGED
D/AlertService( 5220): Beginning updateAlertNotification
D/AlertService( 5220): No fired or scheduled alerts
I/EventLogService(  525): Aggregate from 1359416108650 (log), 1359416108650 (data)
I/ServiceDumpSys(  525): dumping service [account]
D/dalvikvm(  303): GC_CONCURRENT freed 1822K, 14% free 20255K/23495K, paused 4ms+9ms, total 86ms
E/WalletApplication( 3991): Wallet 173 version too old to run, quitting!
W/ThrottleService(  303): unable to find stats for iface rmnet0
I/ActivityManager(  303): Start proc com.google.android.apps.maps:GoogleLocationService for service com.google.android.apps.maps/com.google.android.location.internal.server.GoogleLocationService: pid=5285 uid=10033 gids={3003, 1015, 1028}
D/dalvikvm( 5285): GC_CONCURRENT freed 168K, 2% free 11072K/11271K, paused 14ms+3ms, total 45ms
D/dalvikvm( 5285): WAIT_FOR_CONCURRENT_GC blocked 6ms
D/dalvikvm( 5285): GC_CONCURRENT freed 143K, 2% free 11430K/11655K, paused 13ms+2ms, total 31ms
D/dalvikvm( 5285): GC_CONCURRENT freed 152K, 2% free 11761K/11975K, paused 12ms+13ms, total 60ms
D/dalvikvm( 5285): GC_CONCURRENT freed 150K, 2% free 12148K/12359K, paused 12ms+19ms, total 67ms
D/dalvikvm(  525): WAIT_FOR_CONCURRENT_GC blocked 0ms
D/dalvikvm(  525): GC_EXPLICIT freed 236K, 5% free 12067K/12679K, paused 2ms+4ms, total 38ms
D/dalvikvm( 5285): GC_CONCURRENT freed 260K, 3% free 12446K/12743K, paused 13ms+3ms, total 75ms
D/dalvikvm( 5285): WAIT_FOR_CONCURRENT_GC blocked 7ms
D/dalvikvm( 5285): GC_CONCURRENT freed 169K, 2% free 12850K/13063K, paused 2ms+14ms, total 42ms
I/LocationManagerService(  303): request passive (pid 5285) 0 0
D/dalvikvm( 5285): GC_CONCURRENT freed 864K, 7% free 12636K/13575K, paused 13ms+3ms, total 46ms
D/dalvikvm(  303): WAIT_FOR_CONCURRENT_GC blocked 0ms
D/dalvikvm(  303): GC_EXPLICIT freed 326K, 15% free 20108K/23495K, paused 3ms+7ms, total 80ms
D/dalvikvm( 5285): GC_CONCURRENT freed 349K, 6% free 12811K/13575K, paused 13ms+13ms, total 64ms
I/SystemUpdateService(  525): download in progress: [id: 8 compl: true succ: true bytes: 77928398 reason: 0 fn: /cache/e587de13bf8a.signed-takju-JOP40C-from-JZO54K.e587de13.zip]
I/SystemUpdateService(  525): file has been verified
I/SystemUpdateService(  525): OTA package size = 77928398
I/ActivityManager(  303): START {flg=0x10040000 cmp=com.google.android.gsf/.update.SystemUpdateInstallDialog u=0} from pid 525
V/SystemUpdateService(  525): retry (wakeup: true) in 1799999 ms
I/SystemUpdateService(  525): download in progress: [id: 8 compl: true succ: true bytes: 77928398 reason: 0 fn: /cache/e587de13bf8a.signed-takju-JOP40C-from-JZO54K.e587de13.zip]
I/SystemUpdateService(  525): file has been verified
I/SystemUpdateService(  525): OTA package size = 77928398
I/ActivityManager(  303): START {flg=0x10040000 cmp=com.google.android.gsf/.update.SystemUpdateInstallDialog u=0} from pid 525
V/SystemUpdateService(  525): retry (wakeup: true) in 1799999 ms
W/ThrottleService(  303): unable to find stats for iface rmnet0
I/EventLogService(  525): Aggregate from 1359417908759 (log), 1359417908759 (data)
I/ServiceDumpSys(  525): dumping service [account]
E/WalletApplication( 3991): Wallet 173 version too old to run, quitting!
W/ThrottleService(  303): unable to find stats for iface rmnet0
I/SystemUpdateService(  525): download in progress: [id: 8 compl: true succ: true bytes: 77928398 reason: 0 fn: /cache/e587de13bf8a.signed-takju-JOP40C-from-JZO54K.e587de13.zip]
I/SystemUpdateService(  525): file has been verified
I/SystemUpdateService(  525): OTA package size = 77928398
I/ActivityManager(  303): START {flg=0x10040000 cmp=com.google.android.gsf/.update.SystemUpdateInstallDialog u=0} from pid 525
V/SystemUpdateService(  525): retry (wakeup: true) in 1799998 ms
I/SystemUpdateService(  525): download in progress: [id: 8 compl: true succ: true bytes: 77928398 reason: 0 fn: /cache/e587de13bf8a.signed-takju-JOP40C-from-JZO54K.e587de13.zip]
I/SystemUpdateService(  525): file has been verified
I/SystemUpdateService(  525): OTA package size = 77928398
I/ActivityManager(  303): START {flg=0x10040000 cmp=com.google.android.gsf/.update.SystemUpdateInstallDialog u=0} from pid 525
V/SystemUpdateService(  525): retry (wakeup: true) in 1799999 ms
W/ThrottleService(  303): unable to find stats for iface rmnet0
D/dalvikvm( 3635): GC_CONCURRENT freed 237K, 3% free 12798K/13127K, paused 13ms+3ms, total 278ms
I/EventLogService(  525): Aggregate from 1359419708918 (log), 1359419708918 (data)
D/dalvikvm(  525): GC_FOR_ALLOC freed 326K, 5% free 12086K/12679K, paused 24ms, total 24ms
I/ServiceDumpSys(  525): dumping service [account]
E/WalletApplication( 3991): Wallet 173 version too old to run, quitting!
W/ThrottleService(  303): unable to find stats for iface rmnet0
I/SystemUpdateService(  525): download in progress: [id: 8 compl: true succ: true bytes: 77928398 reason: 0 fn: /cache/e587de13bf8a.signed-takju-JOP40C-from-JZO54K.e587de13.zip]
I/SystemUpdateService(  525): file has been verified
I/SystemUpdateService(  525): OTA package size = 77928398
I/ActivityManager(  303): START {flg=0x10040000 cmp=com.google.android.gsf/.update.SystemUpdateInstallDialog u=0} from pid 525
V/SystemUpdateService(  525): retry (wakeup: true) in 1799999 ms
I/SystemUpdateService(  525): download in progress: [id: 8 compl: true succ: true bytes: 77928398 reason: 0 fn: /cache/e587de13bf8a.signed-takju-JOP40C-from-JZO54K.e587de13.zip]
I/SystemUpdateService(  525): file has been verified
I/SystemUpdateService(  525): OTA package size = 77928398
I/ActivityManager(  303): START {flg=0x10040000 cmp=com.google.android.gsf/.update.SystemUpdateInstallDialog u=0} from pid 525
V/SystemUpdateService(  525): retry (wakeup: true) in 1799999 ms
W/ThrottleService(  303): unable to find stats for iface rmnet0
I/EventLogService(  525): Aggregate from 1359421509024 (log), 1359421509024 (data)
I/ServiceDumpSys(  525): dumping service [account]
E/WalletApplication( 3991): Wallet 173 version too old to run, quitting!
D/dalvikvm( 3991): GC_CONCURRENT freed 354K, 4% free 11209K/11655K, paused 5ms+2ms, total 366ms
W/ThrottleService(  303): unable to find stats for iface rmnet0
I/SystemUpdateService(  525): download in progress: [id: 8 compl: true succ: true bytes: 77928398 reason: 0 fn: /cache/e587de13bf8a.signed-takju-JOP40C-from-JZO54K.e587de13.zip]
I/SystemUpdateService(  525): file has been verified
I/SystemUpdateService(  525): OTA package size = 77928398
I/ActivityManager(  303): START {flg=0x10040000 cmp=com.google.android.gsf/.update.SystemUpdateInstallDialog u=0} from pid 525
D/dalvikvm(  525): GC_FOR_ALLOC freed 316K, 5% free 12068K/12679K, paused 24ms, total 24ms
V/SystemUpdateService(  525): retry (wakeup: true) in 1799999 ms
I/SystemUpdateService(  525): download in progress: [id: 8 compl: true succ: true bytes: 77928398 reason: 0 fn: /cache/e587de13bf8a.signed-takju-JOP40C-from-JZO54K.e587de13.zip]
I/SystemUpdateService(  525): file has been verified
I/SystemUpdateService(  525): OTA package size = 77928398
I/ActivityManager(  303): START {flg=0x10040000 cmp=com.google.android.gsf/.update.SystemUpdateInstallDialog u=0} from pid 525
V/SystemUpdateService(  525): retry (wakeup: true) in 1799999 ms
W/ThrottleService(  303): unable to find stats for iface rmnet0
I/EventLogService(  525): Aggregate from 1359423309165 (log), 1359423309165 (data)
I/ServiceDumpSys(  525): dumping service [account]
E/WalletApplication( 3991): Wallet 173 version too old to run, quitting!
D/dalvikvm(  303): GC_CONCURRENT freed 1834K, 14% free 20225K/23495K, paused 15ms+8ms, total 93ms
W/ThrottleService(  303): unable to find stats for iface rmnet0
W/CallerInfoCache(  461): Previous cache task is remaining.
I/ActivityManager(  303): Start proc android.process.acore for content provider com.android.providers.contacts/.ContactsProvider2: pid=5635 uid=10000 gids={3003, 1015, 1028}
I/ActivityThread( 5635): Pub com.android.voicemail: com.android.providers.contacts.VoicemailContentProvider
I/ActivityThread( 5635): Pub user_dictionary: com.android.providers.userdictionary.UserDictionaryProvider
I/ActivityThread( 5635): Pub applications: com.android.providers.applications.ApplicationsProvider
I/ActivityThread( 5635): Pub contacts;com.android.contacts: com.android.providers.contacts.ContactsProvider2
I/ActivityThread( 5635): Pub call_log: com.android.providers.contacts.CallLogProvider
D/dalvikvm( 5635): GC_CONCURRENT freed 234K, 3% free 10948K/11271K, paused 14ms+3ms, total 34ms
I/SystemUpdateService(  525): download in progress: [id: 8 compl: true succ: true bytes: 77928398 reason: 0 fn: /cache/e587de13bf8a.signed-takju-JOP40C-from-JZO54K.e587de13.zip]
I/SystemUpdateService(  525): file has been verified
I/SystemUpdateService(  525): OTA package size = 77928398
I/ActivityManager(  303): START {flg=0x10040000 cmp=com.google.android.gsf/.update.SystemUpdateInstallDialog u=0} from pid 525
V/SystemUpdateService(  525): retry (wakeup: true) in 1800000 ms
I/SystemUpdateService(  525): download in progress: [id: 8 compl: true succ: true bytes: 77928398 reason: 0 fn: /cache/e587de13bf8a.signed-takju-JOP40C-from-JZO54K.e587de13.zip]
I/SystemUpdateService(  525): file has been verified
I/SystemUpdateService(  525): OTA package size = 77928398
I/ActivityManager(  303): START {flg=0x10040000 cmp=com.google.android.gsf/.update.SystemUpdateInstallDialog u=0} from pid 525
V/SystemUpdateService(  525): retry (wakeup: true) in 1799999 ms
W/ThrottleService(  303): unable to find stats for iface rmnet0
D/dalvikvm(  461): GC_CONCURRENT freed 390K, 6% free 11182K/11783K, paused 2ms+5ms, total 27ms
I/ActivityManager(  303): No longer want eu.chainfire.supersu (pid 3809): hidden #16
I/EventLogService(  525): Aggregate from 1359425109267 (log), 1359425109267 (data)
D/dalvikvm(  525): GC_FOR_ALLOC freed 312K, 5% free 12065K/12679K, paused 23ms, total 25ms
I/ServiceDumpSys(  525): dumping service [account]
E/WalletApplication( 3991): Wallet 173 version too old to run, quitting!
W/ThrottleService(  303): unable to find stats for iface rmnet0
D/dalvikvm(  385): GC_CONCURRENT freed 1123K, 16% free 13637K/16199K, paused 2ms+7ms, total 34ms
I/SystemUpdateService(  525): download in progress: [id: 8 compl: true succ: true bytes: 77928398 reason: 0 fn: /cache/e587de13bf8a.signed-takju-JOP40C-from-JZO54K.e587de13.zip]
I/SystemUpdateService(  525): file has been verified
I/SystemUpdateService(  525): OTA package size = 77928398
I/ActivityManager(  303): START {flg=0x10040000 cmp=com.google.android.gsf/.update.SystemUpdateInstallDialog u=0} from pid 525
V/SystemUpdateService(  525): retry (wakeup: true) in 1799999 ms
I/SystemUpdateService(  525): download in progress: [id: 8 compl: true succ: true bytes: 77928398 reason: 0 fn: /cache/e587de13bf8a.signed-takju-JOP40C-from-JZO54K.e587de13.zip]
I/SystemUpdateService(  525): file has been verified
I/SystemUpdateService(  525): OTA package size = 77928398
I/ActivityManager(  303): START {flg=0x10040000 cmp=com.google.android.gsf/.update.SystemUpdateInstallDialog u=0} from pid 525
V/SystemUpdateService(  525): retry (wakeup: true) in 1799999 ms
W/ThrottleService(  303): unable to find stats for iface rmnet0
D/dalvikvm( 5285): GC_CONCURRENT freed 305K, 4% free 13076K/13575K, paused 14ms+2ms, total 58ms
D/dalvikvm( 5285): GC_CONCURRENT freed 879K, 8% free 12861K/13831K, paused 15ms+3ms, total 52ms
D/dalvikvm( 5285): GC_CONCURRENT freed 172K, 4% free 13401K/13831K, paused 2ms+4ms, total 48ms
D/dalvikvm( 5285): WAIT_FOR_CONCURRENT_GC blocked 16ms
I/dalvikvm( 5285): Total arena pages for JIT: 11
I/dalvikvm( 5285): Total arena pages for JIT: 12
I/dalvikvm( 5285): Total arena pages for JIT: 13
I/dalvikvm( 5285): Total arena pages for JIT: 14
I/dalvikvm( 5285): Total arena pages for JIT: 15
I/dalvikvm( 5285): Total arena pages for JIT: 16
I/dalvikvm( 5285): Total arena pages for JIT: 17
D/dalvikvm( 5285): GC_CONCURRENT freed 1204K, 10% free 12984K/14279K, paused 15ms+3ms, total 61ms
D/dalvikvm( 5285): GC_CONCURRENT freed 375K, 7% free 13348K/14279K, paused 12ms+3ms, total 45ms
D/dalvikvm( 5285): GC_CONCURRENT freed 739K, 6% free 13483K/14279K, paused 2ms+5ms, total 41ms
D/dalvikvm( 5285): WAIT_FOR_CONCURRENT_GC blocked 22ms
D/dalvikvm( 5285): GC_CONCURRENT freed 1152K, 9% free 13164K/14407K, paused 15ms+3ms, total 65ms
D/dalvikvm( 5285): GC_CONCURRENT freed 856K, 10% free 12996K/14407K, paused 15ms+3ms, total 57ms
D/dalvikvm( 5285): GC_CONCURRENT freed 236K, 7% free 13516K/14407K, paused 3ms+5ms, total 48ms
D/dalvikvm( 5285): WAIT_FOR_CONCURRENT_GC blocked 20ms
I/dalvikvm( 5285): Total arena pages for JIT: 18
D/dalvikvm( 5285): GC_CONCURRENT freed 1280K, 9% free 13242K/14535K, paused 12ms+13ms, total 67ms
D/dalvikvm( 5285): GC_CONCURRENT freed 742K, 10% free 13214K/14535K, paused 15ms+5ms, total 63ms
D/dalvikvm( 5285): GC_CONCURRENT freed 275K, 6% free 13768K/14535K, paused 13ms+4ms, total 69ms
D/dalvikvm( 5285): WAIT_FOR_CONCURRENT_GC blocked 26ms
I/EventLogService(  525): Aggregate from 1359426909374 (log), 1359426909374 (data)
I/ServiceDumpSys(  525): dumping service [account]
E/WalletApplication( 3991): Wallet 173 version too old to run, quitting!
W/ThrottleService(  303): unable to find stats for iface rmnet0
D/dalvikvm(  303): WAIT_FOR_CONCURRENT_GC blocked 0ms
D/dalvikvm(  303): GC_EXPLICIT freed 1257K, 15% free 20204K/23495K, paused 7ms+8ms, total 100ms
I/LocationManagerService(  303): remove passive (pid 5285), next minTime = 0
I/LocationManagerService(  303): request gps (pid 5285) 0 0
D/PhoneStatusBar(  385): addNotification score=10
I/LocationManagerService(  303): remove gps (pid 5285), disabled
I/LocationManagerService(  303): request passive (pid 5285) 0 0
I/SystemUpdateService(  525): download in progress: [id: 8 compl: true succ: true bytes: 77928398 reason: 0 fn: /cache/e587de13bf8a.signed-takju-JOP40C-from-JZO54K.e587de13.zip]
I/SystemUpdateService(  525): file has been verified
I/SystemUpdateService(  525): OTA package size = 77928398
D/dalvikvm(  525): GC_FOR_ALLOC freed 311K, 5% free 12062K/12679K, paused 34ms, total 36ms
I/ActivityManager(  303): START {flg=0x10040000 cmp=com.google.android.gsf/.update.SystemUpdateInstallDialog u=0} from pid 525
V/SystemUpdateService(  525): retry (wakeup: true) in 1799999 ms
I/SystemUpdateService(  525): download in progress: [id: 8 compl: true succ: true bytes: 77928398 reason: 0 fn: /cache/e587de13bf8a.signed-takju-JOP40C-from-JZO54K.e587de13.zip]
I/SystemUpdateService(  525): file has been verified
I/SystemUpdateService(  525): OTA package size = 77928398
I/ActivityManager(  303): START {flg=0x10040000 cmp=com.google.android.gsf/.update.SystemUpdateInstallDialog u=0} from pid 525
V/SystemUpdateService(  525): retry (wakeup: true) in 1799999 ms
W/ThrottleService(  303): unable to find stats for iface rmnet0
I/EventLogService(  525): Aggregate from 1359428709513 (log), 1359428709513 (data)
I/ServiceDumpSys(  525): dumping service [account]
E/WalletApplication( 3991): Wallet 173 version too old to run, quitting!
W/ThrottleService(  303): unable to find stats for iface rmnet0
I/SystemUpdateService(  525): download in progress: [id: 8 compl: true succ: true bytes: 77928398 reason: 0 fn: /cache/e587de13bf8a.signed-takju-JOP40C-from-JZO54K.e587de13.zip]
I/SystemUpdateService(  525): file has been verified
I/SystemUpdateService(  525): OTA package size = 77928398
I/ActivityManager(  303): START {flg=0x10040000 cmp=com.google.android.gsf/.update.SystemUpdateInstallDialog u=0} from pid 525
V/SystemUpdateService(  525): retry (wakeup: true) in 1799999 ms
I/SystemUpdateService(  525): download in progress: [id: 8 compl: true succ: true bytes: 77928398 reason: 0 fn: /cache/e587de13bf8a.signed-takju-JOP40C-from-JZO54K.e587de13.zip]
I/SystemUpdateService(  525): file has been verified
I/SystemUpdateService(  525): OTA package size = 77928398
I/ActivityManager(  303): START {flg=0x10040000 cmp=com.google.android.gsf/.update.SystemUpdateInstallDialog u=0} from pid 525
V/SystemUpdateService(  525): retry (wakeup: true) in 1799999 ms
W/ThrottleService(  303): unable to find stats for iface rmnet0
D/ConnectivityService(  303): ConnectivityChange for WIFI: CONNECTED/CONNECTED
D/ConnectivityService(  303): handleConnectivityChange: address are the same reset per doReset linkProperty[1]: resetMask=0
D/ConnectivityService(  303): ConnectivityChange for WIFI: CONNECTED/CONNECTED
D/ConnectivityService(  303): handleConnectivityChange: address are the same reset per doReset linkProperty[1]: resetMask=0
D/ConnectivityService(  303): NetTransition Wakelock for WifiStateMachine released by timeout
D/Tethering(  303): MasterInitialState.processMessage what=3
D/Tethering(  303): MasterInitialState.processMessage what=3
D/PicasaSyncManager( 1317): active network: NetworkInfo: type: WIFI[], state: CONNECTED/CONNECTED, reason: (unspecified), extra: (none), roaming: false, failover: false, isAvailable: true
D/PicasaSyncManager( 1317): background data: true
D/PicasaUploaderSyncManager( 3977): active network: NetworkInfo: type: WIFI[], state: CONNECTED/CONNECTED, reason: (unspecified), extra: (none), roaming: false, failover: false, isAvailable: true
D/PicasaUploaderSyncManager( 3977): background data: true
D/PicasaSyncManager( 1317): active network: NetworkInfo: type: WIFI[], state: CONNECTED/CONNECTED, reason: (unspecified), extra: (none), roaming: false, failover: false, isAvailable: true
D/PicasaSyncManager( 1317): background data: true
D/dalvikvm( 1819): GC_CONCURRENT freed 226K, 5% free 11074K/11591K, paused 12ms+4ms, total 39ms
D/PicasaUploaderSyncManager( 3977): active network: NetworkInfo: type: WIFI[], state: CONNECTED/CONNECTED, reason: (unspecified), extra: (none), roaming: false, failover: false, isAvailable: true
D/PicasaUploaderSyncManager( 3977): background data: true
I/EventLogService(  525): Aggregate from 1359430509631 (log), 1359430509631 (data)
D/dalvikvm(  525): GC_FOR_ALLOC freed 358K, 5% free 12065K/12679K, paused 37ms, total 37ms
I/ServiceDumpSys(  525): dumping service [account]
D/ConnectivityService(  303): handleInetConditionHoldEnd: net=1, condition=100, published condition=0
E/WalletApplication( 3991): Wallet 173 version too old to run, quitting!
W/ThrottleService(  303): unable to find stats for iface rmnet0
I/SystemUpdateService(  525): download in progress: [id: 8 compl: true succ: true bytes: 77928398 reason: 0 fn: /cache/e587de13bf8a.signed-takju-JOP40C-from-JZO54K.e587de13.zip]
I/SystemUpdateService(  525): file has been verified
I/SystemUpdateService(  525): OTA package size = 77928398
I/ActivityManager(  303): START {flg=0x10040000 cmp=com.google.android.gsf/.update.SystemUpdateInstallDialog u=0} from pid 525
V/SystemUpdateService(  525): retry (wakeup: true) in 1799999 ms
I/SystemUpdateService(  525): download in progress: [id: 8 compl: true succ: true bytes: 77928398 reason: 0 fn: /cache/e587de13bf8a.signed-takju-JOP40C-from-JZO54K.e587de13.zip]
I/SystemUpdateService(  525): file has been verified
I/SystemUpdateService(  525): OTA package size = 77928398
I/ActivityManager(  303): START {flg=0x10040000 cmp=com.google.android.gsf/.update.SystemUpdateInstallDialog u=0} from pid 525
V/SystemUpdateService(  525): retry (wakeup: true) in 1799998 ms
D/dalvikvm(  303): GC_CONCURRENT freed 1890K, 14% free 20247K/23495K, paused 4ms+9ms, total 86ms
W/ThrottleService(  303): unable to find stats for iface rmnet0
I/EventLogService(  525): Aggregate from 1359432309730 (log), 1359432309730 (data)
I/ServiceDumpSys(  525): dumping service [account]
E/WalletApplication( 3991): Wallet 173 version too old to run, quitting!
W/ThrottleService(  303): unable to find stats for iface rmnet0
I/SystemUpdateService(  525): download in progress: [id: 8 compl: true succ: true bytes: 77928398 reason: 0 fn: /cache/e587de13bf8a.signed-takju-JOP40C-from-JZO54K.e587de13.zip]
I/SystemUpdateService(  525): file has been verified
I/SystemUpdateService(  525): OTA package size = 77928398
I/ActivityManager(  303): START {flg=0x10040000 cmp=com.google.android.gsf/.update.SystemUpdateInstallDialog u=0} from pid 525
V/SystemUpdateService(  525): retry (wakeup: true) in 1799999 ms
I/SystemUpdateService(  525): download in progress: [id: 8 compl: true succ: true bytes: 77928398 reason: 0 fn: /cache/e587de13bf8a.signed-takju-JOP40C-from-JZO54K.e587de13.zip]
I/SystemUpdateService(  525): file has been verified
I/SystemUpdateService(  525): OTA package size = 77928398
I/ActivityManager(  303): START {flg=0x10040000 cmp=com.google.android.gsf/.update.SystemUpdateInstallDialog u=0} from pid 525
V/SystemUpdateService(  525): retry (wakeup: true) in 1799999 ms
D/dalvikvm(  525): GC_FOR_ALLOC freed 328K, 5% free 12057K/12679K, paused 29ms, total 30ms
W/ThrottleService(  303): unable to find stats for iface rmnet0
I/EventLogService(  525): Aggregate from 1359434109888 (log), 1359434109888 (data)
I/ServiceDumpSys(  525): dumping service [account]
E/WalletApplication( 3991): Wallet 173 version too old to run, quitting!
W/ThrottleService(  303): unable to find stats for iface rmnet0
I/SystemUpdateService(  525): download in progress: [id: 8 compl: true succ: true bytes: 77928398 reason: 0 fn: /cache/e587de13bf8a.signed-takju-JOP40C-from-JZO54K.e587de13.zip]
I/SystemUpdateService(  525): file has been verified
I/SystemUpdateService(  525): OTA package size = 77928398
I/ActivityManager(  303): START {flg=0x10040000 cmp=com.google.android.gsf/.update.SystemUpdateInstallDialog u=0} from pid 525
V/SystemUpdateService(  525): retry (wakeup: true) in 1799999 ms
I/SystemUpdateService(  525): download in progress: [id: 8 compl: true succ: true bytes: 77928398 reason: 0 fn: /cache/e587de13bf8a.signed-takju-JOP40C-from-JZO54K.e587de13.zip]
I/SystemUpdateService(  525): file has been verified
I/SystemUpdateService(  525): OTA package size = 77928398
I/ActivityManager(  303): START {flg=0x10040000 cmp=com.google.android.gsf/.update.SystemUpdateInstallDialog u=0} from pid 525
V/SystemUpdateService(  525): retry (wakeup: true) in 1799999 ms
W/ThrottleService(  303): unable to find stats for iface rmnet0
I/EventLogService(  525): Aggregate from 1359435909998 (log), 1359435909998 (data)
D/dalvikvm(  525): GC_FOR_ALLOC freed 308K, 5% free 12067K/12679K, paused 24ms, total 25ms
I/ServiceDumpSys(  525): dumping service [account]
E/WalletApplication( 3991): Wallet 173 version too old to run, quitting!
W/ThrottleService(  303): unable to find stats for iface rmnet0
I/SystemUpdateService(  525): download in progress: [id: 8 compl: true succ: true bytes: 77928398 reason: 0 fn: /cache/e587de13bf8a.signed-takju-JOP40C-from-JZO54K.e587de13.zip]
I/SystemUpdateService(  525): file has been verified
I/SystemUpdateService(  525): OTA package size = 77928398
I/ActivityManager(  303): START {flg=0x10040000 cmp=com.google.android.gsf/.update.SystemUpdateInstallDialog u=0} from pid 525
V/SystemUpdateService(  525): retry (wakeup: true) in 1799999 ms
I/SystemUpdateService(  525): download in progress: [id: 8 compl: true succ: true bytes: 77928398 reason: 0 fn: /cache/e587de13bf8a.signed-takju-JOP40C-from-JZO54K.e587de13.zip]
I/SystemUpdateService(  525): file has been verified
I/SystemUpdateService(  525): OTA package size = 77928398
I/ActivityManager(  303): START {flg=0x10040000 cmp=com.google.android.gsf/.update.SystemUpdateInstallDialog u=0} from pid 525
V/SystemUpdateService(  525): retry (wakeup: true) in 1799999 ms
W/ThrottleService(  303): unable to find stats for iface rmnet0
I/EventLogService(  525): Aggregate from 1359437710131 (log), 1359437710131 (data)
I/ServiceDumpSys(  525): dumping service [account]
E/WalletApplication( 3991): Wallet 173 version too old to run, quitting!
W/ThrottleService(  303): unable to find stats for iface rmnet0
D/dalvikvm(  303): GC_CONCURRENT freed 1974K, 14% free 20275K/23495K, paused 15ms+10ms, total 108ms
D/dalvikvm(  303): WAIT_FOR_CONCURRENT_GC blocked 0ms
D/dalvikvm(  303): GC_EXPLICIT freed 165K, 15% free 20136K/23495K, paused 4ms+7ms, total 79ms
I/SystemUpdateService(  525): download in progress: [id: 8 compl: true succ: true bytes: 77928398 reason: 0 fn: /cache/e587de13bf8a.signed-takju-JOP40C-from-JZO54K.e587de13.zip]
I/SystemUpdateService(  525): file has been verified
I/SystemUpdateService(  525): OTA package size = 77928398
I/ActivityManager(  303): START {flg=0x10040000 cmp=com.google.android.gsf/.update.SystemUpdateInstallDialog u=0} from pid 525
D/dalvikvm(  525): GC_FOR_ALLOC freed 272K, 5% free 12074K/12679K, paused 24ms, total 25ms
V/SystemUpdateService(  525): retry (wakeup: true) in 1799997 ms
I/SystemUpdateService(  525): download in progress: [id: 8 compl: true succ: true bytes: 77928398 reason: 0 fn: /cache/e587de13bf8a.signed-takju-JOP40C-from-JZO54K.e587de13.zip]
I/SystemUpdateService(  525): file has been verified
I/SystemUpdateService(  525): OTA package size = 77928398
I/ActivityManager(  303): START {flg=0x10040000 cmp=com.google.android.gsf/.update.SystemUpdateInstallDialog u=0} from pid 525
V/SystemUpdateService(  525): retry (wakeup: true) in 1799999 ms
W/ThrottleService(  303): unable to find stats for iface rmnet0
I/LocationManagerService(  303): request gps (pid 5285) 0 0
D/PhoneStatusBar(  385): addNotification score=10
I/LocationManagerService(  303): remove gps (pid 5285), disabled
D/dalvikvm( 5285): GC_CONCURRENT freed 1828K, 13% free 12988K/14855K, paused 16ms+5ms, total 57ms
D/dalvikvm( 5285): WAIT_FOR_CONCURRENT_GC blocked 22ms
I/EventLogService(  525): Aggregate from 1359439510295 (log), 1359439510295 (data)
I/ServiceDumpSys(  525): dumping service [account]
E/WalletApplication( 3991): Wallet 173 version too old to run, quitting!
D/dalvikvm( 5285): GC_CONCURRENT freed 528K, 12% free 13213K/14855K, paused 3ms+4ms, total 88ms
D/dalvikvm( 5285): WAIT_FOR_CONCURRENT_GC blocked 14ms
D/dalvikvm(  385): GC_CONCURRENT freed 872K, 17% free 13607K/16199K, paused 12ms+5ms, total 41ms
W/ThrottleService(  303): unable to find stats for iface rmnet0
I/SystemUpdateService(  525): download in progress: [id: 8 compl: true succ: true bytes: 77928398 reason: 0 fn: /cache/e587de13bf8a.signed-takju-JOP40C-from-JZO54K.e587de13.zip]
I/SystemUpdateService(  525): file has been verified
I/SystemUpdateService(  525): OTA package size = 77928398
I/ActivityManager(  303): START {flg=0x10040000 cmp=com.google.android.gsf/.update.SystemUpdateInstallDialog u=0} from pid 525
V/SystemUpdateService(  525): retry (wakeup: true) in 1799999 ms
I/SystemUpdateService(  525): download in progress: [id: 8 compl: true succ: true bytes: 77928398 reason: 0 fn: /cache/e587de13bf8a.signed-takju-JOP40C-from-JZO54K.e587de13.zip]
I/SystemUpdateService(  525): file has been verified
I/SystemUpdateService(  525): OTA package size = 77928398
I/ActivityManager(  303): START {flg=0x10040000 cmp=com.google.android.gsf/.update.SystemUpdateInstallDialog u=0} from pid 525
V/SystemUpdateService(  525): retry (wakeup: true) in 1799999 ms
W/ThrottleService(  303): unable to find stats for iface rmnet0
I/EventLogService(  525): Aggregate from 1359441310502 (log), 1359441310502 (data)
D/dalvikvm(  525): GC_FOR_ALLOC freed 322K, 5% free 12068K/12679K, paused 34ms, total 35ms
I/ServiceDumpSys(  525): dumping service [account]
E/WalletApplication( 3991): Wallet 173 version too old to run, quitting!
W/ThrottleService(  303): unable to find stats for iface rmnet0
I/LocationManagerService(  303): request gps (pid 5285) 0 0
D/PhoneStatusBar(  385): addNotification score=10
I/LocationManagerService(  303): remove gps (pid 5285), disabled
D/dalvikvm( 5285): GC_CONCURRENT freed 799K, 11% free 13242K/14855K, paused 13ms+5ms, total 63ms
D/dalvikvm( 5285): WAIT_FOR_CONCURRENT_GC blocked 20ms
W/ThrottleService(  303): unable to find stats for iface rmnet0
D/dalvikvm(  525): WAIT_FOR_CONCURRENT_GC blocked 0ms
D/dalvikvm(  525): GC_EXPLICIT freed 77K, 6% free 12042K/12679K, paused 3ms+4ms, total 37ms
I/SystemUpdateService(  525): download in progress: [id: 8 compl: true succ: true bytes: 77928398 reason: 0 fn: /cache/e587de13bf8a.signed-takju-JOP40C-from-JZO54K.e587de13.zip]
I/SystemUpdateService(  525): file has been verified
I/SystemUpdateService(  525): OTA package size = 77928398
I/ActivityManager(  303): START {flg=0x10040000 cmp=com.google.android.gsf/.update.SystemUpdateInstallDialog u=0} from pid 525
V/SystemUpdateService(  525): retry (wakeup: true) in 1799999 ms
I/SystemUpdateService(  525): download in progress: [id: 8 compl: true succ: true bytes: 77928398 reason: 0 fn: /cache/e587de13bf8a.signed-takju-JOP40C-from-JZO54K.e587de13.zip]
I/SystemUpdateService(  525): file has been verified
I/SystemUpdateService(  525): OTA package size = 77928398
I/ActivityManager(  303): START {flg=0x10040000 cmp=com.google.android.gsf/.update.SystemUpdateInstallDialog u=0} from pid 525
V/SystemUpdateService(  525): retry (wakeup: true) in 1799999 ms
W/ThrottleService(  303): unable to find stats for iface rmnet0
I/EventLogService(  525): Aggregate from 1359443110615 (log), 1359443110615 (data)
I/ServiceDumpSys(  525): dumping service [account]
E/WalletApplication( 3991): Wallet 173 version too old to run, quitting!
D/dalvikvm( 5285): GC_CONCURRENT freed 674K, 11% free 13279K/14855K, paused 16ms+3ms, total 59ms
D/dalvikvm( 5285): GC_CONCURRENT freed 689K, 10% free 13440K/14855K, paused 13ms+4ms, total 52ms
D/dalvikvm( 5285): WAIT_FOR_CONCURRENT_GC blocked 13ms
W/ThrottleService(  303): unable to find stats for iface rmnet0
D/dalvikvm( 5285): GC_CONCURRENT freed 920K, 10% free 13424K/14855K, paused 2ms+3ms, total 40ms
D/dalvikvm( 5285): WAIT_FOR_CONCURRENT_GC blocked 31ms
D/dalvikvm(  303): GC_CONCURRENT freed 1782K, 14% free 20287K/23495K, paused 17ms+9ms, total 104ms
D/dalvikvm( 5285): GC_CONCURRENT freed 905K, 10% free 13418K/14855K, paused 2ms+7ms, total 57ms
D/dalvikvm( 5285): WAIT_FOR_CONCURRENT_GC blocked 39ms
I/SystemUpdateService(  525): download in progress: [id: 8 compl: true succ: true bytes: 77928398 reason: 0 fn: /cache/e587de13bf8a.signed-takju-JOP40C-from-JZO54K.e587de13.zip]
I/SystemUpdateService(  525): file has been verified
I/SystemUpdateService(  525): OTA package size = 77928398
I/ActivityManager(  303): START {flg=0x10040000 cmp=com.google.android.gsf/.update.SystemUpdateInstallDialog u=0} from pid 525
V/SystemUpdateService(  525): retry (wakeup: true) in 1799998 ms
I/SystemUpdateService(  525): download in progress: [id: 8 compl: true succ: true bytes: 77928398 reason: 0 fn: /cache/e587de13bf8a.signed-takju-JOP40C-from-JZO54K.e587de13.zip]
I/SystemUpdateService(  525): file has been verified
I/SystemUpdateService(  525): OTA package size = 77928398
I/ActivityManager(  303): START {flg=0x10040000 cmp=com.google.android.gsf/.update.SystemUpdateInstallDialog u=0} from pid 525
V/SystemUpdateService(  525): retry (wakeup: true) in 1799999 ms
D/dalvikvm( 5285): GC_CONCURRENT freed 1281K, 13% free 13033K/14855K, paused 2ms+3ms, total 40ms
D/dalvikvm( 5285): WAIT_FOR_CONCURRENT_GC blocked 31ms
D/dalvikvm(  303): WAIT_FOR_CONCURRENT_GC blocked 1ms
W/ThrottleService(  303): unable to find stats for iface rmnet0
D/dalvikvm(  303): GC_EXPLICIT freed 333K, 15% free 20165K/23495K, paused 18ms+7ms, total 106ms
I/CheckinService(  525): Preparing to send checkin request
I/EventLogService(  525): Accumulating logs since 1359444910755
D/dalvikvm(  525): GC_FOR_ALLOC freed 312K, 5% free 12073K/12679K, paused 24ms, total 24ms
D/dalvikvm(  525): GC_FOR_ALLOC freed 254K, 5% free 12113K/12679K, paused 25ms, total 25ms
D/dalvikvm(  525): GC_FOR_ALLOC freed 212K, 5% free 12101K/12679K, paused 24ms, total 24ms
D/dalvikvm(  525): GC_FOR_ALLOC freed 161K, 5% free 12109K/12679K, paused 23ms, total 23ms
D/dalvikvm(  525): GC_FOR_ALLOC freed 163K, 5% free 12116K/12679K, paused 24ms, total 24ms
I/CheckinTask(  525): Sending checkin request (2882 bytes)
D/dalvikvm(  525): GC_CONCURRENT freed 365K, 5% free 12165K/12679K, paused 14ms+3ms, total 46ms
I/CheckinTask(  525): Checkin success: https://android.clients.google.com/checkin (1 requests sent)
D/dalvikvm( 5285): GC_CONCURRENT freed 701K, 13% free 13019K/14855K, paused 13ms+6ms, total 310ms
D/dalvikvm( 5285): GC_CONCURRENT freed 759K, 14% free 12896K/14855K, paused 16ms+3ms, total 59ms
W/ThrottleService(  303): unable to find stats for iface rmnet0
D/dalvikvm( 5285): GC_CONCURRENT freed 610K, 14% free 12883K/14855K, paused 5ms+3ms, total 41ms
D/dalvikvm( 5285): GC_CONCURRENT freed 475K, 13% free 13012K/14855K, paused 2ms+3ms, total 287ms
I/EventLogService(  525): Aggregate from 1359445980430 (log), 1359444910755 (data)
I/ServiceDumpSys(  525): dumping service [account]
E/WalletApplication( 3991): Wallet 173 version too old to run, quitting!
D/dalvikvm( 5285): GC_CONCURRENT freed 750K, 14% free 12896K/14855K, paused 16ms+3ms, total 64ms
I/LocationManagerService(  303): request gps (pid 5285) 0 0
D/PhoneStatusBar(  385): addNotification score=10
D/dalvikvm( 5285): GC_CONCURRENT freed 607K, 14% free 12885K/14855K, paused 12ms+3ms, total 46ms
I/LocationManagerService(  303): remove gps (pid 5285), disabled
D/dalvikvm( 5285): GC_CONCURRENT freed 559K, 13% free 13046K/14855K, paused 13ms+5ms, total 49ms
D/dalvikvm( 5285): WAIT_FOR_CONCURRENT_GC blocked 21ms
D/dalvikvm( 5285): GC_CONCURRENT freed 519K, 12% free 13220K/14855K, paused 2ms+3ms, total 41ms
W/ThrottleService(  303): unable to find stats for iface rmnet0
I/LocationManagerService(  303): remove passive (pid 5285), next minTime = 0
I/LocationManagerService(  303): request gps (pid 5285) 0 0
D/PhoneStatusBar(  385): addNotification score=10
I/LocationManagerService(  303): remove gps (pid 5285), disabled
I/LocationManagerService(  303): request passive (pid 5285) 0 0
D/dalvikvm( 5285): GC_CONCURRENT freed 823K, 11% free 13227K/14855K, paused 13ms+5ms, total 315ms
D/dalvikvm( 5285): WAIT_FOR_CONCURRENT_GC blocked 0ms
D/dalvikvm( 5285): GC_EXPLICIT freed 154K, 12% free 13080K/14855K, paused 5ms+4ms, total 50ms
W/Finsky  ( 3472): [1] FinskyApp.getDfeApi: No account configured on this device.
D/dalvikvm( 3472): GC_CONCURRENT freed 420K, 5% free 11143K/11655K, paused 13ms+2ms, total 43ms
D/dalvikvm( 1819): WAIT_FOR_CONCURRENT_GC blocked 0ms
D/dalvikvm( 1819): GC_EXPLICIT freed 247K, 6% free 10955K/11591K, paused 3ms+4ms, total 29ms
I/SystemUpdateService(  525): download in progress: [id: 8 compl: true succ: true bytes: 77928398 reason: 0 fn: /cache/e587de13bf8a.signed-takju-JOP40C-from-JZO54K.e587de13.zip]
I/SystemUpdateService(  525): file has been verified
I/SystemUpdateService(  525): OTA package size = 77928398
I/ActivityManager(  303): START {flg=0x10040000 cmp=com.google.android.gsf/.update.SystemUpdateInstallDialog u=0} from pid 525
V/SystemUpdateService(  525): retry (wakeup: true) in 1799999 ms
I/SystemUpdateService(  525): download in progress: [id: 8 compl: true succ: true bytes: 77928398 reason: 0 fn: /cache/e587de13bf8a.signed-takju-JOP40C-from-JZO54K.e587de13.zip]
I/SystemUpdateService(  525): file has been verified
I/SystemUpdateService(  525): OTA package size = 77928398
I/ActivityManager(  303): START {flg=0x10040000 cmp=com.google.android.gsf/.update.SystemUpdateInstallDialog u=0} from pid 525
V/SystemUpdateService(  525): retry (wakeup: true) in 1799999 ms
D/dalvikvm( 5285): GC_CONCURRENT freed 619K, 12% free 13119K/14855K, paused 16ms+3ms, total 65ms
W/ThrottleService(  303): unable to find stats for iface rmnet0
D/dalvikvm( 5285): GC_CONCURRENT freed 692K, 11% free 13224K/14855K, paused 2ms+4ms, total 44ms
D/dalvikvm( 5285): WAIT_FOR_CONCURRENT_GC blocked 25ms
D/dalvikvm(  303): WAIT_FOR_CONCURRENT_GC blocked 0ms
D/dalvikvm(  303): GC_EXPLICIT freed 1311K, 14% free 20291K/23495K, paused 6ms+11ms, total 96ms
D/dalvikvm( 5285): GC_CONCURRENT freed 836K, 12% free 13220K/14855K, paused 2ms+5ms, total 40ms
D/dalvikvm( 5285): WAIT_FOR_CONCURRENT_GC blocked 31ms
D/dalvikvm( 5285): GC_CONCURRENT freed 962K, 13% free 13033K/14855K, paused 14ms+3ms, total 72ms
I/LocationManagerService(  303): request gps (pid 5285) 0 0
D/PhoneStatusBar(  385): addNotification score=10
I/LocationManagerService(  303): remove gps (pid 5285), disabled
D/dalvikvm( 5285): GC_CONCURRENT freed 775K, 13% free 13027K/14855K, paused 12ms+4ms, total 48ms
D/dalvikvm( 5285): WAIT_FOR_CONCURRENT_GC blocked 20ms
D/dalvikvm( 5285): GC_CONCURRENT freed 533K, 12% free 13219K/14855K, paused 12ms+3ms, total 50ms
I/EventLogService(  525): Aggregate from 1359446710870 (log), 1359446710870 (data)
D/dalvikvm(  525): GC_FOR_ALLOC freed 411K, 6% free 12101K/12743K, paused 36ms, total 37ms
I/ServiceDumpSys(  525): dumping service [account]
E/WalletApplication( 3991): Wallet 173 version too old to run, quitting!
W/ThrottleService(  303): unable to find stats for iface rmnet0
D/dalvikvm( 5285): GC_CONCURRENT freed 838K, 12% free 13212K/14855K, paused 4ms+4ms, total 51ms
D/dalvikvm( 5285): WAIT_FOR_CONCURRENT_GC blocked 21ms
D/dalvikvm( 5285): GC_CONCURRENT freed 819K, 12% free 13221K/14855K, paused 13ms+4ms, total 51ms
D/dalvikvm( 5285): WAIT_FOR_CONCURRENT_GC blocked 24ms
W/ThrottleService(  303): unable to find stats for iface rmnet0
D/dalvikvm( 5285): GC_CONCURRENT freed 786K, 12% free 13217K/14855K, paused 12ms+3ms, total 295ms
I/SystemUpdateService(  525): download in progress: [id: 8 compl: true succ: true bytes: 77928398 reason: 0 fn: /cache/e587de13bf8a.signed-takju-JOP40C-from-JZO54K.e587de13.zip]
I/SystemUpdateService(  525): file has been verified
I/SystemUpdateService(  525): OTA package size = 77928398
I/ActivityManager(  303): START {flg=0x10040000 cmp=com.google.android.gsf/.update.SystemUpdateInstallDialog u=0} from pid 525
V/SystemUpdateService(  525): retry (wakeup: true) in 1799999 ms
I/SystemUpdateService(  525): download in progress: [id: 8 compl: true succ: true bytes: 77928398 reason: 0 fn: /cache/e587de13bf8a.signed-takju-JOP40C-from-JZO54K.e587de13.zip]
I/SystemUpdateService(  525): file has been verified
I/SystemUpdateService(  525): OTA package size = 77928398
I/ActivityManager(  303): START {flg=0x10040000 cmp=com.google.android.gsf/.update.SystemUpdateInstallDialog u=0} from pid 525
V/SystemUpdateService(  525): retry (wakeup: true) in 1799999 ms
D/dalvikvm(  385): GC_CONCURRENT freed 836K, 17% free 13605K/16199K, paused 12ms+5ms, total 46ms
D/dalvikvm( 5285): GC_CONCURRENT freed 831K, 12% free 13217K/14855K, paused 13ms+4ms, total 64ms
D/dalvikvm( 5285): WAIT_FOR_CONCURRENT_GC blocked 16ms
D/dalvikvm( 5285): GC_CONCURRENT freed 824K, 11% free 13223K/14855K, paused 13ms+3ms, total 50ms
D/dalvikvm( 5285): WAIT_FOR_CONCURRENT_GC blocked 29ms
W/ThrottleService(  303): unable to find stats for iface rmnet0
D/dalvikvm( 5285): GC_CONCURRENT freed 786K, 12% free 13219K/14855K, paused 3ms+3ms, total 48ms
I/EventLogService(  525): Aggregate from 1359448510965 (log), 1359448510965 (data)
I/ServiceDumpSys(  525): dumping service [account]
D/dalvikvm(  525): GC_CONCURRENT freed 469K, 6% free 12071K/12743K, paused 13ms+3ms, total 45ms
E/WalletApplication( 3991): Wallet 173 version too old to run, quitting!
D/dalvikvm( 5285): GC_CONCURRENT freed 836K, 12% free 13214K/14855K, paused 16ms+4ms, total 67ms
D/dalvikvm( 5285): WAIT_FOR_CONCURRENT_GC blocked 23ms
D/dalvikvm( 5285): WAIT_FOR_CONCURRENT_GC blocked 23ms
D/dalvikvm(  303): WAIT_FOR_CONCURRENT_GC blocked 0ms
D/dalvikvm(  303): JIT code cache reset in 10 ms (1048496 bytes 4/0)
D/dalvikvm(  303): GC_EXPLICIT freed 1615K, 14% free 20304K/23495K, paused 4ms+19ms, total 104ms
D/dalvikvm( 5285): GC_CONCURRENT freed 819K, 11% free 13224K/14855K, paused 13ms+6ms, total 51ms
D/dalvikvm( 5285): WAIT_FOR_CONCURRENT_GC blocked 31ms
W/ThrottleService(  303): unable to find stats for iface rmnet0
D/dalvikvm( 5285): GC_CONCURRENT freed 987K, 13% free 13021K/14855K, paused 13ms+293ms, total 347ms
D/dalvikvm( 5285): GC_CONCURRENT freed 760K, 14% free 12898K/14855K, paused 16ms+3ms, total 62ms
D/dalvikvm( 5285): GC_CONCURRENT freed 610K, 14% free 12886K/14855K, paused 15ms+2ms, total 60ms
D/dalvikvm( 5285): GC_CONCURRENT freed 474K, 13% free 13015K/14855K, paused 2ms+3ms, total 328ms
W/ThrottleService(  303): unable to find stats for iface rmnet0
I/SystemUpdateService(  525): download in progress: [id: 8 compl: true succ: true bytes: 77928398 reason: 0 fn: /cache/e587de13bf8a.signed-takju-JOP40C-from-JZO54K.e587de13.zip]
I/SystemUpdateService(  525): file has been verified
I/SystemUpdateService(  525): OTA package size = 77928398
I/ActivityManager(  303): START {flg=0x10040000 cmp=com.google.android.gsf/.update.SystemUpdateInstallDialog u=0} from pid 525
V/SystemUpdateService(  525): retry (wakeup: true) in 1799999 ms
I/SystemUpdateService(  525): download in progress: [id: 8 compl: true succ: true bytes: 77928398 reason: 0 fn: /cache/e587de13bf8a.signed-takju-JOP40C-from-JZO54K.e587de13.zip]
I/SystemUpdateService(  525): file has been verified
I/SystemUpdateService(  525): OTA package size = 77928398
I/ActivityManager(  303): START {flg=0x10040000 cmp=com.google.android.gsf/.update.SystemUpdateInstallDialog u=0} from pid 525
V/SystemUpdateService(  525): retry (wakeup: true) in 1799999 ms
D/dalvikvm( 5285): GC_CONCURRENT freed 750K, 14% free 12901K/14855K, paused 16ms+3ms, total 59ms
D/dalvikvm( 5285): GC_CONCURRENT freed 610K, 14% free 12889K/14855K, paused 16ms+2ms, total 56ms
D/dalvikvm( 5285): GC_CONCURRENT freed 499K, 13% free 12989K/14855K, paused 3ms+3ms, total 320ms
W/ThrottleService(  303): unable to find stats for iface rmnet0
I/LocationManagerService(  303): request gps (pid 5285) 0 0
D/PhoneStatusBar(  385): addNotification score=10
I/LocationManagerService(  303): remove gps (pid 5285), disabled
D/dalvikvm( 5285): GC_CONCURRENT freed 708K, 13% free 13036K/14855K, paused 3ms+5ms, total 40ms
D/dalvikvm( 5285): WAIT_FOR_CONCURRENT_GC blocked 22ms
D/dalvikvm( 5285): GC_CONCURRENT freed 527K, 12% free 13221K/14855K, paused 2ms+3ms, total 270ms
I/EventLogService(  525): Aggregate from 1359450311106 (log), 1359450311106 (data)
I/ServiceDumpSys(  525): dumping service [account]
E/WalletApplication( 3991): Wallet 173 version too old to run, quitting!
D/dalvikvm( 5285): GC_CONCURRENT freed 832K, 12% free 13220K/14855K, paused 13ms+3ms, total 51ms
D/dalvikvm( 5285): WAIT_FOR_CONCURRENT_GC blocked 19ms
D/dalvikvm( 5285): WAIT_FOR_CONCURRENT_GC blocked 28ms
W/ThrottleService(  303): unable to find stats for iface rmnet0
D/dalvikvm( 5285): GC_CONCURRENT freed 826K, 11% free 13225K/14855K, paused 13ms+4ms, total 50ms
D/dalvikvm( 5285): WAIT_FOR_CONCURRENT_GC blocked 23ms
D/dalvikvm( 5285): GC_CONCURRENT freed 787K, 12% free 13221K/14855K, paused 13ms+3ms, total 334ms
D/ConnectivityService(  303): ConnectivityChange for WIFI: CONNECTED/CONNECTED
D/ConnectivityService(  303): handleConnectivityChange: address are the same reset per doReset linkProperty[1]: resetMask=0
D/ConnectivityService(  303): ConnectivityChange for WIFI: CONNECTED/CONNECTED
D/ConnectivityService(  303): handleConnectivityChange: address are the same reset per doReset linkProperty[1]: resetMask=0
D/ConnectivityService(  303): NetTransition Wakelock for WifiStateMachine released by timeout
D/dalvikvm(  303): WAIT_FOR_CONCURRENT_GC blocked 0ms
D/dalvikvm(  303): GC_EXPLICIT freed 1826K, 14% free 20312K/23495K, paused 6ms+9ms, total 95ms
D/Tethering(  303): MasterInitialState.processMessage what=3
D/Tethering(  303): MasterInitialState.processMessage what=3
D/PicasaSyncManager( 1317): active network: NetworkInfo: type: WIFI[], state: CONNECTED/CONNECTED, reason: (unspecified), extra: (none), roaming: false, failover: false, isAvailable: true
D/PicasaSyncManager( 1317): background data: true
D/PicasaUploaderSyncManager( 3977): active network: NetworkInfo: type: WIFI[], state: CONNECTED/CONNECTED, reason: (unspecified), extra: (none), roaming: false, failover: false, isAvailable: true
D/PicasaUploaderSyncManager( 3977): background data: true
D/PicasaSyncManager( 1317): active network: NetworkInfo: type: WIFI[], state: CONNECTED/CONNECTED, reason: (unspecified), extra: (none), roaming: false, failover: false, isAvailable: true
D/PicasaSyncManager( 1317): background data: true
D/PicasaUploaderSyncManager( 3977): active network: NetworkInfo: type: WIFI[], state: CONNECTED/CONNECTED, reason: (unspecified), extra: (none), roaming: false, failover: false, isAvailable: true
D/PicasaUploaderSyncManager( 3977): background data: true
D/ConnectivityService(  303): handleInetConditionHoldEnd: net=1, condition=100, published condition=0
D/dalvikvm( 5285): GC_CONCURRENT freed 847K, 12% free 13205K/14855K, paused 12ms+6ms, total 62ms
D/dalvikvm( 5285): WAIT_FOR_CONCURRENT_GC blocked 14ms
I/SystemUpdateService(  525): download in progress: [id: 8 compl: true succ: true bytes: 77928398 reason: 0 fn: /cache/e587de13bf8a.signed-takju-JOP40C-from-JZO54K.e587de13.zip]
I/SystemUpdateService(  525): file has been verified
I/SystemUpdateService(  525): OTA package size = 77928398
I/ActivityManager(  303): START {flg=0x10040000 cmp=com.google.android.gsf/.update.SystemUpdateInstallDialog u=0} from pid 525
V/SystemUpdateService(  525): retry (wakeup: true) in 1799999 ms
I/SystemUpdateService(  525): download in progress: [id: 8 compl: true succ: true bytes: 77928398 reason: 0 fn: /cache/e587de13bf8a.signed-takju-JOP40C-from-JZO54K.e587de13.zip]
I/SystemUpdateService(  525): file has been verified
I/SystemUpdateService(  525): OTA package size = 77928398
I/ActivityManager(  303): START {flg=0x10040000 cmp=com.google.android.gsf/.update.SystemUpdateInstallDialog u=0} from pid 525
V/SystemUpdateService(  525): retry (wakeup: true) in 1799999 ms
W/ThrottleService(  303): unable to find stats for iface rmnet0
D/dalvikvm( 5285): GC_CONCURRENT freed 1011K, 13% free 13020K/14855K, paused 2ms+4ms, total 38ms
D/dalvikvm( 5285): WAIT_FOR_CONCURRENT_GC blocked 29ms
W/ProcessStats(  303): Skipping unknown process pid 7290
W/ProcessStats(  303): Skipping unknown process pid 7291
W/ProcessStats(  303): Skipping unknown process pid 7292
W/ProcessStats(  303): Skipping unknown process pid 7293
D/dalvikvm( 5285): GC_CONCURRENT freed 755K, 13% free 13030K/14855K, paused 2ms+3ms, total 37ms
D/dalvikvm( 5285): WAIT_FOR_CONCURRENT_GC blocked 28ms
D/dalvikvm( 5285): GC_CONCURRENT freed 793K, 14% free 12885K/14855K, paused 4ms+3ms, total 52ms
D/dalvikvm( 5285): GC_CONCURRENT freed 474K, 13% free 13014K/14855K, paused 3ms+3ms, total 314ms
W/ThrottleService(  303): unable to find stats for iface rmnet0
I/EventLogService(  525): Aggregate from 1359452111236 (log), 1359452111236 (data)
D/dalvikvm(  525): GC_CONCURRENT freed 355K, 5% free 12112K/12743K, paused 3ms+4ms, total 29ms
I/ServiceDumpSys(  525): dumping service [account]
E/WalletApplication( 3991): Wallet 173 version too old to run, quitting!
D/dalvikvm( 5285): GC_CONCURRENT freed 750K, 14% free 12900K/14855K, paused 15ms+3ms, total 62ms
D/dalvikvm( 5285): WAIT_FOR_CONCURRENT_GC blocked 0ms
D/dalvikvm( 5285): GC_EXPLICIT freed 606K, 14% free 12882K/14855K, paused 4ms+4ms, total 51ms
D/dalvikvm( 5285): GC_CONCURRENT freed 465K, 13% free 13027K/14855K, paused 3ms+6ms, total 318ms
W/ThrottleService(  303): unable to find stats for iface rmnet0
D/dalvikvm( 5285): GC_CONCURRENT freed 764K, 14% free 12903K/14855K, paused 16ms+3ms, total 62ms
