D/ConnectivityService(  303): ConnectivityChange for WIFI: CONNECTED/CONNECTED
D/ConnectivityService(  303): handleConnectivityChange: address are the same reset per doReset linkProperty[1]: resetMask=0
D/ConnectivityService(  303): NetTransition Wakelock for WifiStateMachine released by timeout
D/Tethering(  303): MasterInitialState.processMessage what=3
I/GTalkService/c(  525): [AndroidEndpoint@1101679528] connect: acct=1000000, state=CONNECTING
D/Tethering(  303): MasterInitialState.processMessage what=3
D/PicasaSyncManager( 1317): active network: NetworkInfo: type: WIFI[], state: CONNECTED/CONNECTED, reason: (unspecified), extra: (none), roaming: false, failover: false, isAvailable: true
D/PicasaSyncManager( 1317): background data: true
D/PicasaUploaderSyncManager( 3977): active network: NetworkInfo: type: WIFI[], state: CONNECTED/CONNECTED, reason: (unspecified), extra: (none), roaming: false, failover: false, isAvailable: true
D/PicasaUploaderSyncManager( 3977): background data: true
D/PicasaSyncManager( 1317): active network: NetworkInfo: type: WIFI[], state: CONNECTED/CONNECTED, reason: (unspecified), extra: (none), roaming: false, failover: false, isAvailable: true
D/PicasaSyncManager( 1317): background data: true
D/PicasaUploaderSyncManager( 3977): active network: NetworkInfo: type: WIFI[], state: CONNECTED/CONNECTED, reason: (unspecified), extra: (none), roaming: false, failover: false, isAvailable: true
D/PicasaUploaderSyncManager( 3977): background data: true
D/dalvikvm(  525): GC_CONCURRENT freed 666K, 10% free 12550K/13895K, paused 18ms+5ms, total 54ms
D/dalvikvm(  525): WAIT_FOR_CONCURRENT_GC blocked 34ms
D/dalvikvm(  525): WAIT_FOR_CONCURRENT_GC blocked 33ms
D/ConnectivityService(  303): handleInetConditionHoldEnd: net=1, condition=100, published condition=0
I/EventLogService(  525): Aggregate from 1359480913333 (log), 1359480913333 (data)
E/WalletApplication( 3991): Wallet 173 version too old to run, quitting!
D/dalvikvm(  525): GC_CONCURRENT freed 594K, 11% free 12463K/13895K, paused 13ms+3ms, total 55ms
I/ServiceDumpSys(  525): dumping service [account]
I/wpa_supplicant( 1939): wlan0: CTRL-EVENT-DISCONNECTED bssid=d8:c7:c8:b6:09:20 reason=0
D/CommandListener(  125): Clearing all IP addresses on wlan0
D/ConnectivityService(  303): ConnectivityChange for WIFI: DISCONNECTED/DISCONNECTED
D/ConnectivityService(  303): Attempting to switch to mobile
D/ConnectivityService(  303): Attempting to switch to BLUETOOTH_TETHER
D/ConnectivityService(  303): Attempting to switch to ETHERNET
D/NetUtils(  303): android_net_utils_resetConnections in env=0x40e11f58 clazz=0xfd000001 iface=wlan0 mask=0x3
W/Smack/Packet(  525): notify conn break (IOEx), close connection
D/ConnectivityService(  303): resetConnections(wlan0, 3)
D/NetUtils(  303): android_net_utils_resetConnections in env=0x40e11f58 clazz=0xff900001 iface=wlan0 mask=0x3
D/ConnectivityService(  303): ConnectivityChange for WIFI: DISCONNECTED/DISCONNECTED
D/ConnectivityService(  303): Attempting to switch to mobile
D/ConnectivityService(  303): Attempting to switch to BLUETOOTH_TETHER
D/ConnectivityService(  303): Attempting to switch to ETHERNET
D/ConnectivityService(  303): resetConnections(wlan0, 3)
I/qtaguid (  525): Failed write_ctrl(u 75) res=-1 errno=22
I/qtaguid (  525): Untagging socket 75 failed errno=-22
W/NetworkManagementSocketTagger(  525): untagSocket(75) failed with errno -22
D/ConnectivityService(  303): handleInetConditionChange: no active default network - ignore
I/wpa_supplicant( 1939): wlan0: Trying to associate with 6c:f3:7f:a6:70:61 (SSID='puwireless' freq=2412 MHz)
D/dalvikvm(  303): GC_CONCURRENT freed 1831K, 14% free 20367K/23495K, paused 7ms+10ms, total 90ms
I/wpa_supplicant( 1939): wlan0: Associated with 6c:f3:7f:a6:70:61
I/wpa_supplicant( 1939): wlan0: CTRL-EVENT-CONNECTED - Connection to 6c:f3:7f:a6:70:61 completed (reauth) [id=1 id_str=]
D/ConnectivityService(  303): ConnectivityChange for WIFI: CONNECTED/CONNECTED
D/ConnectivityService(  303): ConnectivityChange for WIFI: CONNECTED/CONNECTED
D/ConnectivityService(  303): handleConnectivityChange: address are the same reset per doReset linkProperty[1]: resetMask=0
D/ConnectivityService(  303): NetTransition Wakelock for WifiStateMachine released by timeout
D/Tethering(  303): MasterInitialState.processMessage what=3
I/GTalkService/c(  525): [AndroidEndpoint@1101679528] connect: acct=1000000, state=CONNECTING
D/dalvikvm(  525): WAIT_FOR_CONCURRENT_GC blocked 0ms
D/Tethering(  303): MasterInitialState.processMessage what=3
D/PicasaSyncManager( 1317): active network: NetworkInfo: type: WIFI[], state: CONNECTED/CONNECTED, reason: (unspecified), extra: (none), roaming: false, failover: false, isAvailable: true
D/PicasaSyncManager( 1317): background data: true
D/dalvikvm(  525): GC_EXPLICIT freed 185K, 11% free 12403K/13895K, paused 3ms+5ms, total 61ms
D/PicasaUploaderSyncManager( 3977): active network: NetworkInfo: type: WIFI[], state: CONNECTED/CONNECTED, reason: (unspecified), extra: (none), roaming: false, failover: false, isAvailable: true
D/PicasaUploaderSyncManager( 3977): background data: true
D/PicasaSyncManager( 1317): active network: NetworkInfo: type: WIFI[], state: CONNECTED/CONNECTED, reason: (unspecified), extra: (none), roaming: false, failover: false, isAvailable: true
D/PicasaSyncManager( 1317): background data: true
D/PicasaUploaderSyncManager( 3977): active network: NetworkInfo: type: WIFI[], state: CONNECTED/CONNECTED, reason: (unspecified), extra: (none), roaming: false, failover: false, isAvailable: true
D/PicasaUploaderSyncManager( 3977): background data: true
D/dalvikvm(  303): WAIT_FOR_CONCURRENT_GC blocked 0ms
D/dalvikvm(  303): GC_EXPLICIT freed 701K, 14% free 20206K/23495K, paused 4ms+8ms, total 86ms
D/ConnectivityService(  303): handleInetConditionHoldEnd: net=1, condition=100, published condition=0
D/Tethering(  303): MasterInitialState.processMessage what=3
D/Tethering(  303): MasterInitialState.processMessage what=3
D/PicasaSyncManager( 1317): active network: NetworkInfo: type: WIFI[], state: CONNECTED/CONNECTED, reason: (unspecified), extra: (none), roaming: false, failover: false, isAvailable: true
D/PicasaSyncManager( 1317): background data: true
D/PicasaUploaderSyncManager( 3977): active network: NetworkInfo: type: WIFI[], state: CONNECTED/CONNECTED, reason: (unspecified), extra: (none), roaming: false, failover: false, isAvailable: true
D/PicasaUploaderSyncManager( 3977): background data: true
D/PicasaSyncManager( 1317): active network: NetworkInfo: type: WIFI[], state: CONNECTED/CONNECTED, reason: (unspecified), extra: (none), roaming: false, failover: false, isAvailable: true
D/PicasaSyncManager( 1317): background data: true
D/PicasaUploaderSyncManager( 3977): active network: NetworkInfo: type: WIFI[], state: CONNECTED/CONNECTED, reason: (unspecified), extra: (none), roaming: false, failover: false, isAvailable: true
D/PicasaUploaderSyncManager( 3977): background data: true
I/wpa_supplicant( 1939): wlan0: CTRL-EVENT-DISCONNECTED bssid=6c:f3:7f:a6:70:61 reason=0
D/CommandListener(  125): Clearing all IP addresses on wlan0
D/ConnectivityService(  303): handleInetConditionHoldEnd: net=1, condition=100, published condition=100
W/ProcessStats(  303): Skipping unknown process pid 10692
D/ConnectivityService(  303): ConnectivityChange for WIFI: DISCONNECTED/DISCONNECTED
D/ConnectivityService(  303): Attempting to switch to mobile
D/ConnectivityService(  303): Attempting to switch to BLUETOOTH_TETHER
D/ConnectivityService(  303): Attempting to switch to ETHERNET
W/ThrottleService(  303): unable to find stats for iface rmnet0
D/NetUtils(  303): android_net_utils_resetConnections in env=0x40e11f58 clazz=0x1e200001 iface=wlan0 mask=0x3
D/ConnectivityService(  303): resetConnections(wlan0, 3)
W/Smack/Packet(  525): notify conn break (IOEx), close connection
D/NetUtils(  303): android_net_utils_resetConnections in env=0x40e11f58 clazz=0x20c00001 iface=wlan0 mask=0x3
D/ConnectivityService(  303): ConnectivityChange for WIFI: DISCONNECTED/DISCONNECTED
D/ConnectivityService(  303): Attempting to switch to mobile
D/ConnectivityService(  303): Attempting to switch to BLUETOOTH_TETHER
D/ConnectivityService(  303): Attempting to switch to ETHERNET
D/ConnectivityService(  303): resetConnections(wlan0, 3)
I/qtaguid (  525): Failed write_ctrl(u 70) res=-1 errno=22
I/qtaguid (  525): Untagging socket 70 failed errno=-22
W/NetworkManagementSocketTagger(  525): untagSocket(70) failed with errno -22
D/ConnectivityService(  303): handleInetConditionChange: no active default network - ignore
I/wpa_supplicant( 1939): wlan0: Trying to associate with 6c:f3:7f:a6:71:01 (SSID='puwireless' freq=2437 MHz)
I/wpa_supplicant( 1939): wlan0: Associated with 6c:f3:7f:a6:71:01
I/wpa_supplicant( 1939): wlan0: CTRL-EVENT-CONNECTED - Connection to 6c:f3:7f:a6:71:01 completed (reauth) [id=1 id_str=]
D/ConnectivityService(  303): ConnectivityChange for WIFI: CONNECTED/CONNECTED
D/ConnectivityService(  303): ConnectivityChange for WIFI: CONNECTED/CONNECTED
D/ConnectivityService(  303): handleConnectivityChange: address are the same reset per doReset linkProperty[1]: resetMask=0
D/ConnectivityService(  303): NetTransition Wakelock for WifiStateMachine released by timeout
D/Tethering(  303): MasterInitialState.processMessage what=3
I/GTalkService/c(  525): [AndroidEndpoint@1101679528] connect: acct=1000000, state=CONNECTING
D/Tethering(  303): MasterInitialState.processMessage what=3
D/PicasaSyncManager( 1317): active network: NetworkInfo: type: WIFI[], state: CONNECTED/CONNECTED, reason: (unspecified), extra: (none), roaming: false, failover: false, isAvailable: true
D/PicasaSyncManager( 1317): background data: true
D/PicasaUploaderSyncManager( 3977): active network: NetworkInfo: type: WIFI[], state: CONNECTED/CONNECTED, reason: (unspecified), extra: (none), roaming: false, failover: false, isAvailable: true
D/PicasaUploaderSyncManager( 3977): background data: true
D/PicasaSyncManager( 1317): active network: NetworkInfo: type: WIFI[], state: CONNECTED/CONNECTED, reason: (unspecified), extra: (none), roaming: false, failover: false, isAvailable: true
D/PicasaSyncManager( 1317): background data: true
D/PicasaUploaderSyncManager( 3977): active network: NetworkInfo: type: WIFI[], state: CONNECTED/CONNECTED, reason: (unspecified), extra: (none), roaming: false, failover: false, isAvailable: true
D/PicasaUploaderSyncManager( 3977): background data: true
D/dalvikvm(  525): GC_CONCURRENT freed 471K, 11% free 12408K/13895K, paused 3ms+5ms, total 51ms
D/ConnectivityService(  303): handleInetConditionHoldEnd: net=1, condition=100, published condition=0
D/Tethering(  303): MasterInitialState.processMessage what=3
D/Tethering(  303): MasterInitialState.processMessage what=3
D/PicasaSyncManager( 1317): active network: NetworkInfo: type: WIFI[], state: CONNECTED/CONNECTED, reason: (unspecified), extra: (none), roaming: false, failover: false, isAvailable: true
D/PicasaSyncManager( 1317): background data: true
D/PicasaUploaderSyncManager( 3977): active network: NetworkInfo: type: WIFI[], state: CONNECTED/CONNECTED, reason: (unspecified), extra: (none), roaming: false, failover: false, isAvailable: true
D/PicasaUploaderSyncManager( 3977): background data: true
D/PicasaSyncManager( 1317): active network: NetworkInfo: type: WIFI[], state: CONNECTED/CONNECTED, reason: (unspecified), extra: (none), roaming: false, failover: false, isAvailable: true
D/PicasaSyncManager( 1317): background data: true
D/PicasaUploaderSyncManager( 3977): active network: NetworkInfo: type: WIFI[], state: CONNECTED/CONNECTED, reason: (unspecified), extra: (none), roaming: false, failover: false, isAvailable: true
D/PicasaUploaderSyncManager( 3977): background data: true
D/ConnectivityService(  303): handleInetConditionHoldEnd: net=1, condition=100, published condition=100
I/wpa_supplicant( 1939): wlan0: CTRL-EVENT-DISCONNECTED bssid=6c:f3:7f:a6:71:01 reason=0
D/CommandListener(  125): Clearing all IP addresses on wlan0
D/ConnectivityService(  303): ConnectivityChange for WIFI: DISCONNECTED/DISCONNECTED
D/ConnectivityService(  303): Attempting to switch to mobile
D/ConnectivityService(  303): Attempting to switch to BLUETOOTH_TETHER
D/ConnectivityService(  303): Attempting to switch to ETHERNET
D/NetUtils(  303): android_net_utils_resetConnections in env=0x40e11f58 clazz=0x40100001 iface=wlan0 mask=0x3
W/Smack/Packet(  525): notify conn break (IOEx), close connection
D/ConnectivityService(  303): resetConnections(wlan0, 3)
D/ConnectivityService(  303): ConnectivityChange for WIFI: DISCONNECTED/DISCONNECTED
D/NetUtils(  303): android_net_utils_resetConnections in env=0x40e11f58 clazz=0x42a00001 iface=wlan0 mask=0x3
D/ConnectivityService(  303): Attempting to switch to mobile
D/ConnectivityService(  303): Attempting to switch to BLUETOOTH_TETHER
D/ConnectivityService(  303): Attempting to switch to ETHERNET
D/ConnectivityService(  303): resetConnections(wlan0, 3)
I/qtaguid (  525): Failed write_ctrl(u 70) res=-1 errno=22
I/qtaguid (  525): Untagging socket 70 failed errno=-22
W/NetworkManagementSocketTagger(  525): untagSocket(70) failed with errno -22
D/ConnectivityService(  303): handleInetConditionChange: no active default network - ignore
I/wpa_supplicant( 1939): wlan0: Trying to associate with 6c:f3:7f:a6:7d:61 (SSID='puwireless' freq=2462 MHz)
I/wpa_supplicant( 1939): wlan0: Associated with 6c:f3:7f:a6:7d:61
I/wpa_supplicant( 1939): wlan0: CTRL-EVENT-CONNECTED - Connection to 6c:f3:7f:a6:7d:61 completed (reauth) [id=1 id_str=]
D/ConnectivityService(  303): ConnectivityChange for WIFI: CONNECTED/CONNECTED
D/ConnectivityService(  303): ConnectivityChange for WIFI: CONNECTED/CONNECTED
D/ConnectivityService(  303): handleConnectivityChange: address are the same reset per doReset linkProperty[1]: resetMask=0
D/ConnectivityService(  303): NetTransition Wakelock for WifiStateMachine released by timeout
D/Tethering(  303): MasterInitialState.processMessage what=3
I/GTalkService/c(  525): [AndroidEndpoint@1101679528] connect: acct=1000000, state=CONNECTING
D/Tethering(  303): MasterInitialState.processMessage what=3
D/PicasaSyncManager( 1317): active network: NetworkInfo: type: WIFI[], state: CONNECTED/CONNECTED, reason: (unspecified), extra: (none), roaming: false, failover: false, isAvailable: true
D/PicasaSyncManager( 1317): background data: true
D/PicasaUploaderSyncManager( 3977): active network: NetworkInfo: type: WIFI[], state: CONNECTED/CONNECTED, reason: (unspecified), extra: (none), roaming: false, failover: false, isAvailable: true
D/PicasaUploaderSyncManager( 3977): background data: true
D/PicasaSyncManager( 1317): active network: NetworkInfo: type: WIFI[], state: CONNECTED/CONNECTED, reason: (unspecified), extra: (none), roaming: false, failover: false, isAvailable: true
D/PicasaSyncManager( 1317): background data: true
D/dalvikvm(  303): GC_CONCURRENT freed 1868K, 14% free 20326K/23495K, paused 14ms+9ms, total 117ms
D/PicasaUploaderSyncManager( 3977): active network: NetworkInfo: type: WIFI[], state: CONNECTED/CONNECTED, reason: (unspecified), extra: (none), roaming: false, failover: false, isAvailable: true
D/PicasaUploaderSyncManager( 3977): background data: true
D/dalvikvm(  525): GC_CONCURRENT freed 462K, 11% free 12381K/13895K, paused 13ms+4ms, total 47ms
D/ConnectivityService(  303): handleInetConditionHoldEnd: net=1, condition=100, published condition=0
D/Tethering(  303): MasterInitialState.processMessage what=3
D/Tethering(  303): MasterInitialState.processMessage what=3
D/PicasaSyncManager( 1317): active network: NetworkInfo: type: WIFI[], state: CONNECTED/CONNECTED, reason: (unspecified), extra: (none), roaming: false, failover: false, isAvailable: true
D/PicasaSyncManager( 1317): background data: true
D/dalvikvm(  303): WAIT_FOR_CONCURRENT_GC blocked 0ms
D/dalvikvm(  303): GC_EXPLICIT freed 235K, 14% free 20250K/23495K, paused 14ms+7ms, total 92ms
D/PicasaUploaderSyncManager( 3977): active network: NetworkInfo: type: WIFI[], state: CONNECTED/CONNECTED, reason: (unspecified), extra: (none), roaming: false, failover: false, isAvailable: true
D/PicasaUploaderSyncManager( 3977): background data: true
D/PicasaSyncManager( 1317): active network: NetworkInfo: type: WIFI[], state: CONNECTED/CONNECTED, reason: (unspecified), extra: (none), roaming: false, failover: false, isAvailable: true
D/PicasaSyncManager( 1317): background data: true
D/PicasaUploaderSyncManager( 3977): active network: NetworkInfo: type: WIFI[], state: CONNECTED/CONNECTED, reason: (unspecified), extra: (none), roaming: false, failover: false, isAvailable: true
D/PicasaUploaderSyncManager( 3977): background data: true
D/ConnectivityService(  303): handleInetConditionHoldEnd: net=1, condition=100, published condition=100
I/LocationManagerService(  303): remove passive (pid 5285), next minTime = 0
I/LocationManagerService(  303): request gps (pid 5285) 0 0
D/PhoneStatusBar(  385): addNotification score=10
D/dalvikvm( 5285): GC_FOR_ALLOC freed 1123K, 16% free 13714K/16199K, paused 47ms, total 51ms
D/dalvikvm( 5285): GC_FOR_ALLOC freed 321K, 16% free 13752K/16199K, paused 49ms, total 49ms
D/dalvikvm( 5285): GC_FOR_ALLOC freed 54K, 16% free 13765K/16199K, paused 48ms, total 48ms
I/dalvikvm-heap( 5285): Grow heap (frag case) to 13.537MB for 66428-byte allocation
D/dalvikvm( 5285): GC_FOR_ALLOC freed 37K, 16% free 13792K/16327K, paused 48ms, total 48ms
D/dalvikvm( 5285): GC_FOR_ALLOC freed 353K, 17% free 13701K/16327K, paused 38ms, total 38ms
D/dalvikvm( 5285): GC_FOR_ALLOC freed 339K, 16% free 13776K/16327K, paused 40ms, total 40ms
D/dalvikvm( 5285): GC_FOR_ALLOC freed 204K, 16% free 13846K/16327K, paused 54ms, total 54ms
D/dalvikvm( 5285): GC_FOR_ALLOC freed 3K, 16% free 13863K/16327K, paused 37ms, total 37ms
I/dalvikvm-heap( 5285): Grow heap (frag case) to 13.632MB for 66164-byte allocation
D/dalvikvm( 5285): GC_FOR_ALLOC freed <1K, 16% free 13927K/16455K, paused 48ms, total 48ms
D/dalvikvm( 5285): GC_FOR_ALLOC freed 233K, 16% free 13859K/16455K, paused 38ms, total 38ms
I/dalvikvm-heap( 5285): Grow heap (frag case) to 13.628MB for 66550-byte allocation
D/dalvikvm( 5285): GC_FOR_ALLOC freed 0K, 17% free 13924K/16583K, paused 48ms, total 48ms
D/dalvikvm( 5285): GC_FOR_ALLOC freed 404K, 17% free 13877K/16583K, paused 38ms, total 38ms
D/dalvikvm( 5285): GC_FOR_ALLOC freed 404K, 16% free 13996K/16583K, paused 39ms, total 39ms
D/dalvikvm( 5285): GC_FOR_ALLOC freed 377K, 16% free 14051K/16583K, paused 49ms, total 49ms
D/dalvikvm( 5285): GC_FOR_ALLOC freed 284K, 16% free 14018K/16583K, paused 37ms, total 37ms
D/dalvikvm( 5285): GC_FOR_ALLOC freed 309K, 16% free 14084K/16583K, paused 49ms, total 49ms
D/dalvikvm( 5285): GC_FOR_ALLOC freed 189K, 15% free 14153K/16583K, paused 38ms, total 39ms
D/dalvikvm( 5285): GC_FOR_ALLOC freed 188K, 15% free 14244K/16583K, paused 39ms, total 39ms
D/dalvikvm( 5285): GC_FOR_ALLOC freed 129K, 15% free 14233K/16583K, paused 39ms, total 39ms
D/dalvikvm( 5285): GC_FOR_ALLOC freed 184K, 14% free 14318K/16583K, paused 39ms, total 39ms
D/dalvikvm( 5285): GC_FOR_ALLOC freed 96K, 14% free 14306K/16583K, paused 39ms, total 39ms
D/dalvikvm( 5285): GC_FOR_ALLOC freed 205K, 14% free 14378K/16583K, paused 39ms, total 39ms
D/dalvikvm( 5285): GC_FOR_ALLOC freed 141K, 14% free 14380K/16583K, paused 40ms, total 40ms
D/dalvikvm( 5285): GC_FOR_ALLOC freed 215K, 13% free 14455K/16583K, paused 40ms, total 40ms
D/dalvikvm( 5285): GC_FOR_ALLOC freed 177K, 14% free 14375K/16583K, paused 40ms, total 40ms
D/dalvikvm( 5285): GC_FOR_ALLOC freed 65K, 13% free 14441K/16583K, paused 39ms, total 39ms
D/dalvikvm( 5285): GC_FOR_ALLOC freed 66K, 13% free 14428K/16583K, paused 39ms, total 39ms
D/dalvikvm( 5285): GC_FOR_ALLOC freed 124K, 13% free 14467K/16583K, paused 40ms, total 40ms
D/dalvikvm( 5285): GC_FOR_ALLOC freed 95K, 13% free 14447K/16583K, paused 52ms, total 52ms
D/dalvikvm( 5285): GC_FOR_ALLOC freed 121K, 13% free 14442K/16583K, paused 51ms, total 51ms
D/dalvikvm( 5285): GC_FOR_ALLOC freed 141K, 13% free 14489K/16583K, paused 41ms, total 41ms
D/dalvikvm( 5285): GC_FOR_ALLOC freed 38K, 13% free 14503K/16583K, paused 43ms, total 43ms
I/dalvikvm-heap( 5285): Grow heap (frag case) to 14.257MB for 66284-byte allocation
D/dalvikvm( 5285): GC_FOR_ALLOC freed <1K, 13% free 14567K/16711K, paused 39ms, total 39ms
D/dalvikvm( 5285): GC_FOR_ALLOC freed 176K, 14% free 14490K/16711K, paused 40ms, total 40ms
I/dalvikvm-heap( 5285): Grow heap (frag case) to 14.246MB for 66670-byte allocation
D/dalvikvm( 5285): GC_FOR_ALLOC freed <1K, 14% free 14555K/16839K, paused 50ms, total 50ms
D/dalvikvm( 5285): GC_FOR_ALLOC freed 337K, 14% free 14541K/16839K, paused 50ms, total 50ms
D/dalvikvm( 5285): GC_FOR_ALLOC freed 266K, 15% free 14468K/16839K, paused 40ms, total 40ms
D/dalvikvm( 5285): GC_FOR_ALLOC freed 247K, 14% free 14510K/16839K, paused 40ms, total 40ms
D/dalvikvm( 5285): GC_FOR_ALLOC freed 330K, 14% free 14525K/16839K, paused 40ms, total 40ms
D/dalvikvm( 5285): GC_FOR_ALLOC freed 317K, 14% free 14602K/16839K, paused 41ms, total 41ms
D/dalvikvm( 5285): GC_FOR_ALLOC freed 265K, 13% free 14720K/16839K, paused 41ms, total 41ms
D/dalvikvm( 5285): GC_FOR_ALLOC freed 240K, 13% free 14764K/16839K, paused 51ms, total 51ms
D/dalvikvm( 5285): GC_FOR_ALLOC freed 134K, 13% free 14726K/16839K, paused 50ms, total 50ms
D/dalvikvm( 5285): GC_FOR_ALLOC freed 189K, 13% free 14703K/16839K, paused 40ms, total 40ms
D/dalvikvm( 5285): GC_FOR_ALLOC freed 210K, 13% free 14761K/16839K, paused 40ms, total 40ms
D/dalvikvm( 5285): GC_FOR_ALLOC freed 206K, 13% free 14773K/16839K, paused 40ms, total 40ms
D/dalvikvm( 5285): GC_FOR_ALLOC freed 133K, 13% free 14760K/16839K, paused 40ms, total 40ms
D/dalvikvm( 5285): GC_FOR_ALLOC freed 273K, 12% free 14861K/16839K, paused 57ms, total 57ms
D/dalvikvm( 5285): GC_FOR_ALLOC freed 57K, 12% free 14953K/16839K, paused 54ms, total 54ms
I/dalvikvm-heap( 5285): Grow heap (frag case) to 14.685MB for 53678-byte allocation
D/dalvikvm( 5285): GC_FOR_ALLOC freed 37K, 12% free 14968K/16903K, paused 52ms, total 52ms
D/dalvikvm( 5285): GC_FOR_ALLOC freed 130K, 12% free 14937K/16903K, paused 53ms, total 53ms
D/dalvikvm( 5285): GC_FOR_ALLOC freed 134K, 12% free 14899K/16903K, paused 52ms, total 52ms
I/dalvikvm-heap( 5285): Grow heap (frag case) to 14.645MB for 66776-byte allocation
D/dalvikvm( 5285): GC_FOR_ALLOC freed 32K, 13% free 14932K/17031K, paused 51ms, total 51ms
D/dalvikvm( 5285): GC_FOR_ALLOC freed 320K, 13% free 14955K/17031K, paused 40ms, total 40ms
D/dalvikvm( 5285): GC_FOR_ALLOC freed 394K, 13% free 14917K/17031K, paused 43ms, total 43ms
D/dalvikvm( 5285): GC_FOR_ALLOC freed 298K, 13% free 14952K/17031K, paused 41ms, total 41ms
D/dalvikvm( 5285): GC_FOR_ALLOC freed 299K, 13% free 14953K/17031K, paused 41ms, total 41ms
D/dalvikvm( 5285): GC_FOR_ALLOC freed 244K, 12% free 15065K/17031K, paused 41ms, total 41ms
D/dalvikvm( 5285): GC_FOR_ALLOC freed 287K, 12% free 15111K/17031K, paused 42ms, total 42ms
D/dalvikvm( 5285): GC_FOR_ALLOC freed 240K, 11% free 15168K/17031K, paused 53ms, total 53ms
D/dalvikvm( 5285): GC_FOR_ALLOC freed 214K, 12% free 15053K/17031K, paused 42ms, total 42ms
D/dalvikvm( 5285): GC_FOR_ALLOC freed 132K, 12% free 15087K/17031K, paused 42ms, total 42ms
D/dalvikvm( 5285): GC_FOR_ALLOC freed 264K, 12% free 15145K/17031K, paused 42ms, total 42ms
D/dalvikvm( 5285): GC_FOR_ALLOC freed 470K, 11% free 15296K/17031K, paused 46ms, total 46ms
D/dalvikvm( 5285): GC_FOR_ALLOC freed 262K, 11% free 15226K/17031K, paused 43ms, total 43ms
D/dalvikvm( 5285): GC_FOR_ALLOC freed <1K, 11% free 15290K/17031K, paused 43ms, total 43ms
I/dalvikvm-heap( 5285): Grow heap (frag case) to 15.027MB for 66822-byte allocation
D/dalvikvm( 5285): GC_FOR_ALLOC freed 64K, 11% free 15291K/17159K, paused 43ms, total 43ms
D/dalvikvm( 5285): GC_FOR_ALLOC freed 456K, 12% free 15159K/17159K, paused 49ms, total 49ms
D/dalvikvm( 5285): GC_FOR_ALLOC freed 304K, 12% free 15233K/17159K, paused 43ms, total 43ms
I/dalvikvm-heap( 5285): Grow heap (frag case) to 14.957MB for 52824-byte allocation
D/dalvikvm( 5285): GC_FOR_ALLOC freed 25K, 12% free 15259K/17223K, paused 53ms, total 53ms
D/dalvikvm( 5285): GC_FOR_ALLOC freed 219K, 12% free 15223K/17223K, paused 42ms, total 42ms
D/dalvikvm( 5285): GC_FOR_ALLOC freed 250K, 12% free 15234K/17223K, paused 43ms, total 43ms
D/dalvikvm( 5285): GC_FOR_ALLOC freed 176K, 13% free 15156K/17223K, paused 43ms, total 43ms
D/dalvikvm( 5285): GC_FOR_ALLOC freed 373K, 13% free 15091K/17223K, paused 57ms, total 57ms
D/dalvikvm( 5285): GC_FOR_ALLOC freed 533K, 13% free 15065K/17223K, paused 47ms, total 47ms
D/dalvikvm( 5285): GC_FOR_ALLOC freed 529K, 13% free 15072K/17223K, paused 56ms, total 57ms
D/dalvikvm( 5285): GC_FOR_ALLOC freed 4K, 13% free 15137K/17223K, paused 46ms, total 46ms
I/dalvikvm-heap( 5285): Grow heap (frag case) to 14.877MB for 66814-byte allocation
D/dalvikvm( 5285): GC_FOR_ALLOC freed 64K, 13% free 15138K/17351K, paused 45ms, total 45ms
D/dalvikvm( 5285): GC_FOR_ALLOC freed 834K, 14% free 15012K/17351K, paused 43ms, total 44ms
D/dalvikvm( 5285): GC_FOR_ALLOC freed 887K, 14% free 15004K/17351K, paused 43ms, total 44ms
D/dalvikvm( 5285): GC_FOR_ALLOC freed 881K, 14% free 15016K/17351K, paused 48ms, total 48ms
D/dalvikvm( 5285): GC_FOR_ALLOC freed 1059K, 14% free 14957K/17351K, paused 44ms, total 45ms
D/dalvikvm( 5285): GC_CONCURRENT freed 1218K, 13% free 15143K/17351K, paused 13ms+3ms, total 69ms
D/dalvikvm( 5285): WAIT_FOR_CONCURRENT_GC blocked 43ms
D/dalvikvm( 5285): WAIT_FOR_CONCURRENT_GC blocked 25ms
D/dalvikvm( 5285): GC_FOR_ALLOC freed 1233K, 13% free 15210K/17351K, paused 47ms, total 47ms
D/dalvikvm( 5285): GC_FOR_ALLOC freed 1344K, 13% free 15203K/17351K, paused 52ms, total 53ms
D/dalvikvm( 5285): GC_FOR_ALLOC freed 1310K, 13% free 15256K/17351K, paused 50ms, total 50ms
D/dalvikvm( 5285): GC_FOR_ALLOC freed 1178K, 13% free 15256K/17351K, paused 51ms, total 52ms
D/dalvikvm( 5285): GC_FOR_ALLOC freed 1325K, 13% free 15147K/17351K, paused 57ms, total 57ms
D/dalvikvm( 5285): GC_CONCURRENT freed 1242K, 13% free 15252K/17351K, paused 13ms+3ms, total 62ms
D/dalvikvm( 5285): WAIT_FOR_CONCURRENT_GC blocked 46ms
D/dalvikvm( 5285): GC_FOR_ALLOC freed 1284K, 13% free 15231K/17351K, paused 53ms, total 53ms
D/dalvikvm( 5285): GC_FOR_ALLOC freed 1245K, 13% free 15229K/17351K, paused 51ms, total 51ms
D/dalvikvm( 5285): GC_FOR_ALLOC freed 1227K, 13% free 15136K/17351K, paused 49ms, total 50ms
D/dalvikvm( 5285): GC_FOR_ALLOC freed 1271K, 13% free 15154K/17351K, paused 47ms, total 47ms
D/dalvikvm( 5285): GC_FOR_ALLOC freed 1156K, 13% free 15166K/17351K, paused 46ms, total 46ms
D/dalvikvm( 5285): GC_FOR_ALLOC freed 1253K, 13% free 15129K/17351K, paused 47ms, total 48ms
D/dalvikvm( 5285): GC_FOR_ALLOC freed 1252K, 14% free 15056K/17351K, paused 52ms, total 53ms
D/dalvikvm( 5285): GC_FOR_ALLOC freed 1384K, 15% free 14898K/17351K, paused 55ms, total 55ms
D/dalvikvm( 5285): GC_FOR_ALLOC freed 1343K, 15% free 14758K/17351K, paused 53ms, total 54ms
D/dalvikvm( 5285): GC_FOR_ALLOC freed 1292K, 16% free 14630K/17351K, paused 48ms, total 48ms
D/dalvikvm( 5285): GC_CONCURRENT freed 1301K, 17% free 14520K/17351K, paused 5ms+3ms, total 50ms
D/dalvikvm( 5285): WAIT_FOR_CONCURRENT_GC blocked 46ms
D/dalvikvm( 5285): GC_CONCURRENT freed 1267K, 17% free 14414K/17351K, paused 14ms+3ms, total 56ms
D/dalvikvm( 5285): WAIT_FOR_CONCURRENT_GC blocked 36ms
D/dalvikvm( 5285): GC_CONCURRENT freed 1265K, 18% free 14276K/17351K, paused 12ms+3ms, total 54ms
D/dalvikvm( 5285): WAIT_FOR_CONCURRENT_GC blocked 40ms
D/dalvikvm( 5285): GC_CONCURRENT freed 1228K, 19% free 14175K/17351K, paused 13ms+3ms, total 54ms
D/dalvikvm( 5285): WAIT_FOR_CONCURRENT_GC blocked 38ms
D/dalvikvm( 5285): GC_CONCURRENT freed 1264K, 20% free 14037K/17351K, paused 16ms+3ms, total 71ms
D/dalvikvm( 5285): WAIT_FOR_CONCURRENT_GC blocked 54ms
D/dalvikvm( 5285): GC_CONCURRENT freed 1250K, 20% free 13889K/17351K, paused 16ms+3ms, total 66ms
D/dalvikvm( 5285): WAIT_FOR_CONCURRENT_GC blocked 28ms
W/ThrottleService(  303): unable to find stats for iface rmnet0
I/LocationManagerService(  303): remove gps (pid 5285), disabled
I/LocationManagerService(  303): request passive (pid 5285) 0 0
W/CallerInfoCache(  461): Previous cache task is remaining.
I/SystemUpdateService(  525): download in progress: [id: 8 compl: true succ: true bytes: 77928398 reason: 0 fn: /cache/e587de13bf8a.signed-takju-JOP40C-from-JZO54K.e587de13.zip]
I/SystemUpdateService(  525): file has been verified
I/SystemUpdateService(  525): OTA package size = 77928398
I/ActivityManager(  303): START {flg=0x10040000 cmp=com.google.android.gsf/.update.SystemUpdateInstallDialog u=0} from pid 525
V/SystemUpdateService(  525): retry (wakeup: true) in 1799999 ms
I/SystemUpdateService(  525): download in progress: [id: 8 compl: true succ: true bytes: 77928398 reason: 0 fn: /cache/e587de13bf8a.signed-takju-JOP40C-from-JZO54K.e587de13.zip]
I/SystemUpdateService(  525): file has been verified
I/SystemUpdateService(  525): OTA package size = 77928398
I/ActivityManager(  303): START {flg=0x10040000 cmp=com.google.android.gsf/.update.SystemUpdateInstallDialog u=0} from pid 525
V/SystemUpdateService(  525): retry (wakeup: true) in 1799999 ms
W/ThrottleService(  303): unable to find stats for iface rmnet0
E/WalletApplication( 3991): Wallet 173 version too old to run, quitting!
I/EventLogService(  525): Aggregate from 1359482713469 (log), 1359482713469 (data)
I/ServiceDumpSys(  525): dumping service [account]
D/dalvikvm(  525): GC_FOR_ALLOC freed 293K, 12% free 12316K/13895K, paused 31ms, total 33ms
W/ThrottleService(  303): unable to find stats for iface rmnet0
I/SystemUpdateService(  525): download in progress: [id: 8 compl: true succ: true bytes: 77928398 reason: 0 fn: /cache/e587de13bf8a.signed-takju-JOP40C-from-JZO54K.e587de13.zip]
I/SystemUpdateService(  525): file has been verified
I/SystemUpdateService(  525): OTA package size = 77928398
I/ActivityManager(  303): START {flg=0x10040000 cmp=com.google.android.gsf/.update.SystemUpdateInstallDialog u=0} from pid 525
V/SystemUpdateService(  525): retry (wakeup: true) in 1799999 ms
I/SystemUpdateService(  525): download in progress: [id: 8 compl: true succ: true bytes: 77928398 reason: 0 fn: /cache/e587de13bf8a.signed-takju-JOP40C-from-JZO54K.e587de13.zip]
I/SystemUpdateService(  525): file has been verified
I/SystemUpdateService(  525): OTA package size = 77928398
I/ActivityManager(  303): START {flg=0x10040000 cmp=com.google.android.gsf/.update.SystemUpdateInstallDialog u=0} from pid 525
V/SystemUpdateService(  525): retry (wakeup: true) in 1799999 ms
W/ThrottleService(  303): unable to find stats for iface rmnet0
D/PhoneStatusBar(  385): addNotification score=-20
D/PhoneStatusBar(  385): addNotification score=-10
D/PicasaSyncManager( 1317): battery info: true
D/PicasaUploaderSyncManager( 3977): battery info: true
W/PowerUI (  385): unknown intent: Intent { act=android.intent.action.ACTION_POWER_CONNECTED flg=0x8000010 }
I/WindowManager(  303): Lock screen displayed!
D/SurfaceFlinger(  128): Screen about to return, flinger = 0x4170eaf0
E/PowerManagerService(  303): Excessive delay setting brightness: 289ms, mask=2
D/dalvikvm(  303): JIT code cache reset in 10 ms (1048572 bytes 5/0)
D/dalvikvm(  303): GC_CONCURRENT freed 1781K, 14% free 20404K/23495K, paused 19ms+22ms, total 121ms
D/MtpService( 1819): addStorageLocked 65537 /storage/sdcard0
D/MtpService( 1819): starting MTP server in MTP mode
D/MtpService( 1819): addStorageLocked 65537 /storage/sdcard0
D/dalvikvm(  303): GC_CONCURRENT freed 1915K, 14% free 20434K/23495K, paused 13ms+10ms, total 116ms
D/dalvikvm(  303): GC_CONCURRENT freed 1931K, 14% free 20432K/23495K, paused 18ms+11ms, total 99ms
D/dalvikvm(  303): GC_CONCURRENT freed 1927K, 14% free 20432K/23495K, paused 6ms+12ms, total 92ms
D/dalvikvm(  303): GC_CONCURRENT freed 1931K, 14% free 20429K/23495K, paused 18ms+11ms, total 115ms
D/dalvikvm(  303): GC_CONCURRENT freed 1925K, 14% free 20433K/23495K, paused 6ms+10ms, total 89ms
D/SurfaceFlinger(  128): About to give-up screen, flinger = 0x4170eaf0
D/dalvikvm(  303): GC_FOR_ALLOC freed 3405K, 20% free 18904K/23495K, paused 88ms, total 88ms
V/TransportControlView(  303): Create TCV com.android.internal.widget.TransportControlView@41d1df80
V/LockPatternKeyguardView(  303): Set visibility on com.android.internal.policy.impl.LockPatternKeyguardView$4@41d65fa8 to 8388608
V/LockPatternKeyguardView(  303): Set visibility on com.android.internal.policy.impl.LockPatternKeyguardView$4@41d65fa8 to 8388608
D/dalvikvm(  385): GC_CONCURRENT freed 767K, 16% free 13671K/16199K, paused 2ms+4ms, total 28ms
E/WalletApplication( 3991): Wallet 173 version too old to run, quitting!
I/EventLogService(  525): Aggregate from 1359484513602 (log), 1359484513602 (data)
D/dalvikvm(  525): GC_FOR_ALLOC freed 303K, 13% free 12190K/13895K, paused 38ms, total 40ms
I/ServiceDumpSys(  525): dumping service [account]
W/ThrottleService(  303): unable to find stats for iface rmnet0
W/ThrottleService(  303): unable to find stats for iface rmnet0
D/dalvikvm( 1819): WAIT_FOR_CONCURRENT_GC blocked 0ms
D/dalvikvm( 1819): GC_EXPLICIT freed 395K, 5% free 11050K/11591K, paused 3ms+4ms, total 31ms
I/SystemUpdateService(  525): download in progress: [id: 8 compl: true succ: true bytes: 77928398 reason: 0 fn: /cache/e587de13bf8a.signed-takju-JOP40C-from-JZO54K.e587de13.zip]
I/SystemUpdateService(  525): file has been verified
I/SystemUpdateService(  525): OTA package size = 77928398
I/ActivityManager(  303): START {flg=0x10040000 cmp=com.google.android.gsf/.update.SystemUpdateInstallDialog u=0} from pid 525
V/SystemUpdateService(  525): retry (wakeup: true) in 1799999 ms
I/SystemUpdateService(  525): download in progress: [id: 8 compl: true succ: true bytes: 77928398 reason: 0 fn: /cache/e587de13bf8a.signed-takju-JOP40C-from-JZO54K.e587de13.zip]
I/SystemUpdateService(  525): file has been verified
I/SystemUpdateService(  525): OTA package size = 77928398
I/ActivityManager(  303): START {flg=0x10040000 cmp=com.google.android.gsf/.update.SystemUpdateInstallDialog u=0} from pid 525
D/dalvikvm(  525): GC_FOR_ALLOC freed 193K, 13% free 12134K/13895K, paused 26ms, total 27ms
V/SystemUpdateService(  525): retry (wakeup: true) in 1799998 ms
I/CheckinService(  525): Preparing to send checkin request
I/EventLogService(  525): Accumulating logs since 1359486314102
D/dalvikvm(  525): GC_FOR_ALLOC freed 244K, 13% free 12152K/13895K, paused 25ms, total 25ms
D/dalvikvm(  525): GC_FOR_ALLOC freed 150K, 13% free 12149K/13895K, paused 24ms, total 24ms
D/dalvikvm(  525): GC_FOR_ALLOC freed 141K, 13% free 12155K/13895K, paused 24ms, total 25ms
I/CheckinTask(  525): Sending checkin request (2211 bytes)
D/dalvikvm(  525): GC_CONCURRENT freed 323K, 13% free 12228K/13895K, paused 13ms+3ms, total 40ms
D/dalvikvm(  525): WAIT_FOR_CONCURRENT_GC blocked 19ms
I/CheckinTask(  525): Checkin success: https://android.clients.google.com/checkin (1 requests sent)
D/dalvikvm(  303): GC_CONCURRENT freed 1529K, 18% free 19304K/23495K, paused 6ms+9ms, total 94ms
W/ThrottleService(  303): unable to find stats for iface rmnet0
E/WalletApplication( 3991): Wallet 173 version too old to run, quitting!
I/EventLogService(  525): Aggregate from 1359487696404 (log), 1359486314102 (data)
I/ServiceDumpSys(  525): dumping service [account]
D/dalvikvm(  525): GC_FOR_ALLOC freed 279K, 13% free 12169K/13895K, paused 26ms, total 26ms
W/ThrottleService(  303): unable to find stats for iface rmnet0
D/AndroidRuntime(11132): 
D/AndroidRuntime(11132): >>>>>> AndroidRuntime START com.android.internal.os.RuntimeInit <<<<<<
D/AndroidRuntime(11132): CheckJNI is OFF
D/dalvikvm(11132): Trying to load lib libjavacore.so 0x0
D/dalvikvm(11132): Added shared lib libjavacore.so 0x0
D/dalvikvm(11132): Trying to load lib libnativehelper.so 0x0
D/dalvikvm(11132): Added shared lib libnativehelper.so 0x0
D/AndroidRuntime(11132): Calling main entry com.android.commands.pm.Pm
I/ActivityManager(  303): Start proc com.android.defcontainer for service com.android.defcontainer/.DefaultContainerService: pid=11142 uid=10012 gids={1015, 2001, 1028}
W/ActivityManager(  303): No content provider found for permission revoke: file:///data/local/tmp/Serval-debug.apk
W/ActivityManager(  303): No content provider found for permission revoke: file:///data/local/tmp/Serval-debug.apk
I/PackageManager(  303): Removing non-system package:org.servalarch.serval
I/ActivityManager(  303): Force stopping package org.servalarch.serval uid=10062
I/ActivityManager(  303): Killing proc 4121:org.servalarch.serval/u0a62: force stop
I/PackageManager(  303): Running dexopt on: org.servalarch.serval
I/PackageManager(  303): Package org.servalarch.serval codePath changed from /data/app/org.servalarch.serval-1.apk to /data/app/org.servalarch.serval-2.apk; Retaining data and using new
D/dalvikvm(11155): DexOpt: 'Landroid/annotation/SuppressLint;' has an earlier definition; blocking out
D/dalvikvm(11155): DexOpt: 'Landroid/annotation/TargetApi;' has an earlier definition; blocking out
D/dalvikvm(11155): DexOpt: not verifying/optimizing 'Landroid/annotation/SuppressLint;': multiple definitions
D/dalvikvm(11155): DexOpt: not verifying/optimizing 'Landroid/annotation/TargetApi;': multiple definitions
D/dalvikvm(11155): DexOpt: load 53ms, verify+opt 268ms, 858460 bytes
W/PackageManager(  303): Code path for pkg : org.servalarch.serval changing from /data/app/org.servalarch.serval-1.apk to /data/app/org.servalarch.serval-2.apk
I/ActivityManager(  303): Force stopping package org.servalarch.serval uid=10062
W/PackageManager(  303): Resource path for pkg : org.servalarch.serval changing from /data/app/org.servalarch.serval-1.apk to /data/app/org.servalarch.serval-2.apk
D/PackageManager(  303): New package installed in /data/app/org.servalarch.serval-2.apk
D/dalvikvm( 5635): WAIT_FOR_CONCURRENT_GC blocked 0ms
I/ActivityManager(  303): Force stopping package org.servalarch.serval uid=10062
I/RegisteredComponentCache(  472): ComponentInfo: ResolveInfo{419f2fe0 com.android.apps.tag.TagViewer p=0 o=0 m=0x108000}, techs: android.nfc.tech.Ndef, 
I/InputReader(  303): Reconfiguring input devices.  changes=0x00000010
D/PackageManager(  303): generateServicesMap(android.accounts.AccountAuthenticator): 3 services unchanged
I/InputReader(  303): Reconfiguring input devices.  changes=0x00000010
I/Launcher(  490): setLoadOnResume
I/RegisteredComponentCache(  472): ComponentInfo: ResolveInfo{41940fd8 com.android.apps.tag.TagViewer p=0 o=0 m=0x108000}, techs: android.nfc.tech.Ndef, 
D/dalvikvm( 5635): GC_EXPLICIT freed 243K, 3% free 11057K/11335K, paused 3ms+3ms, total 102ms
D/PackageManager(  303): generateServicesMap(android.content.SyncAdapter): 20 services unchanged
D/PackageManager(  303): generateServicesMap(android.accounts.AccountAuthenticator): 3 services unchanged
D/BackupManagerService(  303): Received broadcast Intent { act=android.intent.action.PACKAGE_REMOVED dat=package:org.servalarch.serval flg=0x8000010 (has extras) }
D/dalvikvm(  303): WAIT_FOR_CONCURRENT_GC blocked 0ms
D/PackageManager(  303): generateServicesMap(android.content.SyncAdapter): 20 services unchanged
D/BackupManagerService(  303): Received broadcast Intent { act=android.intent.action.PACKAGE_ADDED dat=package:org.servalarch.serval flg=0x8000010 (has extras) }
V/BackupManagerService(  303): removePackageParticipantsLocked: uid=10062 #1
V/BackupManagerService(  303): addPackageParticipantsLocked: #1
I/ActivityManager(  303): Start proc com.google.android.googlequicksearchbox for broadcast com.google.android.googlequicksearchbox/com.google.android.apps.sidekick.GmmLocationProviderImpl$GmmPackageWatcher: pid=11157 uid=10024 gids={3003, 1028, 1007, 3002, 1015}
D/dalvikvm(11157): WAIT_FOR_CONCURRENT_GC blocked 0ms
I/ActivityThread(11157): Pub com.google.android.googlequicksearchbox.google: com.google.android.searchcommon.google.GoogleSuggestionProvider
I/ActivityThread(11157): Pub com.google.android.googlequicksearchbox.AudioProvider: com.google.android.voicesearch.AudioProvider
D/dalvikvm(11157): GC_CONCURRENT freed 168K, 2% free 11071K/11271K, paused 16ms+2ms, total 36ms
D/dalvikvm(11157): WAIT_FOR_CONCURRENT_GC blocked 13ms
D/dalvikvm(11157): WAIT_FOR_CONCURRENT_GC blocked 17ms
D/dalvikvm(11157): WAIT_FOR_CONCURRENT_GC blocked 23ms
I/VoiceImeLanguageUpdaterImpl(11157): #internalUpdateLanguages #73
D/dalvikvm(  303): GC_EXPLICIT freed 2024K, 18% free 19328K/23495K, paused 13ms+19ms, total 293ms
D/dalvikvm(  303): WAIT_FOR_CONCURRENT_GC blocked 18ms
D/dalvikvm(  303): WAIT_FOR_CONCURRENT_GC blocked 95ms
D/AndroidRuntime(11132): Shutting down VM
D/dalvikvm(11132): GC_CONCURRENT freed 97K, 89% free 453K/4096K, paused 1ms+1ms, total 5ms
I/AndroidRuntime(11132): NOTE: attach of thread 'Binder_3' failed
D/dalvikvm(11157): GC_CONCURRENT freed 421K, 4% free 11192K/11655K, paused 22ms+3ms, total 54ms
D/dalvikvm(11157): WAIT_FOR_CONCURRENT_GC blocked 15ms
D/dalvikvm(  129): WAIT_FOR_CONCURRENT_GC blocked 0ms
I/ActivityManager(  303): Start proc com.google.android.partnersetup for content provider com.google.android.partnersetup/.RlzAppProvider: pid=11183 uid=10022 gids={3003, 1028}
D/dalvikvm(  129): GC_EXPLICIT freed 38K, 3% free 10735K/11011K, paused 2ms+3ms, total 26ms
D/dalvikvm(  129): WAIT_FOR_CONCURRENT_GC blocked 0ms
D/dalvikvm(  129): GC_EXPLICIT freed <1K, 3% free 10735K/11011K, paused 2ms+2ms, total 25ms
D/dalvikvm(  129): WAIT_FOR_CONCURRENT_GC blocked 0ms
D/dalvikvm(  129): GC_EXPLICIT freed <1K, 3% free 10735K/11011K, paused 2ms+2ms, total 25ms
I/ActivityThread(11183): Pub com.google.android.partnersetup.rlzprovider: com.google.android.partnersetup.RlzProvider
I/ActivityThread(11183): Pub com.google.android.partnersetup.rlzappprovider: com.google.android.partnersetup.RlzAppProvider
I/ActivityManager(  303): Start proc com.android.keychain for broadcast com.android.keychain/.KeyChainBroadcastReceiver: pid=11202 uid=1000 gids={1015, 3002, 3001, 3003, 1028, 3007}
I/ActivityManager(  303): No longer want com.google.android.apps.maps:GoogleLocationService (pid 5285): hidden #16
D/dalvikvm(  303): WAIT_FOR_CONCURRENT_GC blocked 0ms
I/LocationManagerService(  303): remove passive (pid 303), next minTime = 0
W/ActivityManager(  303): Scheduling restart of crashed service com.google.android.apps.maps/com.google.android.location.internal.server.GoogleLocationService in 5000ms
D/dalvikvm(11157): GC_CONCURRENT freed 363K, 4% free 11268K/11719K, paused 13ms+3ms, total 34ms
D/dalvikvm(  303): GC_EXPLICIT freed 315K, 19% free 19258K/23495K, paused 14ms+20ms, total 137ms
I/ActivityManager(  303): Start proc com.android.musicfx for broadcast com.android.musicfx/.Compatibility$Receiver: pid=11219 uid=10038 gids={3003, 3002, 1028}
I/ActivityManager(  303): No longer want com.google.android.apps.maps:FriendService (pid 3842): hidden #16
I/ActivityManager(  303): Start proc eu.chainfire.supersu for broadcast eu.chainfire.supersu/.InstallReceiver: pid=11234 uid=10044 gids={1028}
I/ActivityManager(  303): No longer want com.google.android.apps.maps:LocationFriendService (pid 3867): hidden #16
I/ActivityManager(  303): Start proc com.google.android.apps.maps:FriendService for broadcast com.google.android.apps.maps/com.google.googlenav.friend.android.ServiceReceiver: pid=11263 uid=10033 gids={3003, 1015, 1028}
I/ActivityManager(  303): No longer want com.google.android.calendar (pid 5220): hidden #16
D/dalvikvm(11263): GC_CONCURRENT freed 160K, 2% free 11080K/11271K, paused 14ms+3ms, total 35ms
D/dalvikvm(11263): WAIT_FOR_CONCURRENT_GC blocked 9ms
D/dalvikvm(11263): GC_CONCURRENT freed 145K, 2% free 11441K/11655K, paused 11ms+13ms, total 41ms
I/ActivityManager(  303): Start proc com.google.android.apps.maps:GoogleLocationService for service com.google.android.apps.maps/com.google.android.location.internal.server.GoogleLocationService: pid=11276 uid=10033 gids={3003, 1015, 1028}
I/ActivityManager(  303): Start proc com.google.android.apps.maps:LocationFriendService for broadcast com.google.android.apps.maps/com.google.googlenav.friend.reporting.LocationReportingIntentReceiver: pid=11289 uid=10033 gids={3003, 1015, 1028}
I/ActivityManager(  303): No longer want com.android.providers.calendar (pid 5236): hidden #16
D/dalvikvm(11276): GC_CONCURRENT freed 163K, 2% free 11077K/11271K, paused 21ms+2ms, total 46ms
D/dalvikvm(11276): WAIT_FOR_CONCURRENT_GC blocked 14ms
D/dalvikvm(11289): GC_CONCURRENT freed 165K, 2% free 11075K/11271K, paused 13ms+3ms, total 57ms
D/dalvikvm(11289): WAIT_FOR_CONCURRENT_GC blocked 31ms
D/dalvikvm(11276): GC_CONCURRENT freed 150K, 2% free 11443K/11655K, paused 1ms+13ms, total 46ms
D/dalvikvm(11289): GC_CONCURRENT freed 147K, 2% free 11441K/11655K, paused 2ms+13ms, total 39ms
I/ActivityManager(  303): No longer want com.google.android.inputmethod.latin.dictionarypack (pid 3343): hidden #16
D/dalvikvm(11276): GC_CONCURRENT freed 167K, 2% free 11819K/12039K, paused 12ms+2ms, total 34ms
D/dalvikvm(11276): WAIT_FOR_CONCURRENT_GC blocked 5ms
D/dalvikvm(11276): GC_CONCURRENT freed 173K, 3% free 12141K/12423K, paused 12ms+13ms, total 46ms
D/dalvikvm(11276): GC_CONCURRENT freed 207K, 2% free 12434K/12679K, paused 13ms+18ms, total 60ms
D/dalvikvm(11276): GC_CONCURRENT freed 172K, 2% free 12845K/13063K, paused 12ms+4ms, total 47ms
I/LocationManagerService(  303): request passive (pid 11276) 0 0
I/dalvikvm(11276): Total arena pages for JIT: 11
I/dalvikvm(11276): Total arena pages for JIT: 12
I/dalvikvm(11276): Total arena pages for JIT: 13
I/dalvikvm(11276): Total arena pages for JIT: 14
I/dalvikvm(11276): Total arena pages for JIT: 15
I/dalvikvm(11276): Total arena pages for JIT: 16
I/dalvikvm(11276): Total arena pages for JIT: 17
D/dalvikvm(11276): GC_CONCURRENT freed 885K, 7% free 12633K/13575K, paused 2ms+5ms, total 49ms
I/LocationManagerService(  303): remove passive (pid 11276), next minTime = 0
I/LocationManagerService(  303): request gps (pid 11276) 0 0
D/PhoneStatusBar(  385): addNotification score=10
D/dalvikvm(11157): GC_CONCURRENT freed 395K, 4% free 11334K/11783K, paused 13ms+3ms, total 38ms
I/LocationManagerService(  303): remove gps (pid 11276), disabled
I/LocationManagerService(  303): request passive (pid 11276) 0 0
I/WindowManager(  303): Lock screen displayed!
D/SurfaceFlinger(  128): Screen about to return, flinger = 0x4170eaf0
E/PowerManagerService(  303): Excessive delay setting brightness: 261ms, mask=2
I/ActivityManager(  303): No longer want com.google.android.apps.uploader (pid 3977): hidden #16
D/PhoneStatusBar(  385): disable: < expand icons alerts ticker system_info BACK HOME recent* CLOCK >
D/NfcService(  472): NFC-C ON
D/PhoneStatusBar(  385): disable: < expand icons alerts ticker system_info back* home* recent clock* >
W/System.err( 3220): Removed 2131231183
W/System.err( 3220): Removed 2131231190
I/ActivityManager(  303): No longer want android.process.media (pid 1819): hidden #16
W/ActivityManager(  303): Scheduling restart of crashed service com.android.providers.media/.MtpService in 5000ms
I/ActivityManager(  303): Start proc android.process.media for content provider com.android.providers.downloads/.DownloadProvider: pid=11326 uid=10014 gids={1015, 1023, 1024, 1028, 2001, 3003, 3007}
I/ActivityManager(  303): No longer want com.google.android.apps.walletnfcrel (pid 3991): hidden #16
I/ActivityThread(11326): Pub media: com.android.providers.media.MediaProvider
I/ActivityThread(11326): Pub downloads: com.android.providers.downloads.DownloadProvider
I/DownloadManager(11326): in removeSpuriousFiles
I/ActivityThread(11326): Pub drm: com.android.providers.drm.DrmProvider
I/SystemUpdateService(  525): download in progress: [id: 8 compl: true succ: true bytes: 77928398 reason: 0 fn: /cache/e587de13bf8a.signed-takju-JOP40C-from-JZO54K.e587de13.zip]
I/SystemUpdateService(  525): file has been verified
I/SystemUpdateService(  525): OTA package size = 77928398
V/SystemUpdateService(  525): retry (wakeup: true) in 1797795 ms
I/SystemUpdateService(  525): download in progress: [id: 8 compl: true succ: true bytes: 77928398 reason: 0 fn: /cache/e587de13bf8a.signed-takju-JOP40C-from-JZO54K.e587de13.zip]
I/SystemUpdateService(  525): file has been verified
I/SystemUpdateService(  525): OTA package size = 77928398
V/SystemUpdateService(  525): retry (wakeup: true) in 1797769 ms
D/dalvikvm(  303): GC_FOR_ALLOC freed 2073K, 20% free 18820K/23495K, paused 69ms, total 71ms
I/UsageStats(  303): No package stats for pkg:com.android.settings
W/System.err( 3220): Removed 2131231183
W/System.err( 3220): Removed 2131231190
D/dalvikvm(  490): GC_CONCURRENT freed 1592K, 49% free 15937K/31239K, paused 5ms+12ms, total 65ms
D/Finsky  ( 3472): [1] 5.onFinished: Installation state replication succeeded.
D/dalvikvm(  490): WAIT_FOR_CONCURRENT_GC blocked 0ms
D/dalvikvm(  490): GC_EXPLICIT freed 564K, 49% free 15939K/31239K, paused 2ms+4ms, total 39ms
D/dalvikvm(  490): GC_FOR_ALLOC freed 725K, 48% free 16403K/31239K, paused 21ms, total 24ms
D/dalvikvm(  490): GC_CONCURRENT freed 24K, 42% free 18208K/31239K, paused 12ms+6ms, total 43ms
D/dalvikvm(  490): WAIT_FOR_CONCURRENT_GC blocked 13ms
D/dalvikvm(  490): GC_FOR_ALLOC freed 1848K, 43% free 18065K/31239K, paused 36ms, total 39ms
D/dalvikvm(  490): GC_FOR_ALLOC freed 1801K, 43% free 17943K/31239K, paused 18ms, total 18ms
D/dalvikvm(  490): GC_FOR_ALLOC freed 505K, 39% free 19282K/31239K, paused 25ms, total 25ms
D/dalvikvm(  490): GC_FOR_ALLOC freed 1531K, 38% free 19541K/31239K, paused 28ms, total 28ms
D/dalvikvm(  490): GC_FOR_ALLOC freed 4K, 35% free 20416K/31239K, paused 18ms, total 18ms
I/dalvikvm-heap(  490): Grow heap (frag case) to 22.588MB for 2747152-byte allocation
D/dalvikvm(  490): GC_FOR_ALLOC freed 1257K, 31% free 21842K/31239K, paused 23ms, total 23ms
D/dalvikvm(  490): GC_CONCURRENT freed 1K, 30% free 22035K/31239K, paused 12ms+3ms, total 33ms
D/MtpService(11326): addStorageLocked 65537 /storage/sdcard0
