D/CommandListener(  125): Clearing all IP addresses on wlan0
D/ConnectivityService(  303): ConnectivityChange for WIFI: DISCONNECTED/DISCONNECTED
D/ConnectivityService(  303): Attempting to switch to mobile
D/NetUtils(  303): android_net_utils_resetConnections in env=0x40e11f58 clazz=0xdcd00001 iface=wlan0 mask=0x3
D/ConnectivityService(  303): Attempting to switch to BLUETOOTH_TETHER
D/ConnectivityService(  303): Attempting to switch to ETHERNET
D/ConnectivityService(  303): resetConnections(wlan0, 3)
W/Smack/Packet(  525): notify conn break (IOEx), close connection
D/NetUtils(  303): android_net_utils_resetConnections in env=0x40e11f58 clazz=0xdf700001 iface=wlan0 mask=0x3
D/ConnectivityService(  303): ConnectivityChange for WIFI: DISCONNECTED/DISCONNECTED
D/ConnectivityService(  303): Attempting to switch to mobile
D/ConnectivityService(  303): Attempting to switch to BLUETOOTH_TETHER
D/ConnectivityService(  303): Attempting to switch to ETHERNET
D/ConnectivityService(  303): resetConnections(wlan0, 3)
I/qtaguid (  525): Failed write_ctrl(u 70) res=-1 errno=22
I/qtaguid (  525): Untagging socket 70 failed errno=-22
W/NetworkManagementSocketTagger(  525): untagSocket(70) failed with errno -22
D/ConnectivityService(  303): handleInetConditionChange: no active default network - ignore
I/wpa_supplicant( 1939): wlan0: Trying to associate with 00:19:aa:14:e2:31 (SSID='puwireless' freq=2462 MHz)
I/wpa_supplicant( 1939): wlan0: Associated with 00:19:aa:14:e2:31
I/wpa_supplicant( 1939): wlan0: CTRL-EVENT-CONNECTED - Connection to 00:19:aa:14:e2:31 completed (reauth) [id=1 id_str=]
D/Tethering(  303): MasterInitialState.processMessage what=3
D/Tethering(  303): MasterInitialState.processMessage what=3
D/PicasaSyncManager( 1317): active network: null
D/PicasaSyncManager( 1317): background data: true
D/PicasaUploaderSyncManager( 3977): active network: null
D/PicasaUploaderSyncManager( 3977): background data: true
D/PicasaSyncManager( 1317): active network: null
D/PicasaSyncManager( 1317): background data: true
D/PicasaUploaderSyncManager( 3977): active network: null
D/PicasaUploaderSyncManager( 3977): background data: true
D/dalvikvm(  303): GC_CONCURRENT freed 1996K, 14% free 20373K/23495K, paused 15ms+9ms, total 121ms
I/wpa_supplicant( 1939): wlan0: CTRL-EVENT-DISCONNECTED bssid=00:19:aa:14:e2:31 reason=0
D/CommandListener(  125): Clearing all IP addresses on wlan0
D/ConnectivityService(  303): ConnectivityChange for WIFI: DISCONNECTED/DISCONNECTED
D/ConnectivityService(  303): Attempting to switch to mobile
D/ConnectivityService(  303): Attempting to switch to BLUETOOTH_TETHER
D/ConnectivityService(  303): Attempting to switch to ETHERNET
D/ConnectivityService(  303): ConnectivityChange for WIFI: DISCONNECTED/DISCONNECTED
D/ConnectivityService(  303): Attempting to switch to mobile
D/ConnectivityService(  303): Attempting to switch to BLUETOOTH_TETHER
D/ConnectivityService(  303): Attempting to switch to ETHERNET
I/wpa_supplicant( 1939): wlan0: Trying to associate with 00:0f:34:74:76:11 (SSID='puwireless' freq=2412 MHz)
I/wpa_supplicant( 1939): wlan0: Associated with 00:0f:34:74:76:11
I/wpa_supplicant( 1939): wlan0: CTRL-EVENT-CONNECTED - Connection to 00:0f:34:74:76:11 completed (reauth) [id=1 id_str=]
D/ConnectivityService(  303): ConnectivityChange for WIFI: CONNECTED/CONNECTED
D/ConnectivityService(  303): ConnectivityChange for WIFI: CONNECTED/CONNECTED
D/ConnectivityService(  303): handleConnectivityChange: address are the same reset per doReset linkProperty[1]: resetMask=0
D/Tethering(  303): MasterInitialState.processMessage what=3
I/GTalkService/c(  525): [AndroidEndpoint@1101679528] connect: acct=1000000, state=CONNECTING
D/Tethering(  303): MasterInitialState.processMessage what=3
D/PicasaSyncManager( 1317): active network: NetworkInfo: type: WIFI[], state: CONNECTED/CONNECTED, reason: (unspecified), extra: (none), roaming: false, failover: false, isAvailable: true
D/PicasaSyncManager( 1317): background data: true
D/dalvikvm(  303): WAIT_FOR_CONCURRENT_GC blocked 0ms
D/dalvikvm(  303): GC_EXPLICIT freed 739K, 14% free 20272K/23495K, paused 3ms+8ms, total 89ms
D/PicasaUploaderSyncManager( 3977): active network: NetworkInfo: type: WIFI[], state: CONNECTED/CONNECTED, reason: (unspecified), extra: (none), roaming: false, failover: false, isAvailable: true
D/PicasaUploaderSyncManager( 3977): background data: true
D/dalvikvm( 1819): WAIT_FOR_CONCURRENT_GC blocked 0ms
D/PicasaSyncManager( 1317): active network: NetworkInfo: type: WIFI[], state: CONNECTED/CONNECTED, reason: (unspecified), extra: (none), roaming: false, failover: false, isAvailable: true
D/PicasaSyncManager( 1317): background data: true
D/dalvikvm( 1819): GC_EXPLICIT freed 272K, 6% free 11006K/11591K, paused 3ms+4ms, total 45ms
D/PicasaUploaderSyncManager( 3977): active network: NetworkInfo: type: WIFI[], state: CONNECTED/CONNECTED, reason: (unspecified), extra: (none), roaming: false, failover: false, isAvailable: true
D/PicasaUploaderSyncManager( 3977): background data: true
D/dalvikvm(  525): GC_CONCURRENT freed 417K, 6% free 12106K/12743K, paused 3ms+4ms, total 31ms
D/ConnectivityService(  303): NetTransition Wakelock for WifiStateMachine released by timeout
D/ConnectivityService(  303): handleInetConditionHoldEnd: net=1, condition=100, published condition=0
D/Tethering(  303): MasterInitialState.processMessage what=3
D/Tethering(  303): MasterInitialState.processMessage what=3
D/PicasaSyncManager( 1317): active network: NetworkInfo: type: WIFI[], state: CONNECTED/CONNECTED, reason: (unspecified), extra: (none), roaming: false, failover: false, isAvailable: true
D/PicasaSyncManager( 1317): background data: true
D/PicasaUploaderSyncManager( 3977): active network: NetworkInfo: type: WIFI[], state: CONNECTED/CONNECTED, reason: (unspecified), extra: (none), roaming: false, failover: false, isAvailable: true
D/PicasaUploaderSyncManager( 3977): background data: true
D/dalvikvm( 3635): GC_CONCURRENT freed 561K, 5% free 12855K/13511K, paused 6ms+18ms, total 75ms
D/PicasaSyncManager( 1317): active network: NetworkInfo: type: WIFI[], state: CONNECTED/CONNECTED, reason: (unspecified), extra: (none), roaming: false, failover: false, isAvailable: true
D/PicasaSyncManager( 1317): background data: true
D/PicasaUploaderSyncManager( 3977): active network: NetworkInfo: type: WIFI[], state: CONNECTED/CONNECTED, reason: (unspecified), extra: (none), roaming: false, failover: false, isAvailable: true
D/PicasaUploaderSyncManager( 3977): background data: true
D/ConnectivityService(  303): handleInetConditionHoldEnd: net=1, condition=100, published condition=100
I/wpa_supplicant( 1939): wlan0: CTRL-EVENT-DISCONNECTED bssid=00:0f:34:74:76:11 reason=0
D/CommandListener(  125): Clearing all IP addresses on wlan0
D/ConnectivityService(  303): ConnectivityChange for WIFI: DISCONNECTED/DISCONNECTED
D/NetUtils(  303): android_net_utils_resetConnections in env=0x40e11f58 clazz=0x4d00001 iface=wlan0 mask=0x3
D/ConnectivityService(  303): Attempting to switch to mobile
D/ConnectivityService(  303): Attempting to switch to BLUETOOTH_TETHER
D/ConnectivityService(  303): Attempting to switch to ETHERNET
D/ConnectivityService(  303): resetConnections(wlan0, 3)
W/Smack/Packet(  525): notify conn break (IOEx), close connection
D/ConnectivityService(  303): ConnectivityChange for WIFI: DISCONNECTED/DISCONNECTED
D/ConnectivityService(  303): Attempting to switch to mobile
D/ConnectivityService(  303): Attempting to switch to BLUETOOTH_TETHER
D/ConnectivityService(  303): Attempting to switch to ETHERNET
D/NetUtils(  303): android_net_utils_resetConnections in env=0x40e11f58 clazz=0x7700001 iface=wlan0 mask=0x3
D/ConnectivityService(  303): resetConnections(wlan0, 3)
I/wpa_supplicant( 1939): wlan0: Trying to associate with 00:19:aa:26:d0:f1 (SSID='puwireless' freq=2412 MHz)
I/qtaguid (  525): Failed write_ctrl(u 70) res=-1 errno=22
I/qtaguid (  525): Untagging socket 70 failed errno=-22
W/NetworkManagementSocketTagger(  525): untagSocket(70) failed with errno -22
D/ConnectivityService(  303): handleInetConditionChange: no active default network - ignore
I/wpa_supplicant( 1939): wlan0: Associated with 00:19:aa:26:d0:f1
I/wpa_supplicant( 1939): wlan0: CTRL-EVENT-CONNECTED - Connection to 00:19:aa:26:d0:f1 completed (reauth) [id=1 id_str=]
D/ConnectivityService(  303): ConnectivityChange for WIFI: CONNECTED/CONNECTED
D/ConnectivityService(  303): ConnectivityChange for WIFI: CONNECTED/CONNECTED
D/ConnectivityService(  303): handleConnectivityChange: address are the same reset per doReset linkProperty[1]: resetMask=0
D/dalvikvm(  461): GC_CONCURRENT freed 368K, 5% free 11200K/11783K, paused 7ms+7ms, total 41ms
D/ConnectivityService(  303): NetTransition Wakelock for WifiStateMachine released by timeout
D/dalvikvm( 5285): GC_CONCURRENT freed 797K, 13% free 13054K/14855K, paused 13ms+3ms, total 48ms
D/dalvikvm( 5285): WAIT_FOR_CONCURRENT_GC blocked 28ms
D/Tethering(  303): MasterInitialState.processMessage what=3
I/GTalkService/c(  525): [AndroidEndpoint@1101679528] connect: acct=1000000, state=CONNECTING
D/Tethering(  303): MasterInitialState.processMessage what=3
D/PicasaSyncManager( 1317): active network: NetworkInfo: type: WIFI[], state: CONNECTED/CONNECTED, reason: (unspecified), extra: (none), roaming: false, failover: false, isAvailable: true
D/PicasaSyncManager( 1317): background data: true
D/dalvikvm(  525): WAIT_FOR_CONCURRENT_GC blocked 0ms
D/dalvikvm(  525): GC_EXPLICIT freed 181K, 6% free 12043K/12743K, paused 3ms+4ms, total 41ms
D/PicasaUploaderSyncManager( 3977): active network: NetworkInfo: type: WIFI[], state: CONNECTED/CONNECTED, reason: (unspecified), extra: (none), roaming: false, failover: false, isAvailable: true
D/PicasaUploaderSyncManager( 3977): background data: true
D/PicasaSyncManager( 1317): active network: NetworkInfo: type: WIFI[], state: CONNECTED/CONNECTED, reason: (unspecified), extra: (none), roaming: false, failover: false, isAvailable: true
D/PicasaSyncManager( 1317): background data: true
D/PicasaUploaderSyncManager( 3977): active network: NetworkInfo: type: WIFI[], state: CONNECTED/CONNECTED, reason: (unspecified), extra: (none), roaming: false, failover: false, isAvailable: true
D/PicasaUploaderSyncManager( 3977): background data: true
D/ConnectivityService(  303): handleInetConditionHoldEnd: net=1, condition=100, published condition=0
D/Tethering(  303): MasterInitialState.processMessage what=3
D/Tethering(  303): MasterInitialState.processMessage what=3
D/PicasaSyncManager( 1317): active network: NetworkInfo: type: WIFI[], state: CONNECTED/CONNECTED, reason: (unspecified), extra: (none), roaming: false, failover: false, isAvailable: true
D/PicasaSyncManager( 1317): background data: true
D/PicasaUploaderSyncManager( 3977): active network: NetworkInfo: type: WIFI[], state: CONNECTED/CONNECTED, reason: (unspecified), extra: (none), roaming: false, failover: false, isAvailable: true
D/PicasaUploaderSyncManager( 3977): background data: true
D/PicasaSyncManager( 1317): active network: NetworkInfo: type: WIFI[], state: CONNECTED/CONNECTED, reason: (unspecified), extra: (none), roaming: false, failover: false, isAvailable: true
D/PicasaSyncManager( 1317): background data: true
D/PicasaUploaderSyncManager( 3977): active network: NetworkInfo: type: WIFI[], state: CONNECTED/CONNECTED, reason: (unspecified), extra: (none), roaming: false, failover: false, isAvailable: true
D/PicasaUploaderSyncManager( 3977): background data: true
D/ConnectivityService(  303): handleInetConditionHoldEnd: net=1, condition=100, published condition=100
D/dalvikvm( 5285): GC_CONCURRENT freed 778K, 13% free 12925K/14855K, paused 16ms+3ms, total 58ms
I/wpa_supplicant( 1939): wlan0: CTRL-EVENT-DISCONNECTED bssid=00:19:aa:26:d0:f1 reason=0
D/CommandListener(  125): Clearing all IP addresses on wlan0
D/ConnectivityService(  303): ConnectivityChange for WIFI: DISCONNECTED/DISCONNECTED
D/ConnectivityService(  303): Attempting to switch to mobile
D/ConnectivityService(  303): Attempting to switch to BLUETOOTH_TETHER
D/ConnectivityService(  303): Attempting to switch to ETHERNET
D/NetUtils(  303): android_net_utils_resetConnections in env=0x40e11f58 clazz=0x27100001 iface=wlan0 mask=0x3
W/Smack/Packet(  525): notify conn break (IOEx), close connection
D/ConnectivityService(  303): resetConnections(wlan0, 3)
D/NetUtils(  303): android_net_utils_resetConnections in env=0x40e11f58 clazz=0x29b00001 iface=wlan0 mask=0x3
D/ConnectivityService(  303): ConnectivityChange for WIFI: DISCONNECTED/DISCONNECTED
D/ConnectivityService(  303): Attempting to switch to mobile
D/ConnectivityService(  303): Attempting to switch to BLUETOOTH_TETHER
D/ConnectivityService(  303): Attempting to switch to ETHERNET
D/ConnectivityService(  303): resetConnections(wlan0, 3)
I/qtaguid (  525): Failed write_ctrl(u 70) res=-1 errno=22
I/qtaguid (  525): Untagging socket 70 failed errno=-22
W/NetworkManagementSocketTagger(  525): untagSocket(70) failed with errno -22
D/ConnectivityService(  303): handleInetConditionChange: no active default network - ignore
I/wpa_supplicant( 1939): wlan0: Trying to associate with 00:19:aa:26:db:71 (SSID='puwireless' freq=2412 MHz)
I/wpa_supplicant( 1939): wlan0: Associated with 00:19:aa:26:db:71
I/wpa_supplicant( 1939): wlan0: CTRL-EVENT-CONNECTED - Connection to 00:19:aa:26:db:71 completed (reauth) [id=1 id_str=]
D/ConnectivityService(  303): ConnectivityChange for WIFI: CONNECTED/CONNECTED
D/ConnectivityService(  303): ConnectivityChange for WIFI: CONNECTED/CONNECTED
D/ConnectivityService(  303): handleConnectivityChange: address are the same reset per doReset linkProperty[1]: resetMask=0
D/dalvikvm(  303): GC_CONCURRENT freed 1899K, 14% free 20378K/23495K, paused 17ms+9ms, total 99ms
D/Tethering(  303): MasterInitialState.processMessage what=3
I/GTalkService/c(  525): [AndroidEndpoint@1101679528] connect: acct=1000000, state=CONNECTING
D/Tethering(  303): MasterInitialState.processMessage what=3
D/dalvikvm(  303): WAIT_FOR_CONCURRENT_GC blocked 0ms
D/PicasaSyncManager( 1317): active network: NetworkInfo: type: WIFI[], state: CONNECTED/CONNECTED, reason: (unspecified), extra: (none), roaming: false, failover: false, isAvailable: true
D/PicasaSyncManager( 1317): background data: true
D/dalvikvm(  303): GC_EXPLICIT freed 167K, 14% free 20274K/23495K, paused 4ms+7ms, total 81ms
D/PicasaUploaderSyncManager( 3977): active network: NetworkInfo: type: WIFI[], state: CONNECTED/CONNECTED, reason: (unspecified), extra: (none), roaming: false, failover: false, isAvailable: true
D/PicasaUploaderSyncManager( 3977): background data: true
D/ConnectivityService(  303): NetTransition Wakelock for WifiStateMachine released by timeout
D/PicasaSyncManager( 1317): active network: NetworkInfo: type: WIFI[], state: CONNECTED/CONNECTED, reason: (unspecified), extra: (none), roaming: false, failover: false, isAvailable: true
D/PicasaSyncManager( 1317): background data: true
D/PicasaUploaderSyncManager( 3977): active network: NetworkInfo: type: WIFI[], state: CONNECTED/CONNECTED, reason: (unspecified), extra: (none), roaming: false, failover: false, isAvailable: true
D/PicasaUploaderSyncManager( 3977): background data: true
D/Tethering(  303): MasterInitialState.processMessage what=3
D/Tethering(  303): MasterInitialState.processMessage what=3
D/PicasaSyncManager( 1317): active network: NetworkInfo: type: WIFI[], state: CONNECTED/CONNECTED, reason: (unspecified), extra: (none), roaming: false, failover: false, isAvailable: true
D/PicasaSyncManager( 1317): background data: true
D/PicasaUploaderSyncManager( 3977): active network: NetworkInfo: type: WIFI[], state: CONNECTED/CONNECTED, reason: (unspecified), extra: (none), roaming: false, failover: false, isAvailable: true
D/PicasaUploaderSyncManager( 3977): background data: true
D/PicasaSyncManager( 1317): active network: NetworkInfo: type: WIFI[], state: CONNECTED/CONNECTED, reason: (unspecified), extra: (none), roaming: false, failover: false, isAvailable: true
D/PicasaSyncManager( 1317): background data: true
D/PicasaUploaderSyncManager( 3977): active network: NetworkInfo: type: WIFI[], state: CONNECTED/CONNECTED, reason: (unspecified), extra: (none), roaming: false, failover: false, isAvailable: true
D/PicasaUploaderSyncManager( 3977): background data: true
D/dalvikvm(  525): GC_CONCURRENT freed 378K, 6% free 12052K/12743K, paused 2ms+4ms, total 30ms
D/dalvikvm( 5285): GC_CONCURRENT freed 621K, 14% free 12916K/14855K, paused 15ms+2ms, total 81ms
D/dalvikvm( 5285): GC_CONCURRENT freed 611K, 14% free 12912K/14855K, paused 15ms+3ms, total 53ms
I/wpa_supplicant( 1939): wlan0: CTRL-EVENT-DISCONNECTED bssid=00:19:aa:26:db:71 reason=0
D/CommandListener(  125): Clearing all IP addresses on wlan0
D/ConnectivityService(  303): ConnectivityChange for WIFI: DISCONNECTED/DISCONNECTED
D/ConnectivityService(  303): Attempting to switch to mobile
D/ConnectivityService(  303): Attempting to switch to BLUETOOTH_TETHER
D/ConnectivityService(  303): Attempting to switch to ETHERNET
D/NetUtils(  303): android_net_utils_resetConnections in env=0x40e11f58 clazz=0x44e00001 iface=wlan0 mask=0x3
D/ConnectivityService(  303): resetConnections(wlan0, 3)
D/NetUtils(  303): android_net_utils_resetConnections in env=0x40e11f58 clazz=0x47700001 iface=wlan0 mask=0x3
D/ConnectivityService(  303): ConnectivityChange for WIFI: DISCONNECTED/DISCONNECTED
D/ConnectivityService(  303): Attempting to switch to mobile
D/ConnectivityService(  303): Attempting to switch to BLUETOOTH_TETHER
D/ConnectivityService(  303): Attempting to switch to ETHERNET
D/ConnectivityService(  303): resetConnections(wlan0, 3)
D/dalvikvm( 5285): GC_CONCURRENT freed 612K, 14% free 12913K/14855K, paused 13ms+3ms, total 46ms
E/GTalkService(  525): connectionClosed: no XMPPConnection - That's strange!
D/ConnectivityService(  303): handleInetConditionChange: no active default network - ignore
D/Tethering(  303): MasterInitialState.processMessage what=3
D/Tethering(  303): MasterInitialState.processMessage what=3
D/PicasaSyncManager( 1317): active network: null
D/PicasaSyncManager( 1317): background data: true
D/PicasaUploaderSyncManager( 3977): active network: null
D/PicasaUploaderSyncManager( 3977): background data: true
D/PicasaSyncManager( 1317): active network: null
D/PicasaSyncManager( 1317): background data: true
D/PicasaUploaderSyncManager( 3977): active network: null
D/PicasaUploaderSyncManager( 3977): background data: true
D/dalvikvm( 5285): GC_CONCURRENT freed 471K, 13% free 13055K/14855K, paused 2ms+3ms, total 36ms
I/wpa_supplicant( 1939): wlan0: Trying to associate with 00:19:aa:76:68:a1 (SSID='puwireless' freq=2412 MHz)
I/wpa_supplicant( 1939): wlan0: CTRL-EVENT-ASSOC-REJECT status_code=16
I/wpa_supplicant( 1939): wlan0: Authentication with 00:19:aa:76:68:a1 timed out.
I/wpa_supplicant( 1939): wlan0: Trying to associate with 00:19:aa:76:be:51 (SSID='puwireless' freq=2437 MHz)
D/PhoneStatusBar(  385): addNotification score=0
I/wpa_supplicant( 1939): wlan0: Associated with 00:19:aa:76:be:51
I/wpa_supplicant( 1939): wlan0: CTRL-EVENT-CONNECTED - Connection to 00:19:aa:76:be:51 completed (reauth) [id=1 id_str=]
D/ConnectivityService(  303): ConnectivityChange for WIFI: CONNECTED/CONNECTED
D/ConnectivityService(  303): ConnectivityChange for WIFI: CONNECTED/CONNECTED
D/ConnectivityService(  303): handleConnectivityChange: address are the same reset per doReset linkProperty[1]: resetMask=0
D/ConnectivityService(  303): NetTransition Wakelock for WifiStateMachine released by timeout
D/Tethering(  303): MasterInitialState.processMessage what=3
I/GTalkService/c(  525): [AndroidEndpoint@1101679528] connect: acct=1000000, state=CONNECTING
D/Tethering(  303): MasterInitialState.processMessage what=3
D/PicasaSyncManager( 1317): active network: NetworkInfo: type: WIFI[], state: CONNECTED/CONNECTED, reason: (unspecified), extra: (none), roaming: false, failover: false, isAvailable: true
D/PicasaSyncManager( 1317): background data: true
D/PicasaUploaderSyncManager( 3977): active network: NetworkInfo: type: WIFI[], state: CONNECTED/CONNECTED, reason: (unspecified), extra: (none), roaming: false, failover: false, isAvailable: true
D/PicasaUploaderSyncManager( 3977): background data: true
D/PicasaSyncManager( 1317): active network: NetworkInfo: type: WIFI[], state: CONNECTED/CONNECTED, reason: (unspecified), extra: (none), roaming: false, failover: false, isAvailable: true
D/PicasaSyncManager( 1317): background data: true
D/PicasaUploaderSyncManager( 3977): active network: NetworkInfo: type: WIFI[], state: CONNECTED/CONNECTED, reason: (unspecified), extra: (none), roaming: false, failover: false, isAvailable: true
D/PicasaUploaderSyncManager( 3977): background data: true
I/wpa_supplicant( 1939): wlan0: CTRL-EVENT-DISCONNECTED bssid=00:19:aa:76:be:51 reason=0
D/CommandListener(  125): Clearing all IP addresses on wlan0
D/ConnectivityService(  303): ConnectivityChange for WIFI: DISCONNECTED/DISCONNECTED
D/ConnectivityService(  303): Attempting to switch to mobile
D/ConnectivityService(  303): Attempting to switch to BLUETOOTH_TETHER
D/ConnectivityService(  303): Attempting to switch to ETHERNET
D/NetUtils(  303): android_net_utils_resetConnections in env=0x40e11f58 clazz=0x63900001 iface=wlan0 mask=0x3
D/ConnectivityService(  303): resetConnections(wlan0, 3)
D/ConnectivityService(  303): ConnectivityChange for WIFI: DISCONNECTED/DISCONNECTED
D/NetUtils(  303): android_net_utils_resetConnections in env=0x40e11f58 clazz=0x66200001 iface=wlan0 mask=0x3
D/ConnectivityService(  303): Attempting to switch to mobile
D/ConnectivityService(  303): Attempting to switch to BLUETOOTH_TETHER
D/ConnectivityService(  303): Attempting to switch to ETHERNET
D/ConnectivityService(  303): resetConnections(wlan0, 3)
E/GTalkService(  525): connectionClosed: no XMPPConnection - That's strange!
D/ConnectivityService(  303): handleInetConditionChange: no active default network - ignore
D/Tethering(  303): MasterInitialState.processMessage what=3
D/Tethering(  303): MasterInitialState.processMessage what=3
D/PicasaSyncManager( 1317): active network: null
D/PicasaSyncManager( 1317): background data: true
D/PicasaUploaderSyncManager( 3977): active network: null
D/PicasaUploaderSyncManager( 3977): background data: true
D/dalvikvm(  303): GC_CONCURRENT freed 1870K, 14% free 20415K/23495K, paused 15ms+18ms, total 122ms
D/dalvikvm( 4121): GC_CONCURRENT freed 412K, 4% free 10762K/11207K, paused 3ms+2ms, total 27ms
D/PicasaSyncManager( 1317): active network: null
D/PicasaSyncManager( 1317): background data: true
D/PicasaUploaderSyncManager( 3977): active network: null
D/PicasaUploaderSyncManager( 3977): background data: true
I/wpa_supplicant( 1939): wlan0: Trying to associate with 00:19:aa:76:c0:d1 (SSID='puwireless' freq=2412 MHz)
I/wpa_supplicant( 1939): wlan0: Associated with 00:19:aa:76:c0:d1
I/wpa_supplicant( 1939): wlan0: CTRL-EVENT-CONNECTED - Connection to 00:19:aa:76:c0:d1 completed (reauth) [id=1 id_str=]
D/ConnectivityService(  303): ConnectivityChange for WIFI: CONNECTED/CONNECTED
D/ConnectivityService(  303): ConnectivityChange for WIFI: CONNECTED/CONNECTED
D/ConnectivityService(  303): handleConnectivityChange: address are the same reset per doReset linkProperty[1]: resetMask=0
D/ConnectivityService(  303): NetTransition Wakelock for WifiStateMachine released by timeout
I/EventLogService(  525): Aggregate from 1359479113228 (log), 1359479113228 (data)
I/ServiceDumpSys(  525): dumping service [account]
D/dalvikvm(  525): GC_CONCURRENT freed 372K, 6% free 12066K/12743K, paused 13ms+4ms, total 47ms
E/WalletApplication( 3991): Wallet 173 version too old to run, quitting!
I/wpa_supplicant( 1939): wlan0: CTRL-EVENT-DISCONNECTED bssid=00:19:aa:76:c0:d1 reason=0
D/CommandListener(  125): Clearing all IP addresses on wlan0
D/ConnectivityService(  303): ConnectivityChange for WIFI: DISCONNECTED/DISCONNECTED
D/ConnectivityService(  303): Attempting to switch to mobile
D/ConnectivityService(  303): Attempting to switch to BLUETOOTH_TETHER
D/ConnectivityService(  303): Attempting to switch to ETHERNET
D/NetUtils(  303): android_net_utils_resetConnections in env=0x40e11f58 clazz=0x80600001 iface=wlan0 mask=0x3
D/ConnectivityService(  303): resetConnections(wlan0, 3)
D/NetUtils(  303): android_net_utils_resetConnections in env=0x40e11f58 clazz=0x82f00001 iface=wlan0 mask=0x3
D/ConnectivityService(  303): ConnectivityChange for WIFI: DISCONNECTED/DISCONNECTED
D/ConnectivityService(  303): Attempting to switch to mobile
D/ConnectivityService(  303): Attempting to switch to BLUETOOTH_TETHER
D/ConnectivityService(  303): Attempting to switch to ETHERNET
D/ConnectivityService(  303): resetConnections(wlan0, 3)
W/ThrottleService(  303): unable to find stats for iface rmnet0
D/Tethering(  303): MasterInitialState.processMessage what=3
D/Tethering(  303): MasterInitialState.processMessage what=3
D/dalvikvm(  303): WAIT_FOR_CONCURRENT_GC blocked 0ms
D/PicasaSyncManager( 1317): active network: null
D/PicasaSyncManager( 1317): background data: true
D/dalvikvm(  303): GC_EXPLICIT freed 891K, 14% free 20342K/23495K, paused 4ms+8ms, total 86ms
D/PicasaUploaderSyncManager( 3977): active network: null
D/PicasaUploaderSyncManager( 3977): background data: true
D/PicasaSyncManager( 1317): active network: null
D/PicasaSyncManager( 1317): background data: true
D/PicasaUploaderSyncManager( 3977): active network: null
D/PicasaUploaderSyncManager( 3977): background data: true
D/Tethering(  303): MasterInitialState.processMessage what=3
D/Tethering(  303): MasterInitialState.processMessage what=3
D/PicasaSyncManager( 1317): active network: null
D/PicasaSyncManager( 1317): background data: true
D/PicasaUploaderSyncManager( 3977): active network: null
D/PicasaUploaderSyncManager( 3977): background data: true
D/PicasaSyncManager( 1317): active network: null
D/PicasaSyncManager( 1317): background data: true
D/PicasaUploaderSyncManager( 3977): active network: null
D/PicasaUploaderSyncManager( 3977): background data: true
D/dalvikvm( 5285): GC_CONCURRENT freed 675K, 12% free 13080K/14855K, paused 2ms+3ms, total 38ms
D/ConnectivityService(  303): NetTransition Wakelock for WifiStateMachine released by timeout
I/wpa_supplicant( 1939): wlan0: CTRL-EVENT-DISCONNECTED bssid=00:00:00:00:00:00 reason=0
I/wpa_supplicant( 1939): wlan0: CTRL-EVENT-DISCONNECTED bssid=00:00:00:00:00:00 reason=0
D/dalvikvm(  385): GC_CONCURRENT freed 842K, 17% free 13597K/16199K, paused 13ms+5ms, total 51ms
I/wpa_supplicant( 1939): wlan0: Trying to associate with 00:0a:b8:7e:f6:71 (SSID='puwireless' freq=2462 MHz)
I/wpa_supplicant( 1939): wlan0: CTRL-EVENT-ASSOC-REJECT status_code=16
D/dalvikvm( 5285): GC_CONCURRENT freed 800K, 13% free 12937K/14855K, paused 16ms+3ms, total 60ms
I/wpa_supplicant( 1939): wlan0: Authentication with 00:0a:b8:7e:f6:71 timed out.
I/wpa_supplicant( 1939): wlan0: Trying to associate with 00:0a:b8:7e:f6:70 (SSID='puvisitor' freq=2462 MHz)
D/PhoneStatusBar(  385): addNotification score=0
I/wpa_supplicant( 1939): wlan0: Associated with 00:0a:b8:7e:f6:70
I/wpa_supplicant( 1939): wlan0: CTRL-EVENT-CONNECTED - Connection to 00:0a:b8:7e:f6:70 completed (reauth) [id=0 id_str=]
I/wpa_supplicant( 1939): wlan0: CTRL-EVENT-DISCONNECTED bssid=00:0a:b8:7e:f6:70 reason=23
D/CommandListener(  125): Clearing all IP addresses on wlan0
D/ConnectivityService(  303): ConnectivityChange for WIFI: DISCONNECTED/DISCONNECTED
D/ConnectivityService(  303): Attempting to switch to mobile
D/ConnectivityService(  303): Attempting to switch to BLUETOOTH_TETHER
D/ConnectivityService(  303): Attempting to switch to ETHERNET
D/ConnectivityService(  303): ConnectivityChange for WIFI: DISCONNECTED/DISCONNECTED
D/ConnectivityService(  303): Attempting to switch to mobile
D/ConnectivityService(  303): Attempting to switch to BLUETOOTH_TETHER
D/ConnectivityService(  303): Attempting to switch to ETHERNET
I/wpa_supplicant( 1939): wlan0: Trying to associate with 00:0a:b8:7e:f6:71 (SSID='puwireless' freq=2462 MHz)
D/dalvikvm( 5285): GC_CONCURRENT freed 618K, 13% free 12928K/14855K, paused 4ms+3ms, total 38ms
I/wpa_supplicant( 1939): wlan0: Associated with 00:0a:b8:7e:f6:71
I/wpa_supplicant( 1939): wlan0: CTRL-EVENT-CONNECTED - Connection to 00:0a:b8:7e:f6:71 completed (reauth) [id=1 id_str=]
D/Tethering(  303): MasterInitialState.processMessage what=3
D/Tethering(  303): MasterInitialState.processMessage what=3
D/PicasaSyncManager( 1317): active network: null
D/PicasaSyncManager( 1317): background data: true
D/PicasaUploaderSyncManager( 3977): active network: null
D/PicasaUploaderSyncManager( 3977): background data: true
D/PicasaSyncManager( 1317): active network: null
D/PicasaSyncManager( 1317): background data: true
D/PicasaUploaderSyncManager( 3977): active network: null
D/PicasaUploaderSyncManager( 3977): background data: true
D/dalvikvm( 5285): GC_CONCURRENT freed 502K, 13% free 13034K/14855K, paused 13ms+2ms, total 49ms
D/dalvikvm( 5285): WAIT_FOR_CONCURRENT_GC blocked 0ms
D/dalvikvm( 5285): GC_EXPLICIT freed 111K, 13% free 12930K/14855K, paused 4ms+4ms, total 49ms
I/wpa_supplicant( 1939): wlan0: CTRL-EVENT-DISCONNECTED bssid=00:0a:b8:7e:f6:71 reason=0
D/CommandListener(  125): Clearing all IP addresses on wlan0
D/ConnectivityService(  303): ConnectivityChange for WIFI: DISCONNECTED/DISCONNECTED
D/NetUtils(  303): android_net_utils_resetConnections in env=0x40e11f58 clazz=0x93100001 iface=wlan0 mask=0x3
D/ConnectivityService(  303): Attempting to switch to mobile
D/ConnectivityService(  303): Attempting to switch to BLUETOOTH_TETHER
D/ConnectivityService(  303): Attempting to switch to ETHERNET
D/ConnectivityService(  303): resetConnections(wlan0, 3)
D/ConnectivityService(  303): ConnectivityChange for WIFI: DISCONNECTED/DISCONNECTED
D/NetUtils(  303): android_net_utils_resetConnections in env=0x40e11f58 clazz=0x94e00001 iface=wlan0 mask=0x3
D/ConnectivityService(  303): Attempting to switch to mobile
D/ConnectivityService(  303): Attempting to switch to BLUETOOTH_TETHER
D/ConnectivityService(  303): Attempting to switch to ETHERNET
D/ConnectivityService(  303): resetConnections(wlan0, 3)
I/wpa_supplicant( 1939): wlan0: Trying to associate with d8:c7:c8:30:d8:f0 (SSID='puwireless' freq=5180 MHz)
D/dalvikvm( 5285): GC_CONCURRENT freed 616K, 13% free 12939K/14855K, paused 13ms+2ms, total 47ms
I/wpa_supplicant( 1939): wlan0: Associated with d8:c7:c8:30:d8:f0
I/wpa_supplicant( 1939): wlan0: CTRL-EVENT-CONNECTED - Connection to d8:c7:c8:30:d8:f0 completed (reauth) [id=1 id_str=]
D/ConnectivityService(  303): ConnectivityChange for WIFI: CONNECTED/CONNECTED
D/ConnectivityService(  303): ConnectivityChange for WIFI: CONNECTED/CONNECTED
D/ConnectivityService(  303): handleConnectivityChange: address are the same reset per doReset linkProperty[1]: resetMask=0
D/Tethering(  303): MasterInitialState.processMessage what=3
I/GTalkService/c(  525): [AndroidEndpoint@1101679528] connect: acct=1000000, state=CONNECTING
D/Tethering(  303): MasterInitialState.processMessage what=3
D/PicasaSyncManager( 1317): active network: NetworkInfo: type: WIFI[], state: CONNECTED/CONNECTED, reason: (unspecified), extra: (none), roaming: false, failover: false, isAvailable: true
D/PicasaSyncManager( 1317): background data: true
D/PicasaUploaderSyncManager( 3977): active network: NetworkInfo: type: WIFI[], state: CONNECTED/CONNECTED, reason: (unspecified), extra: (none), roaming: false, failover: false, isAvailable: true
D/PicasaUploaderSyncManager( 3977): background data: true
D/dalvikvm( 3991): GC_CONCURRENT freed 425K, 5% free 11201K/11719K, paused 4ms+3ms, total 34ms
D/PicasaSyncManager( 1317): active network: NetworkInfo: type: WIFI[], state: CONNECTED/CONNECTED, reason: (unspecified), extra: (none), roaming: false, failover: false, isAvailable: true
D/PicasaSyncManager( 1317): background data: true
D/PicasaUploaderSyncManager( 3977): active network: NetworkInfo: type: WIFI[], state: CONNECTED/CONNECTED, reason: (unspecified), extra: (none), roaming: false, failover: false, isAvailable: true
D/PicasaUploaderSyncManager( 3977): background data: true
D/dalvikvm(  303): GC_CONCURRENT freed 1822K, 13% free 20446K/23495K, paused 3ms+9ms, total 84ms
D/Tethering(  303): MasterInitialState.processMessage what=3
D/Tethering(  303): MasterInitialState.processMessage what=3
D/dalvikvm(  461): WAIT_FOR_CONCURRENT_GC blocked 0ms
D/PicasaSyncManager( 1317): active network: NetworkInfo: type: WIFI[], state: CONNECTED/CONNECTED, reason: (unspecified), extra: (none), roaming: false, failover: false, isAvailable: true
D/PicasaSyncManager( 1317): background data: true
D/PicasaUploaderSyncManager( 3977): active network: NetworkInfo: type: WIFI[], state: CONNECTED/CONNECTED, reason: (unspecified), extra: (none), roaming: false, failover: false, isAvailable: true
D/PicasaUploaderSyncManager( 3977): background data: true
D/dalvikvm(  461): GC_EXPLICIT freed 152K, 6% free 11175K/11783K, paused 10ms+8ms, total 76ms
D/PicasaSyncManager( 1317): active network: NetworkInfo: type: WIFI[], state: CONNECTED/CONNECTED, reason: (unspecified), extra: (none), roaming: false, failover: false, isAvailable: true
D/PicasaSyncManager( 1317): background data: true
D/PicasaUploaderSyncManager( 3977): active network: NetworkInfo: type: WIFI[], state: CONNECTED/CONNECTED, reason: (unspecified), extra: (none), roaming: false, failover: false, isAvailable: true
D/PicasaUploaderSyncManager( 3977): background data: true
D/dalvikvm(  303): WAIT_FOR_CONCURRENT_GC blocked 0ms
D/dalvikvm(  303): GC_EXPLICIT freed 313K, 14% free 20371K/23495K, paused 3ms+7ms, total 85ms
I/wpa_supplicant( 1939): wlan0: CTRL-EVENT-DISCONNECTED bssid=d8:c7:c8:30:d8:f0 reason=0
D/CommandListener(  125): Clearing all IP addresses on wlan0
D/ConnectivityService(  303): ConnectivityChange for WIFI: DISCONNECTED/DISCONNECTED
D/ConnectivityService(  303): Attempting to switch to mobile
D/ConnectivityService(  303): Attempting to switch to BLUETOOTH_TETHER
D/ConnectivityService(  303): Attempting to switch to ETHERNET
D/NetUtils(  303): android_net_utils_resetConnections in env=0x40e11f58 clazz=0xadd00001 iface=wlan0 mask=0x3
D/ConnectivityService(  303): resetConnections(wlan0, 3)
D/NetUtils(  303): android_net_utils_resetConnections in env=0x40e11f58 clazz=0xb0600001 iface=wlan0 mask=0x3
D/ConnectivityService(  303): ConnectivityChange for WIFI: DISCONNECTED/DISCONNECTED
D/ConnectivityService(  303): Attempting to switch to mobile
D/ConnectivityService(  303): Attempting to switch to BLUETOOTH_TETHER
D/ConnectivityService(  303): Attempting to switch to ETHERNET
D/ConnectivityService(  303): resetConnections(wlan0, 3)
D/dalvikvm( 5285): GC_CONCURRENT freed 486K, 12% free 13085K/14855K, paused 13ms+3ms, total 48ms
D/Tethering(  303): MasterInitialState.processMessage what=3
D/Tethering(  303): MasterInitialState.processMessage what=3
D/PicasaSyncManager( 1317): active network: null
D/PicasaSyncManager( 1317): background data: true
D/dalvikvm( 1317): GC_CONCURRENT freed 379K, 6% free 11127K/11719K, paused 3ms+4ms, total 36ms
D/PicasaUploaderSyncManager( 3977): active network: null
D/PicasaUploaderSyncManager( 3977): background data: true
D/PicasaSyncManager( 1317): active network: null
D/PicasaSyncManager( 1317): background data: true
D/PicasaUploaderSyncManager( 3977): active network: null
D/PicasaUploaderSyncManager( 3977): background data: true
D/dalvikvm(  525): GC_CONCURRENT freed 398K, 6% free 12058K/12743K, paused 13ms+4ms, total 55ms
E/GTalkService(  525): connectionClosed: no XMPPConnection - That's strange!
D/ConnectivityService(  303): handleInetConditionChange: no active default network - ignore
W/System.err( 5285): java.net.UnknownHostException: Unable to resolve host "www.google.com": No address associated with hostname
W/System.err( 5285): 	at java.net.InetAddress.lookupHostByName(InetAddress.java:424)
W/System.err( 5285): 	at java.net.InetAddress.getAllByNameImpl(InetAddress.java:236)
W/System.err( 5285): 	at java.net.InetAddress.getAllByName(InetAddress.java:214)
W/System.err( 5285): 	at org.apache.http.impl.conn.DefaultClientConnectionOperator.openConnection(DefaultClientConnectionOperator.java:137)
W/System.err( 5285): 	at org.apache.http.impl.conn.AbstractPoolEntry.open(AbstractPoolEntry.java:164)
W/System.err( 5285): 	at org.apache.http.impl.conn.AbstractPooledConnAdapter.open(AbstractPooledConnAdapter.java:119)
W/System.err( 5285): 	at org.apache.http.impl.client.DefaultRequestDirector.execute(DefaultRequestDirector.java:452)
W/System.err( 5285): 	at org.apache.http.impl.client.AbstractHttpClient.execute(AbstractHttpClient.java:555)
W/System.err( 5285): 	at org.apache.http.impl.client.AbstractHttpClient.execute(AbstractHttpClient.java:487)
W/System.err( 5285): 	at android.net.http.AndroidHttpClient.execute(AndroidHttpClient.java:257)
W/System.err( 5285): 	at f.a.a(SourceFile:202)
W/System.err( 5285): 	at f.a.execute(SourceFile:244)
W/System.err( 5285): 	at f.a.execute(SourceFile:312)
W/System.err( 5285): 	at V.c.g(SourceFile:126)
W/System.err( 5285): 	at V.c.c(SourceFile:172)
W/System.err( 5285): 	at com.google.android.location.h.a.c$a.run(SourceFile:419)
W/System.err( 5285): 	at com.google.android.location.h.a.c.c(SourceFile:225)
W/System.err( 5285): 	at com.google.android.location.h.a.c.run(SourceFile:199)
W/System.err( 5285): 	at X.c.run(SourceFile:96)
W/System.err( 5285): Caused by: libcore.io.GaiException: getaddrinfo failed: EAI_NODATA (No address associated with hostname)
W/System.err( 5285): 	at libcore.io.Posix.getaddrinfo(Native Method)
W/System.err( 5285): 	at libcore.io.ForwardingOs.getaddrinfo(ForwardingOs.java:55)
W/System.err( 5285): 	at java.net.InetAddress.lookupHostByName(InetAddress.java:405)
W/System.err( 5285): 	... 18 more
W/System.err( 5285): Caused by: libcore.io.ErrnoException: getaddrinfo failed: ENETUNREACH (Network is unreachable)
W/System.err( 5285): 	... 21 more
D/dalvikvm( 5285): GC_CONCURRENT freed 813K, 13% free 12970K/14855K, paused 13ms+3ms, total 50ms
I/wpa_supplicant( 1939): wlan0: Trying to associate with 00:19:e8:af:70:11 (SSID='puwireless' freq=2437 MHz)
D/PhoneStatusBar(  385): addNotification score=0
I/wpa_supplicant( 1939): wlan0: CTRL-EVENT-ASSOC-REJECT status_code=16
I/wpa_supplicant( 1939): wlan0: Authentication with 00:19:e8:af:70:11 timed out.
I/ActivityManager(  303): No longer want com.google.android.googlequicksearchbox (pid 1425): hidden #16
D/dalvikvm( 5285): GC_CONCURRENT freed 669K, 14% free 12924K/14855K, paused 5ms+3ms, total 39ms
D/ConnectivityService(  303): NetTransition Wakelock for WifiStateMachine released by timeout
I/wpa_supplicant( 1939): wlan0: CTRL-EVENT-DISCONNECTED bssid=00:00:00:00:00:00 reason=0
I/wpa_supplicant( 1939): wlan0: Trying to associate with d8:c7:c8:b5:cf:60 (SSID='puwireless' freq=2437 MHz)
I/wpa_supplicant( 1939): wlan0: Associated with d8:c7:c8:b5:cf:60
I/wpa_supplicant( 1939): wlan0: CTRL-EVENT-CONNECTED - Connection to d8:c7:c8:b5:cf:60 completed (reauth) [id=1 id_str=]
D/ConnectivityService(  303): ConnectivityChange for WIFI: CONNECTED/CONNECTED
D/ConnectivityService(  303): ConnectivityChange for WIFI: CONNECTED/CONNECTED
D/ConnectivityService(  303): handleConnectivityChange: address are the same reset per doReset linkProperty[1]: resetMask=0
I/wpa_supplicant( 1939): wlan0: CTRL-EVENT-DISCONNECTED bssid=d8:c7:c8:b5:cf:60 reason=0
D/CommandListener(  125): Clearing all IP addresses on wlan0
D/ConnectivityService(  303): ConnectivityChange for WIFI: DISCONNECTED/DISCONNECTED
D/ConnectivityService(  303): Attempting to switch to mobile
D/ConnectivityService(  303): Attempting to switch to BLUETOOTH_TETHER
D/ConnectivityService(  303): Attempting to switch to ETHERNET
D/NetUtils(  303): android_net_utils_resetConnections in env=0x40e11f58 clazz=0xc9a00001 iface=wlan0 mask=0x3
D/ConnectivityService(  303): resetConnections(wlan0, 3)
D/ConnectivityService(  303): ConnectivityChange for WIFI: DISCONNECTED/DISCONNECTED
D/NetUtils(  303): android_net_utils_resetConnections in env=0x40e11f58 clazz=0xcc300001 iface=wlan0 mask=0x3
D/ConnectivityService(  303): Attempting to switch to mobile
D/ConnectivityService(  303): Attempting to switch to BLUETOOTH_TETHER
D/ConnectivityService(  303): Attempting to switch to ETHERNET
D/ConnectivityService(  303): resetConnections(wlan0, 3)
I/wpa_supplicant( 1939): wlan0: Trying to associate with d8:c7:c8:b5:c5:00 (SSID='puwireless' freq=2437 MHz)
I/wpa_supplicant( 1939): wlan0: CTRL-EVENT-ASSOC-REJECT status_code=16
D/Tethering(  303): MasterInitialState.processMessage what=3
D/Tethering(  303): MasterInitialState.processMessage what=3
D/PicasaSyncManager( 1317): active network: null
D/PicasaSyncManager( 1317): background data: true
D/PicasaUploaderSyncManager( 3977): active network: null
D/PicasaUploaderSyncManager( 3977): background data: true
D/PicasaSyncManager( 1317): active network: null
D/PicasaSyncManager( 1317): background data: true
D/PicasaUploaderSyncManager( 3977): active network: null
D/PicasaUploaderSyncManager( 3977): background data: true
D/Tethering(  303): MasterInitialState.processMessage what=3
D/PicasaSyncManager( 1317): active network: null
D/PicasaSyncManager( 1317): background data: true
D/Tethering(  303): MasterInitialState.processMessage what=3
D/PicasaUploaderSyncManager( 3977): active network: null
D/PicasaUploaderSyncManager( 3977): background data: true
D/PicasaSyncManager( 1317): active network: null
D/PicasaSyncManager( 1317): background data: true
D/PicasaUploaderSyncManager( 3977): active network: null
D/PicasaUploaderSyncManager( 3977): background data: true
I/wpa_supplicant( 1939): wlan0: Authentication with d8:c7:c8:b5:c5:00 timed out.
I/wpa_supplicant( 1939): wlan0: Trying to associate with 00:19:e8:af:65:71 (SSID='puwireless' freq=2437 MHz)
I/wpa_supplicant( 1939): wlan0: CTRL-EVENT-ASSOC-REJECT status_code=16
I/wpa_supplicant( 1939): wlan0: Authentication with 00:19:e8:af:65:71 timed out.
I/wpa_supplicant( 1939): wlan0: Trying to associate with 00:12:7f:00:02:11 (SSID='puwireless' freq=2437 MHz)
D/PhoneStatusBar(  385): addNotification score=0
I/wpa_supplicant( 1939): wlan0: Associated with 00:12:7f:00:02:11
I/wpa_supplicant( 1939): wlan0: CTRL-EVENT-CONNECTED - Connection to 00:12:7f:00:02:11 completed (reauth) [id=1 id_str=]
I/wpa_supplicant( 1939): wlan0: CTRL-EVENT-DISCONNECTED bssid=00:12:7f:00:02:11 reason=0
D/CommandListener(  125): Clearing all IP addresses on wlan0
D/ConnectivityService(  303): ConnectivityChange for WIFI: DISCONNECTED/DISCONNECTED
D/ConnectivityService(  303): Attempting to switch to mobile
D/ConnectivityService(  303): Attempting to switch to BLUETOOTH_TETHER
D/ConnectivityService(  303): Attempting to switch to ETHERNET
D/ConnectivityService(  303): ConnectivityChange for WIFI: DISCONNECTED/DISCONNECTED
D/ConnectivityService(  303): Attempting to switch to mobile
D/ConnectivityService(  303): Attempting to switch to BLUETOOTH_TETHER
D/ConnectivityService(  303): Attempting to switch to ETHERNET
I/wpa_supplicant( 1939): wlan0: Trying to associate with 00:23:5e:0c:66:51 (SSID='puwireless' freq=2412 MHz)
I/wpa_supplicant( 1939): wlan0: CTRL-EVENT-ASSOC-REJECT status_code=16
D/Tethering(  303): MasterInitialState.processMessage what=3
D/Tethering(  303): MasterInitialState.processMessage what=3
D/PicasaSyncManager( 1317): active network: null
D/PicasaSyncManager( 1317): background data: true
D/PicasaUploaderSyncManager( 3977): active network: null
D/PicasaUploaderSyncManager( 3977): background data: true
D/dalvikvm(  303): GC_CONCURRENT freed 1856K, 13% free 20507K/23495K, paused 14ms+9ms, total 117ms
D/dalvikvm( 1130): GC_CONCURRENT freed 923K, 8% free 14424K/15623K, paused 3ms+12ms, total 77ms
D/PicasaSyncManager( 1317): active network: null
D/PicasaSyncManager( 1317): background data: true
D/PicasaUploaderSyncManager( 3977): active network: null
D/PicasaUploaderSyncManager( 3977): background data: true
I/wpa_supplicant( 1939): wlan0: Authentication with 00:23:5e:0c:66:51 timed out.
I/wpa_supplicant( 1939): wlan0: Trying to associate with 00:24:6c:62:e6:c0 (SSID='puwireless' freq=2437 MHz)
I/wpa_supplicant( 1939): wlan0: CTRL-EVENT-ASSOC-REJECT status_code=16
E/DhcpStateMachine(  303): DHCP failed on wlan0: Timed out waiting for DHCP to finish
D/ConnectivityService(  303): NetTransition Wakelock for WifiStateMachine released by timeout
I/wpa_supplicant( 1939): wlan0: Authentication with 00:24:6c:62:e6:c0 timed out.
I/wpa_supplicant( 1939): wlan0: Trying to associate with 00:24:6c:d1:81:a0 (SSID='puwireless' freq=2412 MHz)
D/PhoneStatusBar(  385): addNotification score=0
D/dalvikvm( 5285): GC_CONCURRENT freed 515K, 12% free 13141K/14855K, paused 2ms+5ms, total 41ms
D/dalvikvm( 5285): WAIT_FOR_CONCURRENT_GC blocked 32ms
I/wpa_supplicant( 1939): wlan0: Associated with 00:24:6c:d1:81:a0
I/wpa_supplicant( 1939): wlan0: CTRL-EVENT-CONNECTED - Connection to 00:24:6c:d1:81:a0 completed (reauth) [id=1 id_str=]
D/ConnectivityService(  303): ConnectivityChange for WIFI: CONNECTED/CONNECTED
D/ConnectivityService(  303): ConnectivityChange for WIFI: CONNECTED/CONNECTED
D/ConnectivityService(  303): handleConnectivityChange: address are the same reset per doReset linkProperty[1]: resetMask=0
D/Tethering(  303): MasterInitialState.processMessage what=3
I/GTalkService/c(  525): [AndroidEndpoint@1101679528] connect: acct=1000000, state=CONNECTING
D/Tethering(  303): MasterInitialState.processMessage what=3
D/PicasaSyncManager( 1317): active network: NetworkInfo: type: WIFI[], state: CONNECTED/CONNECTED, reason: (unspecified), extra: (none), roaming: false, failover: false, isAvailable: true
D/PicasaSyncManager( 1317): background data: true
D/PicasaUploaderSyncManager( 3977): active network: NetworkInfo: type: WIFI[], state: CONNECTED/CONNECTED, reason: (unspecified), extra: (none), roaming: false, failover: false, isAvailable: true
D/PicasaUploaderSyncManager( 3977): background data: true
D/PicasaSyncManager( 1317): active network: NetworkInfo: type: WIFI[], state: CONNECTED/CONNECTED, reason: (unspecified), extra: (none), roaming: false, failover: false, isAvailable: true
D/PicasaSyncManager( 1317): background data: true
D/dalvikvm( 3977): GC_CONCURRENT freed 429K, 5% free 10881K/11399K, paused 2ms+3ms, total 25ms
D/dalvikvm(  525): GC_CONCURRENT freed 349K, 6% free 12095K/12743K, paused 15ms+7ms, total 65ms
D/PicasaUploaderSyncManager( 3977): active network: NetworkInfo: type: WIFI[], state: CONNECTED/CONNECTED, reason: (unspecified), extra: (none), roaming: false, failover: false, isAvailable: true
D/PicasaUploaderSyncManager( 3977): background data: true
D/dalvikvm(  303): WAIT_FOR_CONCURRENT_GC blocked 0ms
D/dalvikvm(  303): GC_EXPLICIT freed 939K, 14% free 20381K/23495K, paused 4ms+10ms, total 88ms
D/ConnectivityService(  303): handleInetConditionHoldEnd: net=1, condition=100, published condition=0
D/dalvikvm( 5285): GC_CONCURRENT freed 746K, 12% free 13076K/14855K, paused 2ms+3ms, total 43ms
D/dalvikvm( 5285): GC_CONCURRENT freed 747K, 13% free 12985K/14855K, paused 16ms+3ms, total 60ms
D/dalvikvm( 5285): GC_CONCURRENT freed 610K, 13% free 13001K/14855K, paused 5ms+3ms, total 45ms
D/dalvikvm( 5285): GC_CONCURRENT freed 680K, 12% free 13079K/14855K, paused 13ms+4ms, total 63ms
D/dalvikvm( 5285): WAIT_FOR_CONCURRENT_GC blocked 28ms
I/LocationManagerService(  303): request gps (pid 5285) 0 0
D/PhoneStatusBar(  385): addNotification score=10
D/dalvikvm( 5285): GC_CONCURRENT freed 603K, 12% free 13135K/14855K, paused 13ms+4ms, total 53ms
D/dalvikvm(  525): GC_CONCURRENT freed 309K, 5% free 12216K/12743K, paused 4ms+7ms, total 48ms
D/dalvikvm( 5285): GC_CONCURRENT freed 318K, 9% free 13614K/14855K, paused 34ms+18ms, total 126ms
D/dalvikvm( 5285): GC_CONCURRENT freed 1192K, 11% free 13261K/14855K, paused 13ms+5ms, total 57ms
D/dalvikvm( 5285): GC_CONCURRENT freed 458K, 9% free 13643K/14855K, paused 3ms+8ms, total 59ms
D/dalvikvm( 5285): WAIT_FOR_CONCURRENT_GC blocked 25ms
D/dalvikvm( 5285): GC_CONCURRENT freed 1070K, 10% free 13457K/14855K, paused 13ms+6ms, total 62ms
D/dalvikvm(  525): GC_CONCURRENT freed 334K, 4% free 12344K/12743K, paused 4ms+10ms, total 49ms
D/dalvikvm( 5285): GC_CONCURRENT freed 616K, 8% free 13751K/14855K, paused 14ms+6ms, total 72ms
D/dalvikvm( 5285): WAIT_FOR_CONCURRENT_GC blocked 27ms
D/dalvikvm( 5285): WAIT_FOR_CONCURRENT_GC blocked 43ms
D/dalvikvm( 5285): GC_CONCURRENT freed 996K, 9% free 13645K/14855K, paused 12ms+8ms, total 68ms
D/dalvikvm( 5285): GC_FOR_ALLOC freed 484K, 9% free 13618K/14855K, paused 44ms, total 44ms
I/dalvikvm-heap( 5285): Grow heap (frag case) to 13.375MB for 47178-byte allocation
D/dalvikvm( 5285): GC_FOR_ALLOC freed 74K, 9% free 13590K/14919K, paused 42ms, total 42ms
D/dalvikvm( 5285): GC_CONCURRENT freed 825K, 9% free 13605K/14919K, paused 4ms+7ms, total 60ms
D/dalvikvm(  525): GC_CONCURRENT freed 405K, 4% free 12410K/12871K, paused 14ms+8ms, total 61ms
D/dalvikvm( 5285): GC_CONCURRENT freed 1212K, 11% free 13287K/14919K, paused 16ms+5ms, total 90ms
D/dalvikvm( 5285): GC_CONCURRENT freed 309K, 9% free 13710K/14919K, paused 6ms+6ms, total 66ms
D/dalvikvm( 5285): GC_CONCURRENT freed 1207K, 11% free 13413K/14919K, paused 2ms+5ms, total 47ms
D/dalvikvm(  303): GC_CONCURRENT freed 1696K, 13% free 20621K/23495K, paused 25ms+13ms, total 109ms
D/dalvikvm( 5285): GC_CONCURRENT freed 490K, 8% free 13805K/14919K, paused 12ms+6ms, total 60ms
D/dalvikvm( 5285): WAIT_FOR_CONCURRENT_GC blocked 16ms
D/dalvikvm(  525): GC_CONCURRENT freed 429K, 4% free 12492K/12999K, paused 14ms+8ms, total 67ms
D/dalvikvm( 5285): GC_CONCURRENT freed 1077K, 9% free 13647K/14919K, paused 13ms+6ms, total 60ms
D/dalvikvm( 5285): GC_FOR_ALLOC freed 630K, 8% free 13763K/14919K, paused 44ms, total 44ms
D/dalvikvm( 5285): GC_CONCURRENT freed 833K, 8% free 13817K/14919K, paused 15ms+6ms, total 73ms
D/dalvikvm( 5285): GC_FOR_ALLOC freed 614K, 8% free 13763K/14919K, paused 46ms, total 46ms
