E/AndroidRuntime( 3921): 	ViewPager cannot be resolved to a type
E/AndroidRuntime( 3921): 	ViewPager cannot be resolved to a type
E/AndroidRuntime( 3921): 	FragmentActivity cannot be resolved to a type
E/AndroidRuntime( 3921): 	The method findViewById(int) is undefined for the type ServalActivity
E/AndroidRuntime( 3921): 	The method getApplicationContext() is undefined for the type new View.OnClickListener(){}
E/AndroidRuntime( 3921): 	The method getApplicationContext() is undefined for the type new View.OnClickListener(){}
E/AndroidRuntime( 3921): 	The method findViewById(int) is undefined for the type ServalActivity
E/AndroidRuntime( 3921): 	The method getApplicationContext() is undefined for the type new View.OnClickListener(){}
E/AndroidRuntime( 3921): 	The method getAssets() is undefined for the type new Runnable(){}
E/AndroidRuntime( 3921): 	The method getApplicationContext() is undefined for the type ServalActivity
E/AndroidRuntime( 3921): 	The method getString(int) is undefined for the type ServalActivity
E/AndroidRuntime( 3921): 	The method getString(int) is undefined for the type ServalActivity
E/AndroidRuntime( 3921): 	The method onBackPressed() of type ServalActivity must override or implement a supertype method
E/AndroidRuntime( 3921): 	FragmentActivity cannot be resolved to a type
E/AndroidRuntime( 3921): 	The method runOnUiThread(new Runnable(){}) is undefined for the type new HostCtrlCallbacks(){}
E/AndroidRuntime( 3921): 	The method getApplicationContext() is undefined for the type new Runnable(){}
E/AndroidRuntime( 3921): 	The method runOnUiThread(new Runnable(){}) is undefined for the type new HostCtrlCallbacks(){}
E/AndroidRuntime( 3921): 	The method getApplicationContext() is undefined for the type new Runnable(){}
E/AndroidRuntime( 3921): 	The method onStart() of type ServalActivity must override or implement a supertype method
E/AndroidRuntime( 3921): 	FragmentActivity cannot be resolved to a type
E/AndroidRuntime( 3921): 	The method onStop() of type ServalActivity must override or implement a supertype method
E/AndroidRuntime( 3921): 	FragmentActivity cannot be resolved to a type
E/AndroidRuntime( 3921): 	The method onDestroy() of type ServalActivity must override or implement a supertype method
E/AndroidRuntime( 3921): 	FragmentActivity cannot be resolved to a type
E/AndroidRuntime( 3921): 	FragmentPagerAdapter cannot be resolved to a type
E/AndroidRuntime( 3921): 	Fragment cannot be resolved to a type
E/AndroidRuntime( 3921): 	FragmentManager cannot be resolved to a type
E/AndroidRuntime( 3921): 	Fragment cannot be resolved to a type
E/AndroidRuntime( 3921): 	Fragment cannot be resolved to a type
E/AndroidRuntime( 3921): 	The method getResources() is undefined for the type ServalActivity
E/AndroidRuntime( 3921): 	Fragment cannot be resolved to a type
E/AndroidRuntime( 3921): 	The method getItem(int) of type ServalActivity.PagerAdapter must override or implement a supertype method
E/AndroidRuntime( 3921): 	Fragment cannot be resolved to a type
E/AndroidRuntime( 3921): 	The method getPageTitle(int) of type ServalActivity.PagerAdapter must override or implement a supertype method
E/AndroidRuntime( 3921): 	The method getCount() of type ServalActivity.PagerAdapter must override or implement a supertype method
E/AndroidRuntime( 3921): 	Fragment cannot be resolved to a type
E/AndroidRuntime( 3921): 
E/AndroidRuntime( 3921): 	at org.servalarch.serval.ServalActivity.<init>(ServalActivity.java:28)
E/AndroidRuntime( 3921): 	at java.lang.Class.newInstanceImpl(Native Method)
E/AndroidRuntime( 3921): 	at java.lang.Class.newInstance(Class.java:1319)
E/AndroidRuntime( 3921): 	at android.app.Instrumentation.newActivity(Instrumentation.java:1053)
E/AndroidRuntime( 3921): 	at android.app.ActivityThread.performLaunchActivity(ActivityThread.java:1974)
E/AndroidRuntime( 3921): 	at android.app.ActivityThread.handleLaunchActivity(ActivityThread.java:2084)
E/AndroidRuntime( 3921): 	at android.app.ActivityThread.access$600(ActivityThread.java:130)
E/AndroidRuntime( 3921): 	at android.app.ActivityThread$H.handleMessage(ActivityThread.java:1195)
E/AndroidRuntime( 3921): 	at android.os.Handler.dispatchMessage(Handler.java:99)
E/AndroidRuntime( 3921): 	at android.os.Looper.loop(L
W/ActivityManager(  303):   Force finishing activity org.servalarch.serval/.ServalActivity
D/dalvikvm(  303): GC_FOR_ALLOC freed 815K, 21% free 18582K/23495K, paused 61ms, total 61ms
W/ActivityManager(  303): Activity pause timeout for ActivityRecord{42314b38 org.servalarch.serval/.ServalActivity}
I/ActivityManager(  303): No longer want com.google.android.apps.walletnfcrel (pid 3748): hidden #16
I/Process ( 3921): Sending signal. PID: 3921 SIG: 9
I/ActivityManager(  303): Process org.servalarch.serval (pid 3921) has died.
W/InputMethodManagerService(  303): Window already focused, ignoring focus gain of: com.android.internal.view.IInputMethodClient$Stub$Proxy@41b68fa8 attribute=null
I/ActivityManager(  303): START {act=android.intent.action.MAIN cat=[android.intent.category.LAUNCHER] flg=0x10200000 cmp=org.servalarch.serval/.ServalActivity u=0} from pid 490
D/dalvikvm(  129): WAIT_FOR_CONCURRENT_GC blocked 1ms
D/dalvikvm( 3935): Late-enabling CheckJNI
I/ActivityManager(  303): Start proc org.servalarch.serval for activity org.servalarch.serval/.ServalActivity: pid=3935 uid=10062 gids={1015, 3003, 1028}
D/dalvikvm(  129): GC_EXPLICIT freed 38K, 3% free 10735K/11011K, paused 3ms+5ms, total 37ms
D/dalvikvm(  129): WAIT_FOR_CONCURRENT_GC blocked 0ms
I/dalvikvm( 3935): Turning on JNI app bug workarounds for target SDK version 10...
D/dalvikvm(  129): GC_EXPLICIT freed <1K, 3% free 10735K/11011K, paused 2ms+3ms, total 27ms
D/dalvikvm(  129): WAIT_FOR_CONCURRENT_GC blocked 0ms
D/AndroidRuntime( 3935): Shutting down VM
W/dalvikvm( 3935): threadid=1: thread exiting with uncaught exception (group=0x40ecc300)
D/dalvikvm(  129): GC_EXPLICIT freed <1K, 3% free 10735K/11011K, paused 2ms+2ms, total 27ms
E/AndroidRuntime( 3935): FATAL EXCEPTION: main
E/AndroidRuntime( 3935): java.lang.Error: Unresolved compilation problems: 
E/AndroidRuntime( 3935): 	The import android.support cannot be resolved
E/AndroidRuntime( 3935): 	The import android.support cannot be resolved
E/AndroidRuntime( 3935): 	The import android.support cannot be resolved
E/AndroidRuntime( 3935): 	The import android.support cannot be resolved
E/AndroidRuntime( 3935): 	The import android.support cannot be resolved
E/AndroidRuntime( 3935): 	FragmentActivity cannot be resolved to a type
E/AndroidRuntime( 3935): 	The method onCreate(Bundle) of type ServalActivity must override or implement a supertype method
E/AndroidRuntime( 3935): 	FragmentActivity cannot be resolved to a type
E/AndroidRuntime( 3935): 	The method getExternalFilesDir(null) is undefined for the type ServalActivity
E/AndroidRuntime( 3935): 	The method getSharedPreferences(String, int) is undefined for the type ServalActivity
E/AndroidRuntime( 3935): 	The method setContentView(int) is undefined for the type ServalActivity
E/AndroidRuntime( 3935): 	Fragment cannot be resolved to a type
E/AndroidRuntime( 3935): 	Fragment cannot be resolved to a type
E/AndroidRuntime( 3935): 	Fragment cannot be resolved
E/AndroidRuntime( 3935): 	Fragment cannot be resolved
E/AndroidRuntime( 3935): 	Fragment cannot be resolved
E/AndroidRuntime( 3935): 	Fragment cannot be resolved
E/AndroidRuntime( 3935): 	FragmentActivity cannot be resolved to a type
E/AndroidRuntime( 3935): 	ViewPager cannot be resolved to a type
E/AndroidRuntime( 3935): 	ViewPager cannot be resolved to a type
E/AndroidRuntime( 3935): 	FragmentActivity cannot be resolved to a type
E/AndroidRuntime( 3935): 	The method findViewById(int) is undefined for the type ServalActivity
E/AndroidRuntime( 3935): 	The method getApplicationContext() is undefined for the type new View.OnClickListener(){}
E/AndroidRuntime( 3935): 	The method getApplicationContext() is undefined for the type new View.OnClickListener(){}
E/AndroidRuntime( 3935): 	The method findViewById(int) is undefined for the type ServalActivity
E/AndroidRuntime( 3935): 	The method getApplicationContext() is undefined for the type new View.OnClickListener(){}
E/AndroidRuntime( 3935): 	The method getAssets() is undefined for the type new Runnable(){}
E/AndroidRuntime( 3935): 	The method getApplicationContext() is undefined for the type ServalActivity
E/AndroidRuntime( 3935): 	The method getString(int) is undefined for the type ServalActivity
E/AndroidRuntime( 3935): 	The method getString(int) is undefined for the type ServalActivity
E/AndroidRuntime( 3935): 	The method onBackPressed() of type ServalActivity must override or implement a supertype method
E/AndroidRuntime( 3935): 	FragmentActivity cannot be resolved to a type
E/AndroidRuntime( 3935): 	The method runOnUiThread(new Runnable(){}) is undefined for the type new HostCtrlCallbacks(){}
E/AndroidRuntime( 3935): 	The method getApplicationContext() is undefined for the type new Runnable(){}
E/AndroidRuntime( 3935): 	The method runOnUiThread(new Runnable(){}) is undefined for the type new HostCtrlCallbacks(){}
E/AndroidRuntime( 3935): 	The method getApplicationContext() is undefined for the type new Runnable(){}
E/AndroidRuntime( 3935): 	The method onStart() of type ServalActivity must override or implement a supertype method
E/AndroidRuntime( 3935): 	FragmentActivity cannot be resolved to a type
E/AndroidRuntime( 3935): 	The method onStop() of type ServalActivity must override or implement a supertype method
E/AndroidRuntime( 3935): 	FragmentActivity cannot be resolved to a type
E/AndroidRuntime( 3935): 	The method onDestroy() of type ServalActivity must override or implement a supertype method
E/AndroidRuntime( 3935): 	FragmentActivity cannot be resolved to a type
E/AndroidRuntime( 3935): 	FragmentPagerAdapter cannot be resolved to a type
E/AndroidRuntime( 3935): 	Fragment cannot be resolved to a type
E/AndroidRuntime( 3935): 	FragmentManager cannot be resolved to a type
E/AndroidRuntime( 3935): 	Fragment cannot be resolved to a type
E/AndroidRuntime( 3935): 	Fragment cannot be resolved to a type
E/AndroidRuntime( 3935): 	The method getResources() is undefined for the type ServalActivity
E/AndroidRuntime( 3935): 	Fragment cannot be resolved to a type
E/AndroidRuntime( 3935): 	The method getItem(int) of type ServalActivity.PagerAdapter must override or implement a supertype method
E/AndroidRuntime( 3935): 	Fragment cannot be resolved to a type
E/AndroidRuntime( 3935): 	The method getPageTitle(int) of type ServalActivity.PagerAdapter must override or implement a supertype method
E/AndroidRuntime( 3935): 	The method getCount() of type ServalActivity.PagerAdapter must override or implement a supertype method
E/AndroidRuntime( 3935): 	Fragment cannot be resolved to a type
E/AndroidRuntime( 3935): 
E/AndroidRuntime( 3935): 	at org.servalarch.serval.ServalActivity.<init>(ServalActivity.java:28)
E/AndroidRuntime( 3935): 	at java.lang.Class.newInstanceImpl(Native Method)
E/AndroidRuntime( 3935): 	at java.lang.Class.newInstance(Class.java:1319)
E/AndroidRuntime( 3935): 	at android.app.Instrumentation.newActivity(Instrumentation.java:1053)
E/AndroidRuntime( 3935): 	at android.app.ActivityThread.performLaunchActivity(ActivityThread.java:1974)
E/AndroidRuntime( 3935): 	at android.app.ActivityThread.handleLaunchActivity(ActivityThread.java:2084)
E/AndroidRuntime( 3935): 	at android.app.ActivityThread.access$600(ActivityThread.java:130)
E/AndroidRuntime( 3935): 	at android.app.ActivityThread$H.handleMessage(ActivityThread.java:1195)
E/AndroidRuntime( 3935): 	at android.os.Handler.dispatchMessage(Handler.java:99)
E/AndroidRuntime( 3935): 	at android.os.Looper.loop(L
W/ActivityManager(  303):   Force finishing activity org.servalarch.serval/.ServalActivity
D/dalvikvm(  303): GC_FOR_ALLOC freed 632K, 19% free 19060K/23495K, paused 53ms, total 54ms
W/ActivityManager(  303): Activity pause timeout for ActivityRecord{41be7018 org.servalarch.serval/.ServalActivity}
I/Process ( 3935): Sending signal. PID: 3935 SIG: 9
I/ActivityManager(  303): Process org.servalarch.serval (pid 3935) has died.
W/InputMethodManagerService(  303): Window already focused, ignoring focus gain of: com.android.internal.view.IInputMethodClient$Stub$Proxy@41c57218 attribute=null
W/ActivityManager(  303): Activity destroy timeout for ActivityRecord{42314b38 org.servalarch.serval/.ServalActivity}
W/ActivityManager(  303): Activity destroy timeout for ActivityRecord{41be7018 org.servalarch.serval/.ServalActivity}
D/SurfaceFlinger(  128): About to give-up screen, flinger = 0x4170eaf0
D/dalvikvm(  303): GC_FOR_ALLOC freed 1225K, 21% free 18720K/23495K, paused 62ms, total 62ms
D/NfcService(  472): NFC-C OFF, disconnect
V/LockPatternKeyguardView(  303): Set visibility on com.android.internal.policy.impl.LockPatternKeyguardView$4@41bdead8 to 8388608
V/TransportControlView(  303): Create TCV com.android.internal.widget.TransportControlView@41d8d2b8
D/dalvikvm(  303): GC_CONCURRENT freed 175K, 13% free 20539K/23495K, paused 14ms+9ms, total 99ms
D/dalvikvm(  303): WAIT_FOR_CONCURRENT_GC blocked 41ms
V/KeyguardViewManager(  303): KGVM: Set visibility on com.android.internal.policy.impl.KeyguardViewManager$KeyguardViewHost@41beac18 to 6291456
D/PhoneStatusBar(  385): disable: < expand icons alerts ticker system_info back home RECENT* clock >
V/LockPatternKeyguardView(  303): Set visibility on com.android.internal.policy.impl.LockPatternKeyguardView$4@41bdead8 to 8388608
D/PhoneStatusBar(  385): disable: < expand icons alerts ticker system_info BACK* HOME* RECENT CLOCK* >
V/LockPatternKeyguardView(  303): Set visibility on com.android.internal.policy.impl.LockPatternKeyguardView$4@41bdead8 to 8388608
D/ConnectivityService(  303): ConnectivityChange for WIFI: CONNECTED/CONNECTED
D/ConnectivityService(  303): handleConnectivityChange: address are the same reset per doReset linkProperty[1]: resetMask=0
D/ConnectivityService(  303): ConnectivityChange for WIFI: CONNECTED/CONNECTED
D/ConnectivityService(  303): handleConnectivityChange: address are the same reset per doReset linkProperty[1]: resetMask=0
D/ConnectivityService(  303): NetTransition Wakelock for WifiStateMachine released by timeout
D/Tethering(  303): MasterInitialState.processMessage what=3
D/Tethering(  303): MasterInitialState.processMessage what=3
D/PicasaSyncManager( 1317): active network: NetworkInfo: type: WIFI[], state: CONNECTED/CONNECTED, reason: (unspecified), extra: (none), roaming: false, failover: false, isAvailable: true
D/PicasaSyncManager( 1317): background data: true
I/ActivityManager(  303): Start proc com.google.android.apps.uploader for broadcast com.google.android.apps.uploader/com.google.android.picasasync.ConnectivityReceiver: pid=3977 uid=10034 gids={3003, 1015, 1028}
I/ActivityThread( 3977): Pub com.google.android.apps.uploader.PicasaUploadProvider: com.google.android.picasasync.PicasaContentProvider
I/ActivityManager(  303): Start proc com.google.android.apps.walletnfcrel for broadcast com.google.android.apps.walletnfcrel/com.google.android.apps.wallet.util.WalletNetworkAccessReceiver: pid=3991 uid=10060 gids={3003, 1028}
D/dalvikvm( 3977): GC_CONCURRENT freed 460K, 5% free 10779K/11271K, paused 14ms+2ms, total 63ms
D/dalvikvm( 3977): WAIT_FOR_CONCURRENT_GC blocked 22ms
I/ActivityThread( 3991): Pub com.google.android.apps.wallet: com.google.android.apps.wallet.datastore.impl.WalletContentProvider
D/PicasaUploader( 3977):    wifiOnlyPhoto changed to true
D/PicasaUploader( 3977):    wifiOnlyVideo changed to true
D/PicasaUploader( 3977):    syncOnBattery changed to true
D/PicasaUploaderSync( 3977): sync account database
D/dalvikvm( 3991): GC_CONCURRENT freed 174K, 3% free 11035K/11271K, paused 14ms+12ms, total 55ms
I/ActivityThread( 3991): Pub com.google.android.apps.wallet.p2pcontent: com.google.android.apps.wallet.p2p.dataaccess.persistence.P2pContentProvider
D/PicasaUploaderSync( 3977): accounts in DB=0
D/PicasaUploaderSyncManager( 3977): active network: NetworkInfo: type: WIFI[], state: CONNECTED/CONNECTED, reason: (unspecified), extra: (none), roaming: false, failover: false, isAvailable: true
D/PicasaUploaderSyncManager( 3977): background data: true
D/PicasaUploaderSyncManager( 3977): battery info: true
D/dalvikvm( 3991): GC_CONCURRENT freed 297K, 4% free 11170K/11527K, paused 13ms+17ms, total 54ms
D/ConnectivityService(  303): handleInetConditionHoldEnd: net=1, condition=100, published condition=0
E/DowngradeSafeSQLiteOpenHelper( 3991): old version: 20 new version: 20
D/dalvikvm( 4011): Late-enabling CheckJNI
I/ActivityManager(  303): Start proc org.servalarch.serval for broadcast org.servalarch.serval/.ConnectivityReceiver: pid=4011 uid=10062 gids={1015, 3003, 1028}
I/ActivityManager(  303): No longer want com.android.keychain (pid 3782): hidden #16
I/dalvikvm( 4011): Turning on JNI app bug workarounds for target SDK version 10...
I/ActivityManager(  303): No longer want com.google.android.partnersetup (pid 3408): hidden #16
D/PicasaSyncManager( 1317): active network: NetworkInfo: type: WIFI[], state: CONNECTED/CONNECTED, reason: (unspecified), extra: (none), roaming: false, failover: false, isAvailable: true
D/PicasaSyncManager( 1317): background data: true
D/PicasaUploaderSyncManager( 3977): active network: NetworkInfo: type: WIFI[], state: CONNECTED/CONNECTED, reason: (unspecified), extra: (none), roaming: false, failover: false, isAvailable: true
D/PicasaUploaderSyncManager( 3977): background data: true
I/ActivityManager(  303): No longer want android.process.acore (pid 3450): hidden #16
D/dalvikvm(  461): GC_CONCURRENT freed 508K, 6% free 11184K/11783K, paused 5ms+3ms, total 27ms
W/ThrottleService(  303): unable to find stats for iface rmnet0
I/SystemUpdateService(  525): download in progress: [id: 8 compl: true succ: true bytes: 77928398 reason: 0 fn: /cache/e587de13bf8a.signed-takju-JOP40C-from-JZO54K.e587de13.zip]
I/SystemUpdateService(  525): file has been verified
I/SystemUpdateService(  525): OTA package size = 77928398
I/ActivityManager(  303): START {flg=0x10040000 cmp=com.google.android.gsf/.update.SystemUpdateInstallDialog u=0} from pid 525
V/SystemUpdateService(  525): retry (wakeup: true) in 1799999 ms
I/SystemUpdateService(  525): download in progress: [id: 8 compl: true succ: true bytes: 77928398 reason: 0 fn: /cache/e587de13bf8a.signed-takju-JOP40C-from-JZO54K.e587de13.zip]
I/SystemUpdateService(  525): file has been verified
I/SystemUpdateService(  525): OTA package size = 77928398
I/ActivityManager(  303): START {flg=0x10040000 cmp=com.google.android.gsf/.update.SystemUpdateInstallDialog u=0} from pid 525
V/SystemUpdateService(  525): retry (wakeup: true) in 1799999 ms
I/ActivityManager(  303): Displayed com.google.android.gsf/.update.SystemUpdateInstallDialog: +135ms (total +10m49s137ms)
I/SystemUpdateService(  525): download in progress: [id: 8 compl: true succ: true bytes: 77928398 reason: 0 fn: /cache/e587de13bf8a.signed-takju-JOP40C-from-JZO54K.e587de13.zip]
I/SystemUpdateService(  525): file has been verified
I/SystemUpdateService(  525): OTA package size = 77928398
V/SystemUpdateService(  525): retry (wakeup: true) in 1797930 ms
D/dalvikvm(  303): JIT code cache reset in 10 ms (1048304 bytes 3/0)
D/dalvikvm(  303): GC_CONCURRENT freed 2242K, 14% free 20227K/23495K, paused 14ms+19ms, total 108ms
W/ThrottleService(  303): unable to find stats for iface rmnet0
I/WindowManager(  303): Lock screen displayed!
D/SurfaceFlinger(  128): Screen about to return, flinger = 0x4170eaf0
E/PowerManagerService(  303): Excessive delay setting brightness: 273ms, mask=2
D/dalvikvm(  303): WAIT_FOR_CONCURRENT_GC blocked 0ms
D/dalvikvm(  303): GC_EXPLICIT freed 2184K, 21% free 18619K/23495K, paused 3ms+9ms, total 84ms
D/NfcService(  472): NFC-C ON
D/PhoneStatusBar(  385): disable: < expand icons alerts ticker system_info BACK HOME recent* CLOCK >
D/PhoneStatusBar(  385): disable: < expand icons alerts ticker system_info back* home* recent clock* >
D/dalvikvm(  490): WAIT_FOR_CONCURRENT_GC blocked 0ms
D/dalvikvm(  490): GC_EXPLICIT freed 8078K, 44% free 17542K/31239K, paused 2ms+11ms, total 52ms
D/dalvikvm(  490): GC_FOR_ALLOC freed 2281K, 48% free 16423K/31239K, paused 31ms, total 31ms
D/dalvikvm(  490): GC_CONCURRENT freed 9K, 42% free 18243K/31239K, paused 2ms+4ms, total 26ms
D/dalvikvm(  490): WAIT_FOR_CONCURRENT_GC blocked 13ms
D/dalvikvm(  490): GC_FOR_ALLOC freed 1883K, 44% free 17641K/31239K, paused 21ms, total 21ms
D/dalvikvm(  490): GC_FOR_ALLOC freed 738K, 41% free 18678K/31239K, paused 24ms, total 24ms
D/dalvikvm(  490): GC_FOR_ALLOC freed 1263K, 40% free 18890K/31239K, paused 18ms, total 19ms
D/dalvikvm(  490): GC_FOR_ALLOC freed 1027K, 38% free 19467K/31239K, paused 18ms, total 18ms
D/dalvikvm(  490): GC_FOR_ALLOC freed 2031K, 39% free 19223K/31239K, paused 19ms, total 19ms
I/dalvikvm-heap(  490): Grow heap (frag case) to 21.423MB for 2747152-byte allocation
D/dalvikvm(  490): GC_CONCURRENT freed 2K, 30% free 21903K/31239K, paused 12ms+3ms, total 42ms
I/ActivityManager(  303): START {act=android.intent.action.MAIN cat=[android.intent.category.LAUNCHER] flg=0x10200000 cmp=org.servalarch.serval/.ServalActivity u=0} from pid 490
D/AndroidRuntime( 4011): Shutting down VM
W/dalvikvm( 4011): threadid=1: thread exiting with uncaught exception (group=0x40ecc300)
E/AndroidRuntime( 4011): FATAL EXCEPTION: main
E/AndroidRuntime( 4011): java.lang.Error: Unresolved compilation problems: 
E/AndroidRuntime( 4011): 	The import android.support cannot be resolved
E/AndroidRuntime( 4011): 	The import android.support cannot be resolved
E/AndroidRuntime( 4011): 	The import android.support cannot be resolved
E/AndroidRuntime( 4011): 	The import android.support cannot be resolved
E/AndroidRuntime( 4011): 	The import android.support cannot be resolved
E/AndroidRuntime( 4011): 	FragmentActivity cannot be resolved to a type
E/AndroidRuntime( 4011): 	The method onCreate(Bundle) of type ServalActivity must override or implement a supertype method
E/AndroidRuntime( 4011): 	FragmentActivity cannot be resolved to a type
E/AndroidRuntime( 4011): 	The method getExternalFilesDir(null) is undefined for the type ServalActivity
E/AndroidRuntime( 4011): 	The method getSharedPreferences(String, int) is undefined for the type ServalActivity
E/AndroidRuntime( 4011): 	The method setContentView(int) is undefined for the type ServalActivity
E/AndroidRuntime( 4011): 	Fragment cannot be resolved to a type
E/AndroidRuntime( 4011): 	Fragment cannot be resolved to a type
E/AndroidRuntime( 4011): 	Fragment cannot be resolved
E/AndroidRuntime( 4011): 	Fragment cannot be resolved
E/AndroidRuntime( 4011): 	Fragment cannot be resolved
E/AndroidRuntime( 4011): 	Fragment cannot be resolved
E/AndroidRuntime( 4011): 	FragmentActivity cannot be resolved to a type
E/AndroidRuntime( 4011): 	ViewPager cannot be resolved to a type
E/AndroidRuntime( 4011): 	ViewPager cannot be resolved to a type
E/AndroidRuntime( 4011): 	FragmentActivity cannot be resolved to a type
E/AndroidRuntime( 4011): 	The method findViewById(int) is undefined for the type ServalActivity
E/AndroidRuntime( 4011): 	The method getApplicationContext() is undefined for the type new View.OnClickListener(){}
E/AndroidRuntime( 4011): 	The method getApplicationContext() is undefined for the type new View.OnClickListener(){}
E/AndroidRuntime( 4011): 	The method findViewById(int) is undefined for the type ServalActivity
E/AndroidRuntime( 4011): 	The method getApplicationContext() is undefined for the type new View.OnClickListener(){}
E/AndroidRuntime( 4011): 	The method getAssets() is undefined for the type new Runnable(){}
E/AndroidRuntime( 4011): 	The method getApplicationContext() is undefined for the type ServalActivity
E/AndroidRuntime( 4011): 	The method getString(int) is undefined for the type ServalActivity
E/AndroidRuntime( 4011): 	The method getString(int) is undefined for the type ServalActivity
E/AndroidRuntime( 4011): 	The method onBackPressed() of type ServalActivity must override or implement a supertype method
E/AndroidRuntime( 4011): 	FragmentActivity cannot be resolved to a type
E/AndroidRuntime( 4011): 	The method runOnUiThread(new Runnable(){}) is undefined for the type new HostCtrlCallbacks(){}
E/AndroidRuntime( 4011): 	The method getApplicationContext() is undefined for the type new Runnable(){}
E/AndroidRuntime( 4011): 	The method runOnUiThread(new Runnable(){}) is undefined for the type new HostCtrlCallbacks(){}
E/AndroidRuntime( 4011): 	The method getApplicationContext() is undefined for the type new Runnable(){}
E/AndroidRuntime( 4011): 	The method onStart() of type ServalActivity must override or implement a supertype method
E/AndroidRuntime( 4011): 	FragmentActivity cannot be resolved to a type
E/AndroidRuntime( 4011): 	The method onStop() of type ServalActivity must override or implement a supertype method
E/AndroidRuntime( 4011): 	FragmentActivity cannot be resolved to a type
E/AndroidRuntime( 4011): 	The method onDestroy() of type ServalActivity must override or implement a supertype method
E/AndroidRuntime( 4011): 	FragmentActivity cannot be resolved to a type
E/AndroidRuntime( 4011): 	FragmentPagerAdapter cannot be resolved to a type
E/AndroidRuntime( 4011): 	Fragment cannot be resolved to a type
E/AndroidRuntime( 4011): 	FragmentManager cannot be resolved to a type
E/AndroidRuntime( 4011): 	Fragment cannot be resolved to a type
E/AndroidRuntime( 4011): 	Fragment cannot be resolved to a type
E/AndroidRuntime( 4011): 	The method getResources() is undefined for the type ServalActivity
E/AndroidRuntime( 4011): 	Fragment cannot be resolved to a type
E/AndroidRuntime( 4011): 	The method getItem(int) of type ServalActivity.PagerAdapter must override or implement a supertype method
E/AndroidRuntime( 4011): 	Fragment cannot be resolved to a type
E/AndroidRuntime( 4011): 	The method getPageTitle(int) of type ServalActivity.PagerAdapter must override or implement a supertype method
E/AndroidRuntime( 4011): 	The method getCount() of type ServalActivity.PagerAdapter must override or implement a supertype method
E/AndroidRuntime( 4011): 	Fragment cannot be resolved to a type
E/AndroidRuntime( 4011): 
E/AndroidRuntime( 4011): 	at org.servalarch.serval.ServalActivity.<init>(ServalActivity.java:28)
E/AndroidRuntime( 4011): 	at java.lang.Class.newInstanceImpl(Native Method)
E/AndroidRuntime( 4011): 	at java.lang.Class.newInstance(Class.java:1319)
E/AndroidRuntime( 4011): 	at android.app.Instrumentation.newActivity(Instrumentation.java:1053)
E/AndroidRuntime( 4011): 	at android.app.ActivityThread.performLaunchActivity(ActivityThread.java:1974)
E/AndroidRuntime( 4011): 	at android.app.ActivityThread.handleLaunchActivity(ActivityThread.java:2084)
E/AndroidRuntime( 4011): 	at android.app.ActivityThread.access$600(ActivityThread.java:130)
E/AndroidRuntime( 4011): 	at android.app.ActivityThread$H.handleMessage(ActivityThread.java:1195)
E/AndroidRuntime( 4011): 	at android.os.Handler.dispatchMessage(Handler.java:99)
E/AndroidRuntime( 4011): 	at android.os.Looper.loop(L
W/ActivityManager(  303):   Force finishing activity org.servalarch.serval/.ServalActivity
D/dalvikvm(  303): GC_CONCURRENT freed 1441K, 19% free 19074K/23495K, paused 15ms+12ms, total 112ms
W/ActivityManager(  303): Activity pause timeout for ActivityRecord{423138c0 org.servalarch.serval/.ServalActivity}
I/Process ( 4011): Sending signal. PID: 4011 SIG: 9
I/ActivityManager(  303): Process org.servalarch.serval (pid 4011) has died.
W/InputMethodManagerService(  303): Window already focused, ignoring focus gain of: com.android.internal.view.IInputMethodClient$Stub$Proxy@41af7d38 attribute=null
I/ActivityManager(  303): START {act=android.intent.action.MAIN cat=[android.intent.category.LAUNCHER] flg=0x10200000 cmp=com.android.settings/.Settings u=0} from pid 490
D/dalvikvm(  303): GC_FOR_ALLOC freed 1150K, 21% free 18726K/23495K, paused 61ms, total 61ms
W/System.err( 3220): Removed 2131231183
W/System.err( 3220): Removed 2131231190
D/LocalBluetoothProfileManager( 3220): LocalBluetoothProfileManager construction complete
W/System.err( 3220): Removed 2131231183
W/System.err( 3220): Removed 2131231190
D/WifiService(  303): setWifiEnabled: true pid=3220, uid=1000
D/dalvikvm( 3220): GC_CONCURRENT freed 282K, 4% free 11738K/12167K, paused 12ms+5ms, total 36ms
W/InputMethodManagerService(  303): Starting input on non-focused client com.android.internal.view.IInputMethodClient$Stub$Proxy@41e5bda0 (uid=10030 pid=490)
I/ActivityManager(  303): Displayed com.android.settings/.Settings: +371ms (total +5s625ms)
I/ActivityManager(  303): START {act=android.intent.action.MAIN cmp=com.android.settings/.SubSettings (has extras) u=0} from pid 3220
D/dalvikvm( 3220): GC_CONCURRENT freed 231K, 4% free 11925K/12295K, paused 2ms+14ms, total 44ms
W/System.err( 3220): Removed 2131231183
W/System.err( 3220): Removed 2131231190
I/ActivityManager(  303): Displayed com.android.settings/.SubSettings: +367ms
W/System.err( 3220): Removed 2131231183
W/System.err( 3220): Removed 2131231190
W/ActivityManager(  303): Activity destroy timeout for ActivityRecord{423138c0 org.servalarch.serval/.ServalActivity}
I/EventLogService(  525): Aggregate from 1359405307886 (log), 1359405307886 (data)
D/dalvikvm(  525): GC_CONCURRENT freed 447K, 5% free 12060K/12615K, paused 3ms+5ms, total 31ms
D/dalvikvm(  525): WAIT_FOR_CONCURRENT_GC blocked 16ms
I/ServiceDumpSys(  525): dumping service [account]
E/WalletApplication( 3991): Wallet 173 version too old to run, quitting!
D/MDnsDS  (  125): MDnsSdListener::Monitor poll timed out
D/MDnsDS  (  125): Going to poll with pollCount 1
D/dalvikvm(  385): GC_CONCURRENT freed 738K, 7% free 14296K/15367K, paused 12ms+5ms, total 44ms
I/ActivityManager(  303): START {act=android.intent.action.MAIN cat=[android.intent.category.HOME] flg=0x10200000 cmp=com.android.launcher/com.android.launcher2.Launcher u=0} from pid 303
D/dalvikvm(  303): GC_FOR_ALLOC freed 1568K, 20% free 18803K/23495K, paused 71ms, total 71ms
D/dalvikvm(  385): GC_FOR_ALLOC freed 773K, 12% free 13631K/15367K, paused 20ms, total 21ms
D/dalvikvm(  385): GC_FOR_ALLOC freed 21K, 9% free 14054K/15367K, paused 23ms, total 23ms
I/dalvikvm-heap(  385): Grow heap (frag case) to 14.114MB for 380496-byte allocation
D/dalvikvm(  385): GC_FOR_ALLOC freed <1K, 9% free 14426K/15751K, paused 38ms, total 38ms
D/dalvikvm(  385): GC_FOR_ALLOC freed 5K, 9% free 14462K/15751K, paused 26ms, total 26ms
I/dalvikvm-heap(  385): Grow heap (frag case) to 14.512MB for 380496-byte allocation
D/dalvikvm(  385): GC_FOR_ALLOC freed 1K, 9% free 14833K/16135K, paused 33ms, total 33ms
V/LockPatternKeyguardView(  303): Set visibility on com.android.internal.policy.impl.LockPatternKeyguardView$4@41b70bd8 to 8388608
D/SurfaceFlinger(  128): About to give-up screen, flinger = 0x4170eaf0
V/TransportControlView(  303): Create TCV com.android.internal.widget.TransportControlView@41d41808
I/Choreographer(  385): Skipped 32 frames!  The application may be doing too much work on its main thread.
V/KeyguardViewManager(  303): KGVM: Set visibility on com.android.internal.policy.impl.KeyguardViewManager$KeyguardViewHost@41beac18 to 6291456
D/NfcService(  472): NFC-C OFF, disconnect
I/Choreographer(  303): Skipped 38 frames!  The application may be doing too much work on its main thread.
D/PhoneStatusBar(  385): disable: < expand icons alerts ticker system_info back home RECENT* clock >
V/LockPatternKeyguardView(  303): Set visibility on com.android.internal.policy.impl.LockPatternKeyguardView$4@41b70bd8 to 8388608
D/PhoneStatusBar(  385): disable: < expand icons alerts ticker system_info BACK* HOME* RECENT CLOCK* >
V/LockPatternKeyguardView(  303): Set visibility on com.android.internal.policy.impl.LockPatternKeyguardView$4@41b70bd8 to 8388608
D/dalvikvm(  303): GC_CONCURRENT freed 1222K, 18% free 19487K/23495K, paused 7ms+8ms, total 81ms
W/ThrottleService(  303): unable to find stats for iface rmnet0
D/MtpService( 1819): addStorageLocked 65537 /storage/sdcard0
D/MtpService( 1819): starting MTP server in MTP mode
D/MtpService( 1819): addStorageLocked 65537 /storage/sdcard0
D/PicasaSyncManager( 1317): battery info: false
D/PicasaUploaderSyncManager( 3977): battery info: false
I/WindowManager(  303): Lock screen displayed!
D/SurfaceFlinger(  128): Screen about to return, flinger = 0x4170eaf0
E/PowerManagerService(  303): Excessive delay setting brightness: 303ms, mask=2
D/PhoneStatusBar(  385): disable: < expand icons alerts ticker system_info BACK HOME recent* CLOCK >
D/NfcService(  472): NFC-C ON
D/PhoneStatusBar(  385): disable: < expand icons alerts ticker system_info back* home* recent clock* >
W/InputMethodManagerService(  303): Window already focused, ignoring focus gain of: com.android.internal.view.IInputMethodClient$Stub$Proxy@419429d8 attribute=android.view.inputmethod.EditorInfo@41f690d8
D/dalvikvm(  490): GC_CONCURRENT freed 7929K, 50% free 15915K/31239K, paused 22ms+5ms, total 61ms
D/dalvikvm(  303): GC_CONCURRENT freed 2686K, 21% free 18729K/23495K, paused 7ms+11ms, total 89ms
D/dalvikvm(  303): GC_CONCURRENT freed 1909K, 21% free 18706K/23495K, paused 22ms+10ms, total 106ms
D/dalvikvm(  303): GC_CONCURRENT freed 1882K, 21% free 18703K/23495K, paused 6ms+9ms, total 86ms
D/dalvikvm(  303): GC_CONCURRENT freed 1874K, 21% free 18705K/23495K, paused 7ms+9ms, total 86ms
D/dalvikvm(  303): GC_CONCURRENT freed 1875K, 21% free 18708K/23495K, paused 19ms+10ms, total 97ms
D/PhoneStatusBar(  385): disable: < expand icons alerts TICKER* system_info back home recent clock >
I/ActivityManager(  303): START {act=android.settings.SETTINGS flg=0x10000000 cmp=com.android.settings/.Settings u=0} from pid 385
W/System.err( 3220): Removed 2131231183
W/System.err( 3220): Removed 2131231190
D/dalvikvm(  303): GC_CONCURRENT freed 1911K, 21% free 18679K/23495K, paused 14ms+10ms, total 97ms
D/PhoneStatusBar(  385): disable: < expand icons alerts ticker* system_info back home recent clock >
I/ActivityManager(  303): START {act=android.intent.action.MAIN cmp=com.android.settings/.SubSettings (has extras) u=0} from pid 3220
W/System.err( 3220): Removed 2131231183
W/System.err( 3220): Removed 2131231190
I/ActivityManager(  303): Displayed com.android.settings/.SubSettings: +286ms
W/System.err( 3220): Removed 2131231183
W/System.err( 3220): Removed 2131231190
I/InputReader(  303): Reconfiguring input devices.  changes=0x00000004
I/InputReader(  303): Device reconfigured: id=6, name='Melfas MMSxxx Touchscreen', surface size is now 720x1280, mode is 1
I/ActivityManager(  303): Config changed: {1.0 999mcc0mnc en_US sw360dp w598dp h335dp nrml land finger -keyb/v/h -nav/h s.9}
D/dalvikvm( 3220): GC_CONCURRENT freed 164K, 2% free 12213K/12423K, paused 12ms+15ms, total 52ms
W/System.err( 3220): Removed 2131231183
W/System.err( 3220): Removed 2131231190
W/System.err( 3220): Removed 2131231183
W/System.err( 3220): Removed 2131231190
I/InputReader(  303): Reconfiguring input devices.  changes=0x00000004
I/InputReader(  303): Device reconfigured: id=6, name='Melfas MMSxxx Touchscreen', surface size is now 720x1280, mode is 1
I/ActivityManager(  303): Config changed: {1.0 999mcc0mnc en_US sw360dp w360dp h567dp nrml port finger -keyb/v/h -nav/h s.10}
I/dalvikvm(  385): Jit: resizing JitTable from 4096 to 8192
W/System.err( 3220): Removed 2131231183
W/System.err( 3220): Removed 2131231190
W/System.err( 3220): Removed 2131231183
W/System.err( 3220): Removed 2131231190
D/dalvikvm(  303): WAIT_FOR_CONCURRENT_GC blocked 0ms
D/dalvikvm(  303): GC_EXPLICIT freed 993K, 21% free 18599K/23495K, paused 7ms+9ms, total 95ms
D/SurfaceFlinger(  128): About to give-up screen, flinger = 0x4170eaf0
V/LockPatternKeyguardView(  303): Set visibility on com.android.internal.policy.impl.LockPatternKeyguardView$4@41d65fa8 to 8388608
V/TransportControlView(  303): Create TCV com.android.internal.widget.TransportControlView@41e967b0
D/dalvikvm(  303): GC_FOR_ALLOC freed 311K, 15% free 20061K/23495K, paused 61ms, total 61ms
D/NfcService(  472): NFC-C OFF, disconnect
V/KeyguardViewManager(  303): KGVM: Set visibility on com.android.internal.policy.impl.KeyguardViewManager$KeyguardViewHost@41beac18 to 6291456
D/PhoneStatusBar(  385): disable: < expand icons alerts ticker system_info back home RECENT* clock >
I/Choreographer(  303): Skipped 41 frames!  The application may be doing too much work on its main thread.
V/LockPatternKeyguardView(  303): Set visibility on com.android.internal.policy.impl.LockPatternKeyguardView$4@41d65fa8 to 8388608
D/PhoneStatusBar(  385): disable: < expand icons alerts ticker system_info BACK* HOME* RECENT CLOCK* >
V/LockPatternKeyguardView(  303): Set visibility on com.android.internal.policy.impl.LockPatternKeyguardView$4@41d65fa8 to 8388608
W/ThrottleService(  303): unable to find stats for iface rmnet0
I/SystemUpdateService(  525): download in progress: [id: 8 compl: true succ: true bytes: 77928398 reason: 0 fn: /cache/e587de13bf8a.signed-takju-JOP40C-from-JZO54K.e587de13.zip]
I/SystemUpdateService(  525): file has been verified
I/SystemUpdateService(  525): OTA package size = 77928398
D/dalvikvm(  525): GC_FOR_ALLOC freed 334K, 6% free 11935K/12615K, paused 33ms, total 35ms
I/ActivityManager(  303): START {flg=0x10040000 cmp=com.google.android.gsf/.update.SystemUpdateInstallDialog u=0} from pid 525
V/SystemUpdateService(  525): retry (wakeup: true) in 1799999 ms
I/SystemUpdateService(  525): download in progress: [id: 8 compl: true succ: true bytes: 77928398 reason: 0 fn: /cache/e587de13bf8a.signed-takju-JOP40C-from-JZO54K.e587de13.zip]
I/SystemUpdateService(  525): file has been verified
I/SystemUpdateService(  525): OTA package size = 77928398
I/ActivityManager(  303): START {flg=0x10040000 cmp=com.google.android.gsf/.update.SystemUpdateInstallDialog u=0} from pid 525
V/SystemUpdateService(  525): retry (wakeup: true) in 1799999 ms
I/ActivityManager(  303): Displayed com.google.android.gsf/.update.SystemUpdateInstallDialog: +134ms
I/SystemUpdateService(  525): download in progress: [id: 8 compl: true succ: true bytes: 77928398 reason: 0 fn: /cache/e587de13bf8a.signed-takju-JOP40C-from-JZO54K.e587de13.zip]
I/SystemUpdateService(  525): file has been verified
I/SystemUpdateService(  525): OTA package size = 77928398
V/SystemUpdateService(  525): retry (wakeup: true) in 1797896 ms
D/dalvikvm( 3854): GC_CONCURRENT freed 572K, 5% free 12800K/13447K, paused 5ms+3ms, total 37ms
I/wpa_supplicant( 1939): wlan0: CTRL-EVENT-DISCONNECTED bssid=6c:f3:7f:a6:7d:61 reason=0
D/CommandListener(  125): Clearing all IP addresses on wlan0
D/ConnectivityService(  303): ConnectivityChange for WIFI: DISCONNECTED/DISCONNECTED
D/ConnectivityService(  303): Attempting to switch to mobile
D/ConnectivityService(  303): Attempting to switch to BLUETOOTH_TETHER
D/ConnectivityService(  303): Attempting to switch to ETHERNET
D/NetUtils(  303): android_net_utils_resetConnections in env=0x40e11f58 clazz=0x31000001 iface=wlan0 mask=0x3
W/Smack/Packet(  525): notify conn break (IOEx), close connection
D/ConnectivityService(  303): resetConnections(wlan0, 3)
D/NetUtils(  303): android_net_utils_resetConnections in env=0x40e11f58 clazz=0x33a00001 iface=wlan0 mask=0x3
D/ConnectivityService(  303): ConnectivityChange for WIFI: DISCONNECTED/DISCONNECTED
D/ConnectivityService(  303): Attempting to switch to mobile
D/ConnectivityService(  303): Attempting to switch to BLUETOOTH_TETHER
D/ConnectivityService(  303): Attempting to switch to ETHERNET
D/ConnectivityService(  303): resetConnections(wlan0, 3)
I/qtaguid (  525): Failed write_ctrl(u 70) res=-1 errno=22
I/qtaguid (  525): Untagging socket 70 failed errno=-22
W/NetworkManagementSocketTagger(  525): untagSocket(70) failed with errno -22
D/ConnectivityService(  303): handleInetConditionChange: no active default network - ignore
D/Tethering(  303): MasterInitialState.processMessage what=3
D/Tethering(  303): MasterInitialState.processMessage what=3
D/dalvikvm( 1819): GC_CONCURRENT freed 429K, 5% free 11068K/11591K, paused 2ms+5ms, total 51ms
D/PicasaSyncManager( 1317): active network: null
D/PicasaSyncManager( 1317): background data: true
D/dalvikvm( 1317): GC_CONCURRENT freed 364K, 5% free 11140K/11719K, paused 7ms+6ms, total 50ms
D/PicasaUploaderSyncManager( 3977): active network: null
D/PicasaUploaderSyncManager( 3977): background data: true
D/dalvikvm( 4121): Late-enabling CheckJNI
I/ActivityManager(  303): Start proc org.servalarch.serval for broadcast org.servalarch.serval/.ConnectivityReceiver: pid=4121 uid=10062 gids={1015, 3003, 1028}
I/dalvikvm( 4121): Turning on JNI app bug workarounds for target SDK version 10...
W/System.err( 3854): java.net.UnknownHostException: Unable to resolve host "www.google.com": No address associated with hostname
W/System.err( 3854): 	at java.net.InetAddress.lookupHostByName(InetAddress.java:424)
W/System.err( 3854): 	at java.net.InetAddress.getAllByNameImpl(InetAddress.java:236)
W/System.err( 3854): 	at java.net.InetAddress.getAllByName(InetAddress.java:214)
W/System.err( 3854): 	at org.apache.http.impl.conn.DefaultClientConnectionOperator.openConnection(DefaultClientConnectionOperator.java:137)
W/System.err( 3854): 	at org.apache.http.impl.conn.AbstractPoolEntry.open(AbstractPoolEntry.java:164)
W/System.err( 3854): 	at org.apache.http.impl.conn.AbstractPooledConnAdapter.open(AbstractPooledConnAdapter.java:119)
W/System.err( 3854): 	at org.apache.http.impl.client.DefaultRequestDirector.execute(DefaultRequestDirector.java:452)
W/System.err( 3854): 	at org.apache.http.impl.client.AbstractHttpClient.execute(AbstractHttpClient.java:555)
W/System.err( 3854): 	at org.apache.http.impl.client.AbstractHttpClient.execute(AbstractHttpClient.java:487)
W/System.err( 3854): 	at android.net.http.AndroidHttpClient.execute(AndroidHttpClient.java:257)
W/System.err( 3854): 	at f.a.a(SourceFile:202)
W/System.err( 3854): 	at f.a.execute(SourceFile:244)
W/System.err( 3854): 	at f.a.execute(SourceFile:312)
W/System.err( 3854): 	at V.c.g(SourceFile:126)
W/System.err( 3854): 	at V.c.c(SourceFile:172)
W/System.err( 3854): 	at com.google.android.location.h.a.c$a.run(SourceFile:419)
W/System.err( 3854): 	at com.google.android.location.h.a.c.c(SourceFile:225)
W/System.err( 3854): 	at com.google.android.location.h.a.c.run(SourceFile:199)
W/System.err( 3854): 	at X.c.run(SourceFile:96)
W/System.err( 3854): Caused by: libcore.io.GaiException: getaddrinfo failed: EAI_NODATA (No address associated with hostname)
W/System.err( 3854): 	at libcore.io.Posix.getaddrinfo(Native Method)
W/System.err( 3854): 	at libcore.io.ForwardingOs.getaddrinfo(ForwardingOs.java:55)
W/System.err( 3854): 	at java.net.InetAddress.lookupHostByName(InetAddress.java:405)
W/System.err( 3854): 	... 18 more
D/PicasaSyncManager( 1317): active network: null
D/PicasaSyncManager( 1317): background data: true
W/System.err( 3854): Caused by: libcore.io.ErrnoException: getaddrinfo failed: ENETUNREACH (Network is unreachable)
W/System.err( 3854): 	... 21 more
D/PicasaUploaderSyncManager( 3977): active network: null
D/PicasaUploaderSyncManager( 3977): background data: true
I/wpa_supplicant( 1939): wlan0: Trying to associate with 6c:f3:7f:a6:5a:81 (SSID='puwireless' freq=2437 MHz)
I/wpa_supplicant( 1939): wlan0: Associated with 6c:f3:7f:a6:5a:81
I/wpa_supplicant( 1939): wlan0: CTRL-EVENT-CONNECTED - Connection to 6c:f3:7f:a6:5a:81 completed (reauth) [id=1 id_str=]
D/ConnectivityService(  303): ConnectivityChange for WIFI: CONNECTED/CONNECTED
D/ConnectivityService(  303): ConnectivityChange for WIFI: CONNECTED/CONNECTED
D/ConnectivityService(  303): handleConnectivityChange: address are the same reset per doReset linkProperty[1]: resetMask=0
D/ConnectivityService(  303): NetTransition Wakelock for WifiStateMachine released by timeout
D/dalvikvm(  303): GC_CONCURRENT freed 1972K, 15% free 20022K/23495K, paused 8ms+8ms, total 86ms
D/Tethering(  303): MasterInitialState.processMessage what=3
I/GTalkService/c(  525): [AndroidEndpoint@1101679528] connect: acct=1000000, state=CONNECTING
D/Tethering(  303): MasterInitialState.processMessage what=3
D/PicasaSyncManager( 1317): active network: NetworkInfo: type: WIFI[], state: CONNECTED/CONNECTED, reason: (unspecified), extra: (none), roaming: false, failover: false, isAvailable: true
D/PicasaSyncManager( 1317): background data: true
D/PicasaUploaderSyncManager( 3977): active network: NetworkInfo: type: WIFI[], state: CONNECTED/CONNECTED, reason: (unspecified), extra: (none), roaming: false, failover: false, isAvailable: true
D/PicasaUploaderSyncManager( 3977): background data: true
D/dalvikvm(  525): GC_CONCURRENT freed 343K, 6% free 11982K/12615K, paused 14ms+15ms, total 63ms
D/PicasaSyncManager( 1317): active network: NetworkInfo: type: WIFI[], state: CONNECTED/CONNECTED, reason: (unspecified), extra: (none), roaming: false, failover: false, isAvailable: true
D/PicasaSyncManager( 1317): background data: true
D/PicasaUploaderSyncManager( 3977): active network: NetworkInfo: type: WIFI[], state: CONNECTED/CONNECTED, reason: (unspecified), extra: (none), roaming: false, failover: false, isAvailable: true
D/PicasaUploaderSyncManager( 3977): background data: true
D/ConnectivityService(  303): handleInetConditionHoldEnd: net=1, condition=100, published condition=0
I/wpa_supplicant( 1939): wlan0: CTRL-EVENT-DISCONNECTED bssid=6c:f3:7f:a6:5a:81 reason=0
D/CommandListener(  125): Clearing all IP addresses on wlan0
D/ConnectivityService(  303): ConnectivityChange for WIFI: DISCONNECTED/DISCONNECTED
D/ConnectivityService(  303): Attempting to switch to mobile
D/ConnectivityService(  303): Attempting to switch to BLUETOOTH_TETHER
D/ConnectivityService(  303): Attempting to switch to ETHERNET
D/NetUtils(  303): android_net_utils_resetConnections in env=0x40e11f58 clazz=0x51400001 iface=wlan0 mask=0x3
D/ConnectivityService(  303): resetConnections(wlan0, 3)
D/ConnectivityService(  303): ConnectivityChange for WIFI: DISCONNECTED/DISCONNECTED
D/NetUtils(  303): android_net_utils_resetConnections in env=0x40e11f58 clazz=0x53d00001 iface=wlan0 mask=0x3
D/ConnectivityService(  303): Attempting to switch to mobile
D/ConnectivityService(  303): Attempting to switch to BLUETOOTH_TETHER
D/ConnectivityService(  303): Attempting to switch to ETHERNET
D/ConnectivityService(  303): resetConnections(wlan0, 3)
W/Smack/Packet(  525): notify conn break (IOEx), close connection
I/qtaguid (  525): Failed write_ctrl(u 70) res=-1 errno=22
I/qtaguid (  525): Untagging socket 70 failed errno=-22
W/NetworkManagementSocketTagger(  525): untagSocket(70) failed with errno -22
D/ConnectivityService(  303): handleInetConditionChange: no active default network - ignore
I/wpa_supplicant( 1939): wlan0: Trying to associate with 6c:f3:7f:a6:70:41 (SSID='puwireless' freq=2437 MHz)
I/wpa_supplicant( 1939): wlan0: Associated with 6c:f3:7f:a6:70:41
I/wpa_supplicant( 1939): wlan0: CTRL-EVENT-CONNECTED - Connection to 6c:f3:7f:a6:70:41 completed (reauth) [id=1 id_str=]
D/ConnectivityService(  303): ConnectivityChange for WIFI: CONNECTED/CONNECTED
D/ConnectivityService(  303): ConnectivityChange for WIFI: CONNECTED/CONNECTED
D/ConnectivityService(  303): handleConnectivityChange: address are the same reset per doReset linkProperty[1]: resetMask=0
D/ConnectivityService(  303): NetTransition Wakelock for WifiStateMachine released by timeout
D/Tethering(  303): MasterInitialState.processMessage what=3
I/GTalkService/c(  525): [AndroidEndpoint@1101679528] connect: acct=1000000, state=CONNECTING
D/Tethering(  303): MasterInitialState.processMessage what=3
D/dalvikvm(  303): WAIT_FOR_CONCURRENT_GC blocked 0ms
D/PicasaSyncManager( 1317): active network: NetworkInfo: type: WIFI[], state: CONNECTED/CONNECTED, reason: (unspecified), extra: (none), roaming: false, failover: false, isAvailable: true
D/PicasaSyncManager( 1317): background data: true
D/dalvikvm(  303): GC_EXPLICIT freed 975K, 15% free 20008K/23495K, paused 6ms+7ms, total 86ms
D/PicasaUploaderSyncManager( 3977): active network: NetworkInfo: type: WIFI[], state: CONNECTED/CONNECTED, reason: (unspecified), extra: (none), roaming: false, failover: false, isAvailable: true
D/PicasaUploaderSyncManager( 3977): background data: true
D/PicasaSyncManager( 1317): active network: NetworkInfo: type: WIFI[], state: CONNECTED/CONNECTED, reason: (unspecified), extra: (none), roaming: false, failover: false, isAvailable: true
D/PicasaSyncManager( 1317): background data: true
D/dalvikvm(  525): GC_CONCURRENT freed 358K, 5% free 12035K/12615K, paused 13ms+4ms, total 51ms
D/PicasaUploaderSyncManager( 3977): active network: NetworkInfo: type: WIFI[], state: CONNECTED/CONNECTED, reason: (unspecified), extra: (none), roaming: false, failover: false, isAvailable: true
D/PicasaUploaderSyncManager( 3977): background data: true
D/ConnectivityService(  303): handleInetConditionHoldEnd: net=1, condition=100, published condition=0
D/Tethering(  303): MasterInitialState.processMessage what=3
D/Tethering(  303): MasterInitialState.processMessage what=3
D/PicasaSyncManager( 1317): active network: NetworkInfo: type: WIFI[], state: CONNECTED/CONNECTED, reason: (unspecified), extra: (none), roaming: false, failover: false, isAvailable: true
D/PicasaSyncManager( 1317): background data: true
D/PicasaUploaderSyncManager( 3977): active network: NetworkInfo: type: WIFI[], state: CONNECTED/CONNECTED, reason: (unspecified), extra: (none), roaming: false, failover: false, isAvailable: true
D/PicasaUploaderSyncManager( 3977): background data: true
D/PicasaSyncManager( 1317): active network: NetworkInfo: type: WIFI[], state: CONNECTED/CONNECTED, reason: (unspecified), extra: (none), roaming: false, failover: false, isAvailable: true
D/PicasaSyncManager( 1317): background data: true
D/PicasaUploaderSyncManager( 3977): active network: NetworkInfo: type: WIFI[], state: CONNECTED/CONNECTED, reason: (unspecified), extra: (none), roaming: false, failover: false, isAvailable: true
